
> adonisjs-foundry@0.0.0 test
> node ace test

c[ info ] loading hooks...
[ info ] generating indexes...
[ info ] codegen: created 6 file(s)
[ info ] booting application to run tests...

unit / File model — resolveAlt() (tests/unit/models/file.spec.ts)
  ✔ returns altOverride when provided, ignoring key (2.93ms)
  ✔ empty string altOverride is falsy and falls through to named alt lookup (0.52ms)
  ✔ returns the named alt value for matching locale and key (0.31ms)
  ✔ does not confuse two different keys for the same locale (0.31ms)
  ✔ returns empty string when key is null and no override (0.29ms)
  ✔ returns empty string when no alt matches the locale (0.23ms)
  ✔ returns empty string when no alt matches the key (0.25ms)
  ✔ returns empty string when alts array is empty (0.22ms)
  ✔ null altOverride falls through to named alt lookup (0.39ms)

unit / PageTranslation model — saveRevision() (tests/unit/models/page_translation.spec.ts)
  ✔ creates a snapshot of the current content (7.12ms)
  ✔ calls purgeOld with keepCount = 10 by default (2.26ms)
  ✔ calls purgeOld with custom keepCount when provided (2.17ms)
  ✔ passes the provided userId as createdBy (2.17ms)

unit / Page model — translationFor() (tests/unit/models/page.spec.ts)
  ✔ returns the translation matching the requested locale (0.55ms)
  ✔ falls back to defaultLocale when requested locale is not available (0.26ms)
  ✔ returns undefined when no translations exist at all (0.26ms)
  ✔ returns undefined when neither requested locale nor default locale exist (0.18ms)
  ✔ returns the exact match when requested locale equals defaultLocale (0.62ms)
  ✔ prefers exact locale match over defaultLocale fallback (0.45ms)

unit / FileFolderService (tests/unit/services/file/file_folder_service.spec.ts)
  ✔ listRoots() delegates to repository (2.33ms)
  ✔ listChildren() delegates to repository with correct parentId (1.72ms)
  ✔ create() passes name without parentId by default (1.24ms)
  ✔ create() passes parentId when provided (1.86ms)
  ✔ rename() updates the folder name (1.51ms)
  ✔ rename() throws E_ROW_NOT_FOUND when folder does not exist (0.92ms)
  ✔ delete() delegates to repository (1.07ms)

unit / FileService (tests/unit/services/file/file_service.spec.ts)
  ✔ list() delegates to repository with filters and pagination (4.86ms)
  ✔ detail() returns the file from repository (2.79ms)
  ✔ detail() propagates exception when file not found (2.52ms)
  ✔ upload() throws E_FILE_TOO_LARGE when file exceeds limit (2.85ms)
  ✔ upload() throws E_INVALID_EXTENSION for disallowed extensions (2.93ms)
  ✔ upload() calls storageService.upload() with prefixed path (83.8ms)
  ✔ upload() persists file record with correct fields (33.22ms)
  ✔ upload() cleans up temp file after successful upload (19.26ms)
  ✔ upload() logs file.uploaded business event (9.42ms)
  ✔ move() updates only folderId without touching the physical file (3.22ms)
  ✔ move() accepts null to move file to root (2.67ms)
  ✔ delete() propagates exception when file not found (2.07ms)
  ✔ delete() logs file.deleted business event (2.3ms)
  ✔ upsertAlt() verifies file existence before delegating (2.24ms)
  ✔ upsertAlt() throws if file does not exist (2.05ms)
  ✔ deleteAlt() delegates to repository (2.04ms)
  ✔ listAlts() verifies file existence before delegating (2.94ms)

unit / StorageService (tests/unit/services/file/storage_service.spec.ts)
  ✔ disk() returns value from CMS_STORAGE_DISK env (2.17ms)
  ✔ disk() falls back to local when CMS_STORAGE_DISK is unset (1.86ms)
  ✔ buildPath() prepends cms/ prefix (1.42ms)
  ✔ buildPath() works with nested paths (1.37ms)
  ✔ upload() calls drive.use(disk).put() with correct arguments (1.86ms)
  ✔ upload() defaults visibility to public (1.45ms)
  ✔ upload() passes provided visibility option (2.89ms)
  ✔ delete() calls drive.use(disk).delete() with correct path (2.59ms)
  ✔ delete() does not throw when file does not exist (2.39ms)
  ✔ url() returns the URL from the driver (2.16ms)
  ✔ exists() returns true when driver reports file exists (2.28ms)
  ✔ exists() returns false when driver reports file is missing (2.3ms)

unit / PageResolverService (tests/unit/services/page/page_resolver_service.spec.ts)
  ✔ returns empty blocks array for empty content (2.34ms)
  ✔ passes title blocks through unchanged (1.32ms)
  ✔ passes separator blocks through unchanged (1.02ms)
  ✔ resolves FileRef in hero block to ResolvedFile (4.14ms)
  ✔ resolves hero image alt using altOverride when truthy (2.32ms)
  ✔ sets hero image to null when FileRef points to a missing file (2.91ms)
  ✔ sets hero image to null when props.image is null (1.07ms)
  ✔ resolves FileRef in image block to ResolvedFile (2.7ms)
  ✔ sets image file to null when props.file is null (0.92ms)
  ✔ loads all file IDs in a single DB query (2.71ms)
  ✔ deduplicates file IDs when the same file appears in multiple blocks (2.54ms)
  ✔ resolves FileRef inside nested blocks (section > image) (4.78ms)
  ✔ does not mutate the original content object (3.58ms)
  ✔ preserves block id and type in resolved output (0.97ms)
  ✔ preserves children array structure in resolved output (1.54ms)

unit / PageService — sanitization wiring (tests/unit/services/page/page_service_sanitize.spec.ts)
  ✖ create() strips <script> from rich_text before persisting (4.31ms)
  ✖ create() sanitises rich_text nested inside a section (3.24ms)
  ✔ create() uses empty blocks when no content provided (2.77ms)
  ✖ update() strips <script> from rich_text before persisting (3ms)
  ✔ update() does not include content key when not provided (2.61ms)
  ✖ createTranslation() strips <script> from seeded content (4.44ms)
  ✔ createTranslation() persists empty blocks when no seed locale (2.43ms)

unit / PageService (tests/unit/services/page/page_service.spec.ts)
  ✔ list() delegates to repository with correct filters (2.13ms)
  ✔ detail() returns the page (2.13ms)
  ✔ findBySlug() returns null when not found (1.48ms)
  ✔ create() throws E_SLUG_EXISTS when slug is taken (2.56ms)
  ✔ create() creates page and initial translation (2.26ms)
  ✔ create() logs page.created event (1.86ms)
  ✔ update() throws E_ROW_NOT_FOUND when translation locale not found (1.93ms)
  ✔ update() throws E_SLUG_EXISTS when new slug is already taken (2.24ms)
  ✔ update() calls saveRevision before modifying the translation (2.97ms)
  ✔ update() updates metaImageId on the page when provided (3.2ms)
  ✔ update() logs page.updated event (2.05ms)
  ✔ publish() throws E_ROW_NOT_FOUND when translation not found (1.75ms)
  ✔ publish() sets status to published (2.12ms)
  ✔ unpublish() sets status back to draft (3.16ms)
  ✔ delete() delegates to repository (2.25ms)
  ✔ createTranslation() throws E_SLUG_EXISTS when slug is taken (1.64ms)
  ✔ createTranslation() deep-copies content from seedFromLocale (2.5ms)
  ✔ createTranslation() initialises with empty blocks when no seed locale (1.79ms)
  ✔ restoreRevision() saves revision of current state before restoring (4.58ms)
  ✔ restoreRevision() logs page.revision.restored event (3.32ms)
  ✔ listRevisions() delegates to revision repository (1.79ms)
  ✔ toggleRevisionKeep() delegates to revision repository (1.59ms)

unit / sanitizePageContent (tests/unit/services/page/sanitize_content.spec.ts)
  ✔ returns a new object — does not mutate the input (0.3ms)
  ✔ strips <script> tags from rich_text content (18.78ms)
  ✔ strips inline event handlers (onclick, onerror, onload) (8.51ms)
  ✔ strips <iframe> tags (3.7ms)
  ✔ strips <style> tags (6.11ms)
  ✔ strips javascript: href from anchor tags (2.96ms)
  ✔ preserves safe paragraph and formatting tags (2.82ms)
  ✔ preserves safe anchor tags with href and target (2.47ms)
  ✔ preserves lists (ul, ol, li) (4.58ms)
  ✔ preserves headings (h1–h4) (3.5ms)
  ✔ preserves blockquote and code tags (4.12ms)
  ✔ does not modify non-rich_text blocks (0.27ms)
  ✔ handles empty blocks array (0.17ms)
  ✔ sanitises rich_text blocks nested inside a section (2.01ms)
  ✔ sanitises deeply nested rich_text blocks (2.13ms)
  ✔ processes multiple rich_text blocks in the same array (5.52ms)

unit / TemplateService (tests/unit/services/template/template_service.spec.ts)
  ✔ list() delegates to repository with filters (1.59ms)
  ✔ detail() returns the template (1.29ms)
  ✔ create() persists template with userId as createdBy (1.09ms)
  ✔ create() logs template.created event (0.88ms)
  ✔ update() throws when template not found (1.07ms)
  ✔ update() passes only provided fields to repository (0.85ms)
  ✔ delete() delegates to repository and logs event (1ms)
  ✔ applyToPage() throws when template type is block (1.09ms)
  ✔ applyToPage() throws E_ROW_NOT_FOUND when translation not found (0.89ms)
  ✔ applyToPage() saves revision before replacing content (2.16ms)
  ✔ applyToPage() replaces translation content with template content (2.04ms)
  ✔ createFromPage() throws when translation not found (1.07ms)
  ✔ createFromPage() creates template with translation content (1.42ms)

unit / Contact validator (tests/unit/validators/contact_validator.spec.ts)
  ✔ accepts a fully valid payload (3.42ms)
  ✔ accepts an empty fields array (1.16ms)
  ✔ rejects missing pageId (0.98ms)
  ✔ rejects non-positive pageId (0.87ms)
  ✔ rejects missing locale (0.42ms)
  ✔ trims locale whitespace (0.2ms)
  ✔ rejects locale longer than 10 characters (0.37ms)
  ✔ rejects missing recipientEmail (0.3ms)
  ✔ rejects an invalid email address (0.45ms)
  ✔ rejects email longer than 254 characters (1.17ms)
  ✔ trims recipientEmail whitespace (0.43ms)
  ✔ rejects missing fields array (0.57ms)
  ✔ rejects a field missing name (0.75ms)
  ✔ rejects a field missing value (0.45ms)
  ✔ rejects a field value exceeding 2000 characters (0.34ms)
  ✔ trims field name and value (0.25ms)
  ✔ accepts multiple fields (0.36ms)

unit / File validators (tests/unit/validators/file_validator.spec.ts)
  ✔ listFileValidator accepts empty payload (0.44ms)
  ✔ listFileValidator accepts folder_id as null (0.32ms)
  ✔ listFileValidator accepts folder_id as a positive number (0.2ms)
  ✔ listFileValidator rejects negative folder_id (0.36ms)
  ✔ showFileValidator requires positive id (0.58ms)
  ✔ showFileValidator accepts valid id (9.04ms)
  ✔ moveFileValidator accepts folder_id as null (move to root) (0.57ms)
  ✔ moveFileValidator accepts empty payload (0.55ms)
  ✔ upsertAltValidator requires locale, key, and value (1.21ms)
  ✔ upsertAltValidator trims all fields (0.27ms)
  ✔ upsertAltValidator rejects key longer than 100 chars (0.47ms)
  ✔ upsertAltValidator rejects value longer than 500 chars (0.48ms)
  ✔ deleteAltValidator requires locale and key (0.49ms)
  ✔ deleteAltValidator accepts valid payload (0.2ms)
  ✔ createFolderValidator requires name (0.41ms)
  ✔ createFolderValidator accepts name without parentId (0.17ms)
  ✔ createFolderValidator accepts parentId as null (0.21ms)
  ✔ createFolderValidator accepts positive parentId (0.21ms)
  ✔ createFolderValidator trims name (0.16ms)
  ✔ updateFolderValidator requires id and name (0.49ms)
  ✔ updateFolderValidator accepts valid payload (0.2ms)

unit / Page validators (tests/unit/validators/page_validator.spec.ts)
  ✔ listPageValidator accepts all optional fields empty (0.25ms)
  ✔ listPageValidator accepts valid status values (0.35ms)
  ✔ listPageValidator rejects unknown status (0.44ms)
  ✔ showPageValidator accepts positive id (0.19ms)
  ✔ showPageValidator rejects non-positive id (0.4ms)
  ✔ showPageValidator rejects missing id (0.22ms)
  ✔ createPageValidator accepts valid payload (0.45ms)
  ✔ createPageValidator lowercases slug before regex validation (0.36ms)
  ✔ createPageValidator rejects slug with spaces (0.44ms)
  ✔ createPageValidator rejects slug with forward slash (0.31ms)
  ✔ createPageValidator accepts slug with hyphens and numbers (0.2ms)
  ✔ createPageValidator accepts optional metaImageId as null (0.2ms)
  ✔ updatePageValidator requires locale (0.36ms)
  ✔ updatePageValidator accepts partial payload (0.24ms)
  ✔ updatePageValidator trims and lowercases slug (0.26ms)
  ✔ publishPageValidator requires locale (0.31ms)
  ✔ publishPageValidator accepts valid locale (0.17ms)
  ✔ createTranslationValidator accepts optional seedFromLocale (0.28ms)
  ✔ createTranslationValidator rejects locale longer than 10 chars (0.74ms)
  ✔ revisionValidator requires both positive IDs (1.16ms)
  ✔ revisionValidator accepts valid IDs (0.28ms)

unit / Template validators (tests/unit/validators/template_validator.spec.ts)
  ✔ listTemplateValidator accepts empty payload (0.54ms)
  ✔ listTemplateValidator accepts valid type values (0.45ms)
  ✔ listTemplateValidator rejects unknown type (0.35ms)
  ✔ showTemplateValidator requires positive id (0.32ms)
  ✔ showTemplateValidator accepts valid id (0.2ms)
  ✔ createTemplateValidator requires name, type, and content (0.75ms)
  ✔ createTemplateValidator accepts full valid payload (0.26ms)
  ✔ createTemplateValidator accepts block type with blockType field (0.24ms)
  ✔ createTemplateValidator accepts description as null (0.25ms)
  ✔ createTemplateValidator trims name (0.21ms)
  ✔ updateTemplateValidator accepts empty payload (0.26ms)
  ✔ updateTemplateValidator accepts partial update (0.15ms)
  ✔ applyTemplateValidator requires pageId and locale (0.61ms)
  ✔ applyTemplateValidator accepts valid payload (0.25ms)
  ✔ applyTemplateValidator rejects non-positive pageId (0.25ms)
  ✔ createFromPageValidator requires name, pageId, and locale (0.64ms)
  ✔ createFromPageValidator accepts valid payload (0.21ms)
(!) Failed to run dependency scan. Skipping dependency pre-bundling. Error:   Failed to scan for dependencies from entries:
  /mnt/data/Developpement/adonisjs-foundry/inertia/app.tsx

  [31m✘ [41;31m[[41;97mERROR[41;31m][0m [1mThe server is being restarted or closed. Request is outdated[0m [1m[35m[plugin vite:dep-scan][0m

    inertia/app.tsx:8:17:
[37m      8 │ import i18n from [32m"~/lib/i18n"[37m;
        ╵                  [32m~~~~~~~~~~~~[0m

  This error came from the "onLoad" callback registered here:

    node_modules/esbuild/lib/main.js:1141:20:
[37m      1141 │       let promise = [32m[37msetup({
           ╵                     [32m^[0m

    at setup (file:///mnt/data/Developpement/adonisjs-foundry/node_modules/vite/dist/node/chunks/config.js:31668:12)
    at handlePlugins (/mnt/data/Developpement/adonisjs-foundry/node_modules/esbuild/lib/main.js:1141:21)
    at buildOrContextImpl (/mnt/data/Developpement/adonisjs-foundry/node_modules/esbuild/lib/main.js:854:5)
    at Object.buildOrContext (/mnt/data/Developpement/adonisjs-foundry/node_modules/esbuild/lib/main.js:680:5)
    at /mnt/data/Developpement/adonisjs-foundry/node_modules/esbuild/lib/main.js:2035:68
    at new Promise (<anonymous>)
    at Object.context (/mnt/data/Developpement/adonisjs-foundry/node_modules/esbuild/lib/main.js:2035:27)
    at Object.context (/mnt/data/Developpement/adonisjs-foundry/node_modules/esbuild/lib/main.js:1877:58)
    at prepareEsbuildScanner (file:///mnt/data/Developpement/adonisjs-foundry/node_modules/vite/dist/node/chunks/config.js:31454:23)


[31m✘ [41;31m[[41;97mERROR[41;31m][0m [1mThe server is being restarted or closed. Request is outdated[0m [1m[35m[plugin vite:dep-scan][0m

    node_modules/esbuild/lib/main.js:1217:27:
[37m      1217 │         let result = await [32m[37mcallback({
           ╵                            [32m^[0m

    at throwClosedServerError (file:///mnt/data/Developpement/adonisjs-foundry/node_modules/vite/dist/node/chunks/config.js:28559:32)
    at EnvironmentPluginContainer.resolveId (file:///mnt/data/Developpement/adonisjs-foundry/node_modules/vite/dist/node/chunks/config.js:28691:65)
    at resolveId (file:///mnt/data/Developpement/adonisjs-foundry/node_modules/vite/dist/node/chunks/config.js:31500:38)
    at resolve$4 (file:///mnt/data/Developpement/adonisjs-foundry/node_modules/vite/dist/node/chunks/config.js:31505:22)
    at file:///mnt/data/Developpement/adonisjs-foundry/node_modules/vite/dist/node/chunks/config.js:31658:28
    at requestCallbacks.on-resolve (/mnt/data/Developpement/adonisjs-foundry/node_modules/esbuild/lib/main.js:1217:28)
    at handleRequest (/mnt/data/Developpement/adonisjs-foundry/node_modules/esbuild/lib/main.js:628:17)
    at handleIncomingPacket (/mnt/data/Developpement/adonisjs-foundry/node_modules/esbuild/lib/main.js:653:7)
    at Socket.readFromStdout (/mnt/data/Developpement/adonisjs-foundry/node_modules/esbuild/lib/main.js:581:7)
    at Socket.emit (node:events:508:20)

  This error came from the "onResolve" callback registered here:

    node_modules/esbuild/lib/main.js:1141:20:
[37m      1141 │       let promise = [32m[37msetup({
           ╵                     [32m^[0m

    at setup (file:///mnt/data/Developpement/adonisjs-foundry/node_modules/vite/dist/node/chunks/config.js:31657:12)
    at handlePlugins (/mnt/data/Developpement/adonisjs-foundry/node_modules/esbuild/lib/main.js:1141:21)
    at buildOrContextImpl (/mnt/data/Developpement/adonisjs-foundry/node_modules/esbuild/lib/main.js:854:5)
    at Object.buildOrContext (/mnt/data/Developpement/adonisjs-foundry/node_modules/esbuild/lib/main.js:680:5)
    at /mnt/data/Developpement/adonisjs-foundry/node_modules/esbuild/lib/main.js:2035:68
    at new Promise (<anonymous>)
    at Object.context (/mnt/data/Developpement/adonisjs-foundry/node_modules/esbuild/lib/main.js:2035:27)
    at Object.context (/mnt/data/Developpement/adonisjs-foundry/node_modules/esbuild/lib/main.js:1877:58)
    at prepareEsbuildScanner (file:///mnt/data/Developpement/adonisjs-foundry/node_modules/vite/dist/node/chunks/config.js:31454:23)

  The plugin "vite:dep-scan" was triggered by this import

    inertia/pages/settings/profile/front/index.tsx:1:31:
[37m      1 │ ...rt { SettingsLayout } from [32m'~/components/organisms/settings_layout'[37m
        ╵                               [32m~~~~~~~~~~~~~~~~~~~~~~~~~~~~~~~~~~~~~~~~[0m


[31m✘ [41;31m[[41;97mERROR[41;31m][0m [1mThe server is being restarted or closed. Request is outdated[0m [1m[35m[plugin vite:dep-scan][0m

    node_modules/esbuild/lib/main.js:1217:27:
[37m      1217 │         let result = await [32m[37mcallback({
           ╵                            [32m^[0m

    at throwClosedServerError (file:///mnt/data/Developpement/adonisjs-foundry/node_modules/vite/dist/node/chunks/config.js:28559:32)
    at EnvironmentPluginContainer.resolveId (file:///mnt/data/Developpement/adonisjs-foundry/node_modules/vite/dist/node/chunks/config.js:28691:65)
    at resolveId (file:///mnt/data/Developpement/adonisjs-foundry/node_modules/vite/dist/node/chunks/config.js:31500:38)
    at resolve$4 (file:///mnt/data/Developpement/adonisjs-foundry/node_modules/vite/dist/node/chunks/config.js:31505:22)
    at file:///mnt/data/Developpement/adonisjs-foundry/node_modules/vite/dist/node/chunks/config.js:31658:28
    at requestCallbacks.on-resolve (/mnt/data/Developpement/adonisjs-foundry/node_modules/esbuild/lib/main.js:1217:28)
    at handleRequest (/mnt/data/Developpement/adonisjs-foundry/node_modules/esbuild/lib/main.js:628:17)
    at handleIncomingPacket (/mnt/data/Developpement/adonisjs-foundry/node_modules/esbuild/lib/main.js:653:7)
    at Socket.readFromStdout (/mnt/data/Developpement/adonisjs-foundry/node_modules/esbuild/lib/main.js:581:7)
    at Socket.emit (node:events:508:20)

  This error came from the "onResolve" callback registered here:

    node_modules/esbuild/lib/main.js:1141:20:
[37m      1141 │       let promise = [32m[37msetup({
           ╵                     [32m^[0m

    at setup (file:///mnt/data/Developpement/adonisjs-foundry/node_modules/vite/dist/node/chunks/config.js:31657:12)
    at handlePlugins (/mnt/data/Developpement/adonisjs-foundry/node_modules/esbuild/lib/main.js:1141:21)
    at buildOrContextImpl (/mnt/data/Developpement/adonisjs-foundry/node_modules/esbuild/lib/main.js:854:5)
    at Object.buildOrContext (/mnt/data/Developpement/adonisjs-foundry/node_modules/esbuild/lib/main.js:680:5)
    at /mnt/data/Developpement/adonisjs-foundry/node_modules/esbuild/lib/main.js:2035:68
    at new Promise (<anonymous>)
    at Object.context (/mnt/data/Developpement/adonisjs-foundry/node_modules/esbuild/lib/main.js:2035:27)
    at Object.context (/mnt/data/Developpement/adonisjs-foundry/node_modules/esbuild/lib/main.js:1877:58)
    at prepareEsbuildScanner (file:///mnt/data/Developpement/adonisjs-foundry/node_modules/vite/dist/node/chunks/config.js:31454:23)

  The plugin "vite:dep-scan" was triggered by this import

    inertia/pages/core/cms/dashboard.tsx:1:24:
[37m      1 │ import { Section } from [32m'~/components/atoms/section'[37m
        ╵                         [32m~~~~~~~~~~~~~~~~~~~~~~~~~~~~[0m


[31m✘ [41;31m[[41;97mERROR[41;31m][0m [1mThe server is being restarted or closed. Request is outdated[0m [1m[35m[plugin vite:dep-scan][0m

    node_modules/esbuild/lib/main.js:1217:27:
[37m      1217 │         let result = await [32m[37mcallback({
           ╵                            [32m^[0m

    at throwClosedServerError (file:///mnt/data/Developpement/adonisjs-foundry/node_modules/vite/dist/node/chunks/config.js:28559:32)
    at EnvironmentPluginContainer.resolveId (file:///mnt/data/Developpement/adonisjs-foundry/node_modules/vite/dist/node/chunks/config.js:28691:65)
    at resolveId (file:///mnt/data/Developpement/adonisjs-foundry/node_modules/vite/dist/node/chunks/config.js:31500:38)
    at resolve$4 (file:///mnt/data/Developpement/adonisjs-foundry/node_modules/vite/dist/node/chunks/config.js:31505:22)
    at file:///mnt/data/Developpement/adonisjs-foundry/node_modules/vite/dist/node/chunks/config.js:31630:28
    at requestCallbacks.on-resolve (/mnt/data/Developpement/adonisjs-foundry/node_modules/esbuild/lib/main.js:1217:28)
    at handleRequest (/mnt/data/Developpement/adonisjs-foundry/node_modules/esbuild/lib/main.js:628:17)
    at handleIncomingPacket (/mnt/data/Developpement/adonisjs-foundry/node_modules/esbuild/lib/main.js:653:7)
    at Socket.readFromStdout (/mnt/data/Developpement/adonisjs-foundry/node_modules/esbuild/lib/main.js:581:7)
    at Socket.emit (node:events:508:20)

  This error came from the "onResolve" callback registered here:

    node_modules/esbuild/lib/main.js:1141:20:
[37m      1141 │       let promise = [32m[37msetup({
           ╵                     [32m^[0m

    at setup (file:///mnt/data/Developpement/adonisjs-foundry/node_modules/vite/dist/node/chunks/config.js:31627:12)
    at handlePlugins (/mnt/data/Developpement/adonisjs-foundry/node_modules/esbuild/lib/main.js:1141:21)
    at buildOrContextImpl (/mnt/data/Developpement/adonisjs-foundry/node_modules/esbuild/lib/main.js:854:5)
    at Object.buildOrContext (/mnt/data/Developpement/adonisjs-foundry/node_modules/esbuild/lib/main.js:680:5)
    at /mnt/data/Developpement/adonisjs-foundry/node_modules/esbuild/lib/main.js:2035:68
    at new Promise (<anonymous>)
    at Object.context (/mnt/data/Developpement/adonisjs-foundry/node_modules/esbuild/lib/main.js:2035:27)
    at Object.context (/mnt/data/Developpement/adonisjs-foundry/node_modules/esbuild/lib/main.js:1877:58)
    at prepareEsbuildScanner (file:///mnt/data/Developpement/adonisjs-foundry/node_modules/vite/dist/node/chunks/config.js:31454:23)

  The plugin "vite:dep-scan" was triggered by this import

    inertia/layouts/default.tsx:1:40:
[37m      1 │ import { ReactElement, useEffect } from [32m'react'[37m
        ╵                                         [32m~~~~~~~[0m


[31m✘ [41;31m[[41;97mERROR[41;31m][0m [1mThe server is being restarted or closed. Request is outdated[0m [1m[35m[plugin vite:dep-scan][0m

    node_modules/esbuild/lib/main.js:1217:27:
[37m      1217 │         let result = await [32m[37mcallback({
           ╵                            [32m^[0m

    at throwClosedServerError (file:///mnt/data/Developpement/adonisjs-foundry/node_modules/vite/dist/node/chunks/config.js:28559:32)
    at EnvironmentPluginContainer.resolveId (file:///mnt/data/Developpement/adonisjs-foundry/node_modules/vite/dist/node/chunks/config.js:28691:65)
    at resolveId (file:///mnt/data/Developpement/adonisjs-foundry/node_modules/vite/dist/node/chunks/config.js:31500:38)
    at resolve$4 (file:///mnt/data/Developpement/adonisjs-foundry/node_modules/vite/dist/node/chunks/config.js:31505:22)
    at file:///mnt/data/Developpement/adonisjs-foundry/node_modules/vite/dist/node/chunks/config.js:31658:28
    at requestCallbacks.on-resolve (/mnt/data/Developpement/adonisjs-foundry/node_modules/esbuild/lib/main.js:1217:28)
    at handleRequest (/mnt/data/Developpement/adonisjs-foundry/node_modules/esbuild/lib/main.js:628:17)
    at handleIncomingPacket (/mnt/data/Developpement/adonisjs-foundry/node_modules/esbuild/lib/main.js:653:7)
    at Socket.readFromStdout (/mnt/data/Developpement/adonisjs-foundry/node_modules/esbuild/lib/main.js:581:7)
    at Socket.emit (node:events:508:20)

  This error came from the "onResolve" callback registered here:

    node_modules/esbuild/lib/main.js:1141:20:
[37m      1141 │       let promise = [32m[37msetup({
           ╵                     [32m^[0m

    at setup (file:///mnt/data/Developpement/adonisjs-foundry/node_modules/vite/dist/node/chunks/config.js:31657:12)
    at handlePlugins (/mnt/data/Developpement/adonisjs-foundry/node_modules/esbuild/lib/main.js:1141:21)
    at buildOrContextImpl (/mnt/data/Developpement/adonisjs-foundry/node_modules/esbuild/lib/main.js:854:5)
    at Object.buildOrContext (/mnt/data/Developpement/adonisjs-foundry/node_modules/esbuild/lib/main.js:680:5)
    at /mnt/data/Developpement/adonisjs-foundry/node_modules/esbuild/lib/main.js:2035:68
    at new Promise (<anonymous>)
    at Object.context (/mnt/data/Developpement/adonisjs-foundry/node_modules/esbuild/lib/main.js:2035:27)
    at Object.context (/mnt/data/Developpement/adonisjs-foundry/node_modules/esbuild/lib/main.js:1877:58)
    at prepareEsbuildScanner (file:///mnt/data/Developpement/adonisjs-foundry/node_modules/vite/dist/node/chunks/config.js:31454:23)

  The plugin "vite:dep-scan" was triggered by this import

    inertia/pages/settings/preferences/front/index.tsx:1:31:
[37m      1 │ ...rt { SettingsLayout } from [32m'~/components/organisms/settings_layout'[37m
        ╵                               [32m~~~~~~~~~~~~~~~~~~~~~~~~~~~~~~~~~~~~~~~~[0m


[31m✘ [41;31m[[41;97mERROR[41;31m][0m [1mThe server is being restarted or closed. Request is outdated[0m [1m[35m[plugin vite:dep-scan][0m

    node_modules/esbuild/lib/main.js:1217:27:
[37m      1217 │         let result = await [32m[37mcallback({
           ╵                            [32m^[0m

    at throwClosedServerError (file:///mnt/data/Developpement/adonisjs-foundry/node_modules/vite/dist/node/chunks/config.js:28559:32)
    at EnvironmentPluginContainer.resolveId (file:///mnt/data/Developpement/adonisjs-foundry/node_modules/vite/dist/node/chunks/config.js:28691:65)
    at resolveId (file:///mnt/data/Developpement/adonisjs-foundry/node_modules/vite/dist/node/chunks/config.js:31500:38)
    at resolve$4 (file:///mnt/data/Developpement/adonisjs-foundry/node_modules/vite/dist/node/chunks/config.js:31505:22)
    at file:///mnt/data/Developpement/adonisjs-foundry/node_modules/vite/dist/node/chunks/config.js:31630:28
    at requestCallbacks.on-resolve (/mnt/data/Developpement/adonisjs-foundry/node_modules/esbuild/lib/main.js:1217:28)
    at handleRequest (/mnt/data/Developpement/adonisjs-foundry/node_modules/esbuild/lib/main.js:628:17)
    at handleIncomingPacket (/mnt/data/Developpement/adonisjs-foundry/node_modules/esbuild/lib/main.js:653:7)
    at Socket.readFromStdout (/mnt/data/Developpement/adonisjs-foundry/node_modules/esbuild/lib/main.js:581:7)
    at Socket.emit (node:events:508:20)

  This error came from the "onResolve" callback registered here:

    node_modules/esbuild/lib/main.js:1141:20:
[37m      1141 │       let promise = [32m[37msetup({
           ╵                     [32m^[0m

    at setup (file:///mnt/data/Developpement/adonisjs-foundry/node_modules/vite/dist/node/chunks/config.js:31627:12)
    at handlePlugins (/mnt/data/Developpement/adonisjs-foundry/node_modules/esbuild/lib/main.js:1141:21)
    at buildOrContextImpl (/mnt/data/Developpement/adonisjs-foundry/node_modules/esbuild/lib/main.js:854:5)
    at Object.buildOrContext (/mnt/data/Developpement/adonisjs-foundry/node_modules/esbuild/lib/main.js:680:5)
    at /mnt/data/Developpement/adonisjs-foundry/node_modules/esbuild/lib/main.js:2035:68
    at new Promise (<anonymous>)
    at Object.context (/mnt/data/Developpement/adonisjs-foundry/node_modules/esbuild/lib/main.js:2035:27)
    at Object.context (/mnt/data/Developpement/adonisjs-foundry/node_modules/esbuild/lib/main.js:1877:58)
    at prepareEsbuildScanner (file:///mnt/data/Developpement/adonisjs-foundry/node_modules/vite/dist/node/chunks/config.js:31454:23)

  The plugin "vite:dep-scan" was triggered by this import

    inertia/pages/auth/front/login.tsx:2:31:
[37m      2 │ import { useTranslation } from [32m'react-i18next'[37m
        ╵                                [32m~~~~~~~~~~~~~~~[0m


[31m✘ [41;31m[[41;97mERROR[41;31m][0m [1mThe server is being restarted or closed. Request is outdated[0m [1m[35m[plugin vite:dep-scan][0m

    node_modules/esbuild/lib/main.js:1217:27:
[37m      1217 │         let result = await [32m[37mcallback({
           ╵                            [32m^[0m

    at throwClosedServerError (file:///mnt/data/Developpement/adonisjs-foundry/node_modules/vite/dist/node/chunks/config.js:28559:32)
    at EnvironmentPluginContainer.resolveId (file:///mnt/data/Developpement/adonisjs-foundry/node_modules/vite/dist/node/chunks/config.js:28691:65)
    at resolveId (file:///mnt/data/Developpement/adonisjs-foundry/node_modules/vite/dist/node/chunks/config.js:31500:38)
    at resolve$4 (file:///mnt/data/Developpement/adonisjs-foundry/node_modules/vite/dist/node/chunks/config.js:31505:22)
    at file:///mnt/data/Developpement/adonisjs-foundry/node_modules/vite/dist/node/chunks/config.js:31630:28
    at requestCallbacks.on-resolve (/mnt/data/Developpement/adonisjs-foundry/node_modules/esbuild/lib/main.js:1217:28)
    at handleRequest (/mnt/data/Developpement/adonisjs-foundry/node_modules/esbuild/lib/main.js:628:17)
    at handleIncomingPacket (/mnt/data/Developpement/adonisjs-foundry/node_modules/esbuild/lib/main.js:653:7)
    at Socket.readFromStdout (/mnt/data/Developpement/adonisjs-foundry/node_modules/esbuild/lib/main.js:581:7)
    at Socket.emit (node:events:508:20)

  This error came from the "onResolve" callback registered here:

    node_modules/esbuild/lib/main.js:1141:20:
[37m      1141 │       let promise = [32m[37msetup({
           ╵                     [32m^[0m

    at setup (file:///mnt/data/Developpement/adonisjs-foundry/node_modules/vite/dist/node/chunks/config.js:31627:12)
    at handlePlugins (/mnt/data/Developpement/adonisjs-foundry/node_modules/esbuild/lib/main.js:1141:21)
    at buildOrContextImpl (/mnt/data/Developpement/adonisjs-foundry/node_modules/esbuild/lib/main.js:854:5)
    at Object.buildOrContext (/mnt/data/Developpement/adonisjs-foundry/node_modules/esbuild/lib/main.js:680:5)
    at /mnt/data/Developpement/adonisjs-foundry/node_modules/esbuild/lib/main.js:2035:68
    at new Promise (<anonymous>)
    at Object.context (/mnt/data/Developpement/adonisjs-foundry/node_modules/esbuild/lib/main.js:2035:27)
    at Object.context (/mnt/data/Developpement/adonisjs-foundry/node_modules/esbuild/lib/main.js:1877:58)
    at prepareEsbuildScanner (file:///mnt/data/Developpement/adonisjs-foundry/node_modules/vite/dist/node/chunks/config.js:31454:23)

  The plugin "vite:dep-scan" was triggered by this import

    inertia/client.ts:1:25:
[37m      1 │ import { registry } from [32m'@generated/registry'[37m
        ╵                          [32m~~~~~~~~~~~~~~~~~~~~~[0m


[31m✘ [41;31m[[41;97mERROR[41;31m][0m [1mThe server is being restarted or closed. Request is outdated[0m [1m[35m[plugin vite:dep-scan][0m

    node_modules/esbuild/lib/main.js:1217:27:
[37m      1217 │         let result = await [32m[37mcallback({
           ╵                            [32m^[0m

    at throwClosedServerError (file:///mnt/data/Developpement/adonisjs-foundry/node_modules/vite/dist/node/chunks/config.js:28559:32)
    at EnvironmentPluginContainer.resolveId (file:///mnt/data/Developpement/adonisjs-foundry/node_modules/vite/dist/node/chunks/config.js:28691:65)
    at resolveId (file:///mnt/data/Developpement/adonisjs-foundry/node_modules/vite/dist/node/chunks/config.js:31500:38)
    at resolve$4 (file:///mnt/data/Developpement/adonisjs-foundry/node_modules/vite/dist/node/chunks/config.js:31505:22)
    at file:///mnt/data/Developpement/adonisjs-foundry/node_modules/vite/dist/node/chunks/config.js:31658:28
    at requestCallbacks.on-resolve (/mnt/data/Developpement/adonisjs-foundry/node_modules/esbuild/lib/main.js:1217:28)
    at handleRequest (/mnt/data/Developpement/adonisjs-foundry/node_modules/esbuild/lib/main.js:628:17)
    at handleIncomingPacket (/mnt/data/Developpement/adonisjs-foundry/node_modules/esbuild/lib/main.js:653:7)
    at Socket.readFromStdout (/mnt/data/Developpement/adonisjs-foundry/node_modules/esbuild/lib/main.js:581:7)
    at Socket.emit (node:events:508:20)

  This error came from the "onResolve" callback registered here:

    node_modules/esbuild/lib/main.js:1141:20:
[37m      1141 │       let promise = [32m[37msetup({
           ╵                     [32m^[0m

    at setup (file:///mnt/data/Developpement/adonisjs-foundry/node_modules/vite/dist/node/chunks/config.js:31657:12)
    at handlePlugins (/mnt/data/Developpement/adonisjs-foundry/node_modules/esbuild/lib/main.js:1141:21)
    at buildOrContextImpl (/mnt/data/Developpement/adonisjs-foundry/node_modules/esbuild/lib/main.js:854:5)
    at Object.buildOrContext (/mnt/data/Developpement/adonisjs-foundry/node_modules/esbuild/lib/main.js:680:5)
    at /mnt/data/Developpement/adonisjs-foundry/node_modules/esbuild/lib/main.js:2035:68
    at new Promise (<anonymous>)
    at Object.context (/mnt/data/Developpement/adonisjs-foundry/node_modules/esbuild/lib/main.js:2035:27)
    at Object.context (/mnt/data/Developpement/adonisjs-foundry/node_modules/esbuild/lib/main.js:1877:58)
    at prepareEsbuildScanner (file:///mnt/data/Developpement/adonisjs-foundry/node_modules/vite/dist/node/chunks/config.js:31454:23)

  The plugin "vite:dep-scan" was triggered by this import

    inertia/pages/settings/account/front/index.tsx:1:31:
[37m      1 │ ...rt { SettingsLayout } from [32m'~/components/organisms/settings_layout'[37m
        ╵                               [32m~~~~~~~~~~~~~~~~~~~~~~~~~~~~~~~~~~~~~~~~[0m


[31m✘ [41;31m[[41;97mERROR[41;31m][0m [1mThe server is being restarted or closed. Request is outdated[0m [1m[35m[plugin vite:dep-scan][0m

    node_modules/esbuild/lib/main.js:1217:27:
[37m      1217 │         let result = await [32m[37mcallback({
           ╵                            [32m^[0m

    at throwClosedServerError (file:///mnt/data/Developpement/adonisjs-foundry/node_modules/vite/dist/node/chunks/config.js:28559:32)
    at EnvironmentPluginContainer.resolveId (file:///mnt/data/Developpement/adonisjs-foundry/node_modules/vite/dist/node/chunks/config.js:28691:65)
    at resolveId (file:///mnt/data/Developpement/adonisjs-foundry/node_modules/vite/dist/node/chunks/config.js:31500:38)
    at resolve$4 (file:///mnt/data/Developpement/adonisjs-foundry/node_modules/vite/dist/node/chunks/config.js:31505:22)
    at file:///mnt/data/Developpement/adonisjs-foundry/node_modules/vite/dist/node/chunks/config.js:31630:28
    at requestCallbacks.on-resolve (/mnt/data/Developpement/adonisjs-foundry/node_modules/esbuild/lib/main.js:1217:28)
    at handleRequest (/mnt/data/Developpement/adonisjs-foundry/node_modules/esbuild/lib/main.js:628:17)
    at handleIncomingPacket (/mnt/data/Developpement/adonisjs-foundry/node_modules/esbuild/lib/main.js:653:7)
    at Socket.readFromStdout (/mnt/data/Developpement/adonisjs-foundry/node_modules/esbuild/lib/main.js:581:7)
    at Socket.emit (node:events:508:20)

  This error came from the "onResolve" callback registered here:

    node_modules/esbuild/lib/main.js:1141:20:
[37m      1141 │       let promise = [32m[37msetup({
           ╵                     [32m^[0m

    at setup (file:///mnt/data/Developpement/adonisjs-foundry/node_modules/vite/dist/node/chunks/config.js:31627:12)
    at handlePlugins (/mnt/data/Developpement/adonisjs-foundry/node_modules/esbuild/lib/main.js:1141:21)
    at buildOrContextImpl (/mnt/data/Developpement/adonisjs-foundry/node_modules/esbuild/lib/main.js:854:5)
    at Object.buildOrContext (/mnt/data/Developpement/adonisjs-foundry/node_modules/esbuild/lib/main.js:680:5)
    at /mnt/data/Developpement/adonisjs-foundry/node_modules/esbuild/lib/main.js:2035:68
    at new Promise (<anonymous>)
    at Object.context (/mnt/data/Developpement/adonisjs-foundry/node_modules/esbuild/lib/main.js:2035:27)
    at Object.context (/mnt/data/Developpement/adonisjs-foundry/node_modules/esbuild/lib/main.js:1877:58)
    at prepareEsbuildScanner (file:///mnt/data/Developpement/adonisjs-foundry/node_modules/vite/dist/node/chunks/config.js:31454:23)

  The plugin "vite:dep-scan" was triggered by this import

    inertia/pages/auth/cms/form.tsx:5:31:
[37m      5 │ import { useTranslation } from [32m'react-i18next'[37m
        ╵                                [32m~~~~~~~~~~~~~~~[0m


[31m✘ [41;31m[[41;97mERROR[41;31m][0m [1mThe server is being restarted or closed. Request is outdated[0m [1m[35m[plugin vite:dep-scan][0m

    node_modules/esbuild/lib/main.js:1217:27:
[37m      1217 │         let result = await [32m[37mcallback({
           ╵                            [32m^[0m

    at throwClosedServerError (file:///mnt/data/Developpement/adonisjs-foundry/node_modules/vite/dist/node/chunks/config.js:28559:32)
    at EnvironmentPluginContainer.resolveId (file:///mnt/data/Developpement/adonisjs-foundry/node_modules/vite/dist/node/chunks/config.js:28691:65)
    at resolveId (file:///mnt/data/Developpement/adonisjs-foundry/node_modules/vite/dist/node/chunks/config.js:31500:38)
    at resolve$4 (file:///mnt/data/Developpement/adonisjs-foundry/node_modules/vite/dist/node/chunks/config.js:31505:22)
    at file:///mnt/data/Developpement/adonisjs-foundry/node_modules/vite/dist/node/chunks/config.js:31630:28
    at requestCallbacks.on-resolve (/mnt/data/Developpement/adonisjs-foundry/node_modules/esbuild/lib/main.js:1217:28)
    at handleRequest (/mnt/data/Developpement/adonisjs-foundry/node_modules/esbuild/lib/main.js:628:17)
    at handleIncomingPacket (/mnt/data/Developpement/adonisjs-foundry/node_modules/esbuild/lib/main.js:653:7)
    at Socket.readFromStdout (/mnt/data/Developpement/adonisjs-foundry/node_modules/esbuild/lib/main.js:581:7)
    at Socket.emit (node:events:508:20)

  This error came from the "onResolve" callback registered here:

    node_modules/esbuild/lib/main.js:1141:20:
[37m      1141 │       let promise = [32m[37msetup({
           ╵                     [32m^[0m

    at setup (file:///mnt/data/Developpement/adonisjs-foundry/node_modules/vite/dist/node/chunks/config.js:31627:12)
    at handlePlugins (/mnt/data/Developpement/adonisjs-foundry/node_modules/esbuild/lib/main.js:1141:21)
    at buildOrContextImpl (/mnt/data/Developpement/adonisjs-foundry/node_modules/esbuild/lib/main.js:854:5)
    at Object.buildOrContext (/mnt/data/Developpement/adonisjs-foundry/node_modules/esbuild/lib/main.js:680:5)
    at /mnt/data/Developpement/adonisjs-foundry/node_modules/esbuild/lib/main.js:2035:68
    at new Promise (<anonymous>)
    at Object.context (/mnt/data/Developpement/adonisjs-foundry/node_modules/esbuild/lib/main.js:2035:27)
    at Object.context (/mnt/data/Developpement/adonisjs-foundry/node_modules/esbuild/lib/main.js:1877:58)
    at prepareEsbuildScanner (file:///mnt/data/Developpement/adonisjs-foundry/node_modules/vite/dist/node/chunks/config.js:31454:23)

  The plugin "vite:dep-scan" was triggered by this import

    inertia/pages/auth/cms/show.tsx:5:31:
[37m      5 │ import { useTranslation } from [32m'react-i18next'[37m
        ╵                                [32m~~~~~~~~~~~~~~~[0m


[31m✘ [41;31m[[41;97mERROR[41;31m][0m [1mThe server is being restarted or closed. Request is outdated[0m [1m[35m[plugin vite:dep-scan][0m

    node_modules/esbuild/lib/main.js:1217:27:
[37m      1217 │         let result = await [32m[37mcallback({
           ╵                            [32m^[0m

    at throwClosedServerError (file:///mnt/data/Developpement/adonisjs-foundry/node_modules/vite/dist/node/chunks/config.js:28559:32)
    at EnvironmentPluginContainer.resolveId (file:///mnt/data/Developpement/adonisjs-foundry/node_modules/vite/dist/node/chunks/config.js:28691:65)
    at resolveId (file:///mnt/data/Developpement/adonisjs-foundry/node_modules/vite/dist/node/chunks/config.js:31500:38)
    at resolve$4 (file:///mnt/data/Developpement/adonisjs-foundry/node_modules/vite/dist/node/chunks/config.js:31505:22)
    at file:///mnt/data/Developpement/adonisjs-foundry/node_modules/vite/dist/node/chunks/config.js:31658:28
    at requestCallbacks.on-resolve (/mnt/data/Developpement/adonisjs-foundry/node_modules/esbuild/lib/main.js:1217:28)
    at handleRequest (/mnt/data/Developpement/adonisjs-foundry/node_modules/esbuild/lib/main.js:628:17)
    at handleIncomingPacket (/mnt/data/Developpement/adonisjs-foundry/node_modules/esbuild/lib/main.js:653:7)
    at Socket.readFromStdout (/mnt/data/Developpement/adonisjs-foundry/node_modules/esbuild/lib/main.js:581:7)
    at Socket.emit (node:events:508:20)

  This error came from the "onResolve" callback registered here:

    node_modules/esbuild/lib/main.js:1141:20:
[37m      1141 │       let promise = [32m[37msetup({
           ╵                     [32m^[0m

    at setup (file:///mnt/data/Developpement/adonisjs-foundry/node_modules/vite/dist/node/chunks/config.js:31657:12)
    at handlePlugins (/mnt/data/Developpement/adonisjs-foundry/node_modules/esbuild/lib/main.js:1141:21)
    at buildOrContextImpl (/mnt/data/Developpement/adonisjs-foundry/node_modules/esbuild/lib/main.js:854:5)
    at Object.buildOrContext (/mnt/data/Developpement/adonisjs-foundry/node_modules/esbuild/lib/main.js:680:5)
    at /mnt/data/Developpement/adonisjs-foundry/node_modules/esbuild/lib/main.js:2035:68
    at new Promise (<anonymous>)
    at Object.context (/mnt/data/Developpement/adonisjs-foundry/node_modules/esbuild/lib/main.js:2035:27)
    at Object.context (/mnt/data/Developpement/adonisjs-foundry/node_modules/esbuild/lib/main.js:1877:58)
    at prepareEsbuildScanner (file:///mnt/data/Developpement/adonisjs-foundry/node_modules/vite/dist/node/chunks/config.js:31454:23)

  The plugin "vite:dep-scan" was triggered by this import

    inertia/pages/home.tsx:2:24:
[37m      2 │ import { Heading } from [32m'~/components/atoms/heading'[37m
        ╵                         [32m~~~~~~~~~~~~~~~~~~~~~~~~~~~~[0m


[31m✘ [41;31m[[41;97mERROR[41;31m][0m [1mThe server is being restarted or closed. Request is outdated[0m [1m[35m[plugin vite:dep-scan][0m

    node_modules/esbuild/lib/main.js:1217:27:
[37m      1217 │         let result = await [32m[37mcallback({
           ╵                            [32m^[0m

    at throwClosedServerError (file:///mnt/data/Developpement/adonisjs-foundry/node_modules/vite/dist/node/chunks/config.js:28559:32)
    at EnvironmentPluginContainer.resolveId (file:///mnt/data/Developpement/adonisjs-foundry/node_modules/vite/dist/node/chunks/config.js:28691:65)
    at resolveId (file:///mnt/data/Developpement/adonisjs-foundry/node_modules/vite/dist/node/chunks/config.js:31500:38)
    at resolve$4 (file:///mnt/data/Developpement/adonisjs-foundry/node_modules/vite/dist/node/chunks/config.js:31505:22)
    at file:///mnt/data/Developpement/adonisjs-foundry/node_modules/vite/dist/node/chunks/config.js:31630:28
    at requestCallbacks.on-resolve (/mnt/data/Developpement/adonisjs-foundry/node_modules/esbuild/lib/main.js:1217:28)
    at handleRequest (/mnt/data/Developpement/adonisjs-foundry/node_modules/esbuild/lib/main.js:628:17)
    at handleIncomingPacket (/mnt/data/Developpement/adonisjs-foundry/node_modules/esbuild/lib/main.js:653:7)
    at Socket.readFromStdout (/mnt/data/Developpement/adonisjs-foundry/node_modules/esbuild/lib/main.js:581:7)
    at Socket.emit (node:events:508:20)

  This error came from the "onResolve" callback registered here:

    node_modules/esbuild/lib/main.js:1141:20:
[37m      1141 │       let promise = [32m[37msetup({
           ╵                     [32m^[0m

    at setup (file:///mnt/data/Developpement/adonisjs-foundry/node_modules/vite/dist/node/chunks/config.js:31627:12)
    at handlePlugins (/mnt/data/Developpement/adonisjs-foundry/node_modules/esbuild/lib/main.js:1141:21)
    at buildOrContextImpl (/mnt/data/Developpement/adonisjs-foundry/node_modules/esbuild/lib/main.js:854:5)
    at Object.buildOrContext (/mnt/data/Developpement/adonisjs-foundry/node_modules/esbuild/lib/main.js:680:5)
    at /mnt/data/Developpement/adonisjs-foundry/node_modules/esbuild/lib/main.js:2035:68
    at new Promise (<anonymous>)
    at Object.context (/mnt/data/Developpement/adonisjs-foundry/node_modules/esbuild/lib/main.js:2035:27)
    at Object.context (/mnt/data/Developpement/adonisjs-foundry/node_modules/esbuild/lib/main.js:1877:58)
    at prepareEsbuildScanner (file:///mnt/data/Developpement/adonisjs-foundry/node_modules/vite/dist/node/chunks/config.js:31454:23)

  The plugin "vite:dep-scan" was triggered by this import

    inertia/pages/auth/front/accept_invitation.tsx:2:31:
[37m      2 │ import { useTranslation } from [32m'react-i18next'[37m
        ╵                                [32m~~~~~~~~~~~~~~~[0m


[31m✘ [41;31m[[41;97mERROR[41;31m][0m [1mThe server is being restarted or closed. Request is outdated[0m [1m[35m[plugin vite:dep-scan][0m

    node_modules/esbuild/lib/main.js:1217:27:
[37m      1217 │         let result = await [32m[37mcallback({
           ╵                            [32m^[0m

    at throwClosedServerError (file:///mnt/data/Developpement/adonisjs-foundry/node_modules/vite/dist/node/chunks/config.js:28559:32)
    at EnvironmentPluginContainer.resolveId (file:///mnt/data/Developpement/adonisjs-foundry/node_modules/vite/dist/node/chunks/config.js:28691:65)
    at resolveId (file:///mnt/data/Developpement/adonisjs-foundry/node_modules/vite/dist/node/chunks/config.js:31500:38)
    at resolve$4 (file:///mnt/data/Developpement/adonisjs-foundry/node_modules/vite/dist/node/chunks/config.js:31505:22)
    at file:///mnt/data/Developpement/adonisjs-foundry/node_modules/vite/dist/node/chunks/config.js:31630:28
    at requestCallbacks.on-resolve (/mnt/data/Developpement/adonisjs-foundry/node_modules/esbuild/lib/main.js:1217:28)
    at handleRequest (/mnt/data/Developpement/adonisjs-foundry/node_modules/esbuild/lib/main.js:628:17)
    at handleIncomingPacket (/mnt/data/Developpement/adonisjs-foundry/node_modules/esbuild/lib/main.js:653:7)
    at Socket.readFromStdout (/mnt/data/Developpement/adonisjs-foundry/node_modules/esbuild/lib/main.js:581:7)
    at Socket.emit (node:events:508:20)

  This error came from the "onResolve" callback registered here:

    node_modules/esbuild/lib/main.js:1141:20:
[37m      1141 │       let promise = [32m[37msetup({
           ╵                     [32m^[0m

    at setup (file:///mnt/data/Developpement/adonisjs-foundry/node_modules/vite/dist/node/chunks/config.js:31627:12)
    at handlePlugins (/mnt/data/Developpement/adonisjs-foundry/node_modules/esbuild/lib/main.js:1141:21)
    at buildOrContextImpl (/mnt/data/Developpement/adonisjs-foundry/node_modules/esbuild/lib/main.js:854:5)
    at Object.buildOrContext (/mnt/data/Developpement/adonisjs-foundry/node_modules/esbuild/lib/main.js:680:5)
    at /mnt/data/Developpement/adonisjs-foundry/node_modules/esbuild/lib/main.js:2035:68
    at new Promise (<anonymous>)
    at Object.context (/mnt/data/Developpement/adonisjs-foundry/node_modules/esbuild/lib/main.js:2035:27)
    at Object.context (/mnt/data/Developpement/adonisjs-foundry/node_modules/esbuild/lib/main.js:1877:58)
    at prepareEsbuildScanner (file:///mnt/data/Developpement/adonisjs-foundry/node_modules/vite/dist/node/chunks/config.js:31454:23)

  The plugin "vite:dep-scan" was triggered by this import

    inertia/pages/auth/front/reset_password.tsx:2:31:
[37m      2 │ import { useTranslation } from [32m'react-i18next'[37m
        ╵                                [32m~~~~~~~~~~~~~~~[0m


[31m✘ [41;31m[[41;97mERROR[41;31m][0m [1mThe server is being restarted or closed. Request is outdated[0m [1m[35m[plugin vite:dep-scan][0m

    node_modules/esbuild/lib/main.js:1217:27:
[37m      1217 │         let result = await [32m[37mcallback({
           ╵                            [32m^[0m

    at throwClosedServerError (file:///mnt/data/Developpement/adonisjs-foundry/node_modules/vite/dist/node/chunks/config.js:28559:32)
    at EnvironmentPluginContainer.resolveId (file:///mnt/data/Developpement/adonisjs-foundry/node_modules/vite/dist/node/chunks/config.js:28691:65)
    at resolveId (file:///mnt/data/Developpement/adonisjs-foundry/node_modules/vite/dist/node/chunks/config.js:31500:38)
    at resolve$4 (file:///mnt/data/Developpement/adonisjs-foundry/node_modules/vite/dist/node/chunks/config.js:31505:22)
    at file:///mnt/data/Developpement/adonisjs-foundry/node_modules/vite/dist/node/chunks/config.js:31630:28
    at requestCallbacks.on-resolve (/mnt/data/Developpement/adonisjs-foundry/node_modules/esbuild/lib/main.js:1217:28)
    at handleRequest (/mnt/data/Developpement/adonisjs-foundry/node_modules/esbuild/lib/main.js:628:17)
    at handleIncomingPacket (/mnt/data/Developpement/adonisjs-foundry/node_modules/esbuild/lib/main.js:653:7)
    at Socket.readFromStdout (/mnt/data/Developpement/adonisjs-foundry/node_modules/esbuild/lib/main.js:581:7)
    at Socket.emit (node:events:508:20)

  This error came from the "onResolve" callback registered here:

    node_modules/esbuild/lib/main.js:1141:20:
[37m      1141 │       let promise = [32m[37msetup({
           ╵                     [32m^[0m

    at setup (file:///mnt/data/Developpement/adonisjs-foundry/node_modules/vite/dist/node/chunks/config.js:31627:12)
    at handlePlugins (/mnt/data/Developpement/adonisjs-foundry/node_modules/esbuild/lib/main.js:1141:21)
    at buildOrContextImpl (/mnt/data/Developpement/adonisjs-foundry/node_modules/esbuild/lib/main.js:854:5)
    at Object.buildOrContext (/mnt/data/Developpement/adonisjs-foundry/node_modules/esbuild/lib/main.js:680:5)
    at /mnt/data/Developpement/adonisjs-foundry/node_modules/esbuild/lib/main.js:2035:68
    at new Promise (<anonymous>)
    at Object.context (/mnt/data/Developpement/adonisjs-foundry/node_modules/esbuild/lib/main.js:2035:27)
    at Object.context (/mnt/data/Developpement/adonisjs-foundry/node_modules/esbuild/lib/main.js:1877:58)
    at prepareEsbuildScanner (file:///mnt/data/Developpement/adonisjs-foundry/node_modules/vite/dist/node/chunks/config.js:31454:23)

  The plugin "vite:dep-scan" was triggered by this import

    inertia/pages/settings/account/front/email_change.tsx:2:31:
[37m      2 │ import { useTranslation } from [32m'react-i18next'[37m
        ╵                                [32m~~~~~~~~~~~~~~~[0m


[31m✘ [41;31m[[41;97mERROR[41;31m][0m [1mThe server is being restarted or closed. Request is outdated[0m [1m[35m[plugin vite:dep-scan][0m

    node_modules/esbuild/lib/main.js:1217:27:
[37m      1217 │         let result = await [32m[37mcallback({
           ╵                            [32m^[0m

    at throwClosedServerError (file:///mnt/data/Developpement/adonisjs-foundry/node_modules/vite/dist/node/chunks/config.js:28559:32)
    at EnvironmentPluginContainer.resolveId (file:///mnt/data/Developpement/adonisjs-foundry/node_modules/vite/dist/node/chunks/config.js:28691:65)
    at resolveId (file:///mnt/data/Developpement/adonisjs-foundry/node_modules/vite/dist/node/chunks/config.js:31500:38)
    at resolve$4 (file:///mnt/data/Developpement/adonisjs-foundry/node_modules/vite/dist/node/chunks/config.js:31505:22)
    at file:///mnt/data/Developpement/adonisjs-foundry/node_modules/vite/dist/node/chunks/config.js:31658:28
    at requestCallbacks.on-resolve (/mnt/data/Developpement/adonisjs-foundry/node_modules/esbuild/lib/main.js:1217:28)
    at handleRequest (/mnt/data/Developpement/adonisjs-foundry/node_modules/esbuild/lib/main.js:628:17)
    at handleIncomingPacket (/mnt/data/Developpement/adonisjs-foundry/node_modules/esbuild/lib/main.js:653:7)
    at Socket.readFromStdout (/mnt/data/Developpement/adonisjs-foundry/node_modules/esbuild/lib/main.js:581:7)
    at Socket.emit (node:events:508:20)

  This error came from the "onResolve" callback registered here:

    node_modules/esbuild/lib/main.js:1141:20:
[37m      1141 │       let promise = [32m[37msetup({
           ╵                     [32m^[0m

    at setup (file:///mnt/data/Developpement/adonisjs-foundry/node_modules/vite/dist/node/chunks/config.js:31657:12)
    at handlePlugins (/mnt/data/Developpement/adonisjs-foundry/node_modules/esbuild/lib/main.js:1141:21)
    at buildOrContextImpl (/mnt/data/Developpement/adonisjs-foundry/node_modules/esbuild/lib/main.js:854:5)
    at Object.buildOrContext (/mnt/data/Developpement/adonisjs-foundry/node_modules/esbuild/lib/main.js:680:5)
    at /mnt/data/Developpement/adonisjs-foundry/node_modules/esbuild/lib/main.js:2035:68
    at new Promise (<anonymous>)
    at Object.context (/mnt/data/Developpement/adonisjs-foundry/node_modules/esbuild/lib/main.js:2035:27)
    at Object.context (/mnt/data/Developpement/adonisjs-foundry/node_modules/esbuild/lib/main.js:1877:58)
    at prepareEsbuildScanner (file:///mnt/data/Developpement/adonisjs-foundry/node_modules/vite/dist/node/chunks/config.js:31454:23)

  The plugin "vite:dep-scan" was triggered by this import

    inertia/pages/page/front/show.tsx:3:25:
[37m      3 │ ...t PageRenderer from [32m'~/components/molecules/renderer/page_renderer'[37m
        ╵                        [32m~~~~~~~~~~~~~~~~~~~~~~~~~~~~~~~~~~~~~~~~~~~~~~~[0m


[31m✘ [41;31m[[41;97mERROR[41;31m][0m [1mThe server is being restarted or closed. Request is outdated[0m [1m[35m[plugin vite:dep-scan][0m

    node_modules/esbuild/lib/main.js:1217:27:
[37m      1217 │         let result = await [32m[37mcallback({
           ╵                            [32m^[0m

    at throwClosedServerError (file:///mnt/data/Developpement/adonisjs-foundry/node_modules/vite/dist/node/chunks/config.js:28559:32)
    at EnvironmentPluginContainer.resolveId (file:///mnt/data/Developpement/adonisjs-foundry/node_modules/vite/dist/node/chunks/config.js:28691:65)
    at resolveId (file:///mnt/data/Developpement/adonisjs-foundry/node_modules/vite/dist/node/chunks/config.js:31500:38)
    at resolve$4 (file:///mnt/data/Developpement/adonisjs-foundry/node_modules/vite/dist/node/chunks/config.js:31505:22)
    at file:///mnt/data/Developpement/adonisjs-foundry/node_modules/vite/dist/node/chunks/config.js:31630:28
    at requestCallbacks.on-resolve (/mnt/data/Developpement/adonisjs-foundry/node_modules/esbuild/lib/main.js:1217:28)
    at handleRequest (/mnt/data/Developpement/adonisjs-foundry/node_modules/esbuild/lib/main.js:628:17)
    at handleIncomingPacket (/mnt/data/Developpement/adonisjs-foundry/node_modules/esbuild/lib/main.js:653:7)
    at Socket.readFromStdout (/mnt/data/Developpement/adonisjs-foundry/node_modules/esbuild/lib/main.js:581:7)
    at Socket.emit (node:events:508:20)

  This error came from the "onResolve" callback registered here:

    node_modules/esbuild/lib/main.js:1141:20:
[37m      1141 │       let promise = [32m[37msetup({
           ╵                     [32m^[0m

    at setup (file:///mnt/data/Developpement/adonisjs-foundry/node_modules/vite/dist/node/chunks/config.js:31627:12)
    at handlePlugins (/mnt/data/Developpement/adonisjs-foundry/node_modules/esbuild/lib/main.js:1141:21)
    at buildOrContextImpl (/mnt/data/Developpement/adonisjs-foundry/node_modules/esbuild/lib/main.js:854:5)
    at Object.buildOrContext (/mnt/data/Developpement/adonisjs-foundry/node_modules/esbuild/lib/main.js:680:5)
    at /mnt/data/Developpement/adonisjs-foundry/node_modules/esbuild/lib/main.js:2035:68
    at new Promise (<anonymous>)
    at Object.context (/mnt/data/Developpement/adonisjs-foundry/node_modules/esbuild/lib/main.js:2035:27)
    at Object.context (/mnt/data/Developpement/adonisjs-foundry/node_modules/esbuild/lib/main.js:1877:58)
    at prepareEsbuildScanner (file:///mnt/data/Developpement/adonisjs-foundry/node_modules/vite/dist/node/chunks/config.js:31454:23)

  The plugin "vite:dep-scan" was triggered by this import

    inertia/pages/auth/front/forgot_password.tsx:2:31:
[37m      2 │ import { useTranslation } from [32m'react-i18next'[37m
        ╵                                [32m~~~~~~~~~~~~~~~[0m


[31m✘ [41;31m[[41;97mERROR[41;31m][0m [1mThe server is being restarted or closed. Request is outdated[0m [1m[35m[plugin vite:dep-scan][0m

    node_modules/esbuild/lib/main.js:1217:27:
[37m      1217 │         let result = await [32m[37mcallback({
           ╵                            [32m^[0m

    at throwClosedServerError (file:///mnt/data/Developpement/adonisjs-foundry/node_modules/vite/dist/node/chunks/config.js:28559:32)
    at EnvironmentPluginContainer.resolveId (file:///mnt/data/Developpement/adonisjs-foundry/node_modules/vite/dist/node/chunks/config.js:28691:65)
    at resolveId (file:///mnt/data/Developpement/adonisjs-foundry/node_modules/vite/dist/node/chunks/config.js:31500:38)
    at resolve$4 (file:///mnt/data/Developpement/adonisjs-foundry/node_modules/vite/dist/node/chunks/config.js:31505:22)
    at file:///mnt/data/Developpement/adonisjs-foundry/node_modules/vite/dist/node/chunks/config.js:31630:28
    at requestCallbacks.on-resolve (/mnt/data/Developpement/adonisjs-foundry/node_modules/esbuild/lib/main.js:1217:28)
    at handleRequest (/mnt/data/Developpement/adonisjs-foundry/node_modules/esbuild/lib/main.js:628:17)
    at handleIncomingPacket (/mnt/data/Developpement/adonisjs-foundry/node_modules/esbuild/lib/main.js:653:7)
    at Socket.readFromStdout (/mnt/data/Developpement/adonisjs-foundry/node_modules/esbuild/lib/main.js:581:7)
    at Socket.emit (node:events:508:20)

  This error came from the "onResolve" callback registered here:

    node_modules/esbuild/lib/main.js:1141:20:
[37m      1141 │       let promise = [32m[37msetup({
           ╵                     [32m^[0m

    at setup (file:///mnt/data/Developpement/adonisjs-foundry/node_modules/vite/dist/node/chunks/config.js:31627:12)
    at handlePlugins (/mnt/data/Developpement/adonisjs-foundry/node_modules/esbuild/lib/main.js:1141:21)
    at buildOrContextImpl (/mnt/data/Developpement/adonisjs-foundry/node_modules/esbuild/lib/main.js:854:5)
    at Object.buildOrContext (/mnt/data/Developpement/adonisjs-foundry/node_modules/esbuild/lib/main.js:680:5)
    at /mnt/data/Developpement/adonisjs-foundry/node_modules/esbuild/lib/main.js:2035:68
    at new Promise (<anonymous>)
    at Object.context (/mnt/data/Developpement/adonisjs-foundry/node_modules/esbuild/lib/main.js:2035:27)
    at Object.context (/mnt/data/Developpement/adonisjs-foundry/node_modules/esbuild/lib/main.js:1877:58)
    at prepareEsbuildScanner (file:///mnt/data/Developpement/adonisjs-foundry/node_modules/vite/dist/node/chunks/config.js:31454:23)

  The plugin "vite:dep-scan" was triggered by this import

    inertia/pages/auth/front/define_password.tsx:2:31:
[37m      2 │ import { useTranslation } from [32m'react-i18next'[37m
        ╵                                [32m~~~~~~~~~~~~~~~[0m


[31m✘ [41;31m[[41;97mERROR[41;31m][0m [1mThe server is being restarted or closed. Request is outdated[0m [1m[35m[plugin vite:dep-scan][0m

    node_modules/esbuild/lib/main.js:1217:27:
[37m      1217 │         let result = await [32m[37mcallback({
           ╵                            [32m^[0m

    at throwClosedServerError (file:///mnt/data/Developpement/adonisjs-foundry/node_modules/vite/dist/node/chunks/config.js:28559:32)
    at EnvironmentPluginContainer.resolveId (file:///mnt/data/Developpement/adonisjs-foundry/node_modules/vite/dist/node/chunks/config.js:28691:65)
    at resolveId (file:///mnt/data/Developpement/adonisjs-foundry/node_modules/vite/dist/node/chunks/config.js:31500:38)
    at resolve$4 (file:///mnt/data/Developpement/adonisjs-foundry/node_modules/vite/dist/node/chunks/config.js:31505:22)
    at file:///mnt/data/Developpement/adonisjs-foundry/node_modules/vite/dist/node/chunks/config.js:31630:28
    at requestCallbacks.on-resolve (/mnt/data/Developpement/adonisjs-foundry/node_modules/esbuild/lib/main.js:1217:28)
    at handleRequest (/mnt/data/Developpement/adonisjs-foundry/node_modules/esbuild/lib/main.js:628:17)
    at handleIncomingPacket (/mnt/data/Developpement/adonisjs-foundry/node_modules/esbuild/lib/main.js:653:7)
    at Socket.readFromStdout (/mnt/data/Developpement/adonisjs-foundry/node_modules/esbuild/lib/main.js:581:7)
    at Socket.emit (node:events:508:20)

  This error came from the "onResolve" callback registered here:

    node_modules/esbuild/lib/main.js:1141:20:
[37m      1141 │       let promise = [32m[37msetup({
           ╵                     [32m^[0m

    at setup (file:///mnt/data/Developpement/adonisjs-foundry/node_modules/vite/dist/node/chunks/config.js:31627:12)
    at handlePlugins (/mnt/data/Developpement/adonisjs-foundry/node_modules/esbuild/lib/main.js:1141:21)
    at buildOrContextImpl (/mnt/data/Developpement/adonisjs-foundry/node_modules/esbuild/lib/main.js:854:5)
    at Object.buildOrContext (/mnt/data/Developpement/adonisjs-foundry/node_modules/esbuild/lib/main.js:680:5)
    at /mnt/data/Developpement/adonisjs-foundry/node_modules/esbuild/lib/main.js:2035:68
    at new Promise (<anonymous>)
    at Object.context (/mnt/data/Developpement/adonisjs-foundry/node_modules/esbuild/lib/main.js:2035:27)
    at Object.context (/mnt/data/Developpement/adonisjs-foundry/node_modules/esbuild/lib/main.js:1877:58)
    at prepareEsbuildScanner (file:///mnt/data/Developpement/adonisjs-foundry/node_modules/vite/dist/node/chunks/config.js:31454:23)

  The plugin "vite:dep-scan" was triggered by this import

    inertia/pages/settings/profile/front/index.tsx:2:31:
[37m      2 │ import { useTranslation } from [32m'react-i18next'[37m
        ╵                                [32m~~~~~~~~~~~~~~~[0m


[31m✘ [41;31m[[41;97mERROR[41;31m][0m [1mThe server is being restarted or closed. Request is outdated[0m [1m[35m[plugin vite:dep-scan][0m

    node_modules/esbuild/lib/main.js:1217:27:
[37m      1217 │         let result = await [32m[37mcallback({
           ╵                            [32m^[0m

    at throwClosedServerError (file:///mnt/data/Developpement/adonisjs-foundry/node_modules/vite/dist/node/chunks/config.js:28559:32)
    at EnvironmentPluginContainer.resolveId (file:///mnt/data/Developpement/adonisjs-foundry/node_modules/vite/dist/node/chunks/config.js:28691:65)
    at resolveId (file:///mnt/data/Developpement/adonisjs-foundry/node_modules/vite/dist/node/chunks/config.js:31500:38)
    at resolve$4 (file:///mnt/data/Developpement/adonisjs-foundry/node_modules/vite/dist/node/chunks/config.js:31505:22)
    at file:///mnt/data/Developpement/adonisjs-foundry/node_modules/vite/dist/node/chunks/config.js:31658:28
    at requestCallbacks.on-resolve (/mnt/data/Developpement/adonisjs-foundry/node_modules/esbuild/lib/main.js:1217:28)
    at handleRequest (/mnt/data/Developpement/adonisjs-foundry/node_modules/esbuild/lib/main.js:628:17)
    at handleIncomingPacket (/mnt/data/Developpement/adonisjs-foundry/node_modules/esbuild/lib/main.js:653:7)
    at Socket.readFromStdout (/mnt/data/Developpement/adonisjs-foundry/node_modules/esbuild/lib/main.js:581:7)
    at Socket.emit (node:events:508:20)

  This error came from the "onResolve" callback registered here:

    node_modules/esbuild/lib/main.js:1141:20:
[37m      1141 │       let promise = [32m[37msetup({
           ╵                     [32m^[0m

    at setup (file:///mnt/data/Developpement/adonisjs-foundry/node_modules/vite/dist/node/chunks/config.js:31657:12)
    at handlePlugins (/mnt/data/Developpement/adonisjs-foundry/node_modules/esbuild/lib/main.js:1141:21)
    at buildOrContextImpl (/mnt/data/Developpement/adonisjs-foundry/node_modules/esbuild/lib/main.js:854:5)
    at Object.buildOrContext (/mnt/data/Developpement/adonisjs-foundry/node_modules/esbuild/lib/main.js:680:5)
    at /mnt/data/Developpement/adonisjs-foundry/node_modules/esbuild/lib/main.js:2035:68
    at new Promise (<anonymous>)
    at Object.context (/mnt/data/Developpement/adonisjs-foundry/node_modules/esbuild/lib/main.js:2035:27)
    at Object.context (/mnt/data/Developpement/adonisjs-foundry/node_modules/esbuild/lib/main.js:1877:58)
    at prepareEsbuildScanner (file:///mnt/data/Developpement/adonisjs-foundry/node_modules/vite/dist/node/chunks/config.js:31454:23)

  The plugin "vite:dep-scan" was triggered by this import

    inertia/pages/core/cms/dashboard.tsx:2:24:
[37m      2 │ import { Heading } from [32m'~/components/atoms/heading'[37m
        ╵                         [32m~~~~~~~~~~~~~~~~~~~~~~~~~~~~[0m


[31m✘ [41;31m[[41;97mERROR[41;31m][0m [1mThe server is being restarted or closed. Request is outdated[0m [1m[35m[plugin vite:dep-scan][0m

    node_modules/esbuild/lib/main.js:1217:27:
[37m      1217 │         let result = await [32m[37mcallback({
           ╵                            [32m^[0m

    at throwClosedServerError (file:///mnt/data/Developpement/adonisjs-foundry/node_modules/vite/dist/node/chunks/config.js:28559:32)
    at EnvironmentPluginContainer.resolveId (file:///mnt/data/Developpement/adonisjs-foundry/node_modules/vite/dist/node/chunks/config.js:28691:65)
    at resolveId (file:///mnt/data/Developpement/adonisjs-foundry/node_modules/vite/dist/node/chunks/config.js:31500:38)
    at resolve$4 (file:///mnt/data/Developpement/adonisjs-foundry/node_modules/vite/dist/node/chunks/config.js:31505:22)
    at file:///mnt/data/Developpement/adonisjs-foundry/node_modules/vite/dist/node/chunks/config.js:31658:28
    at requestCallbacks.on-resolve (/mnt/data/Developpement/adonisjs-foundry/node_modules/esbuild/lib/main.js:1217:28)
    at handleRequest (/mnt/data/Developpement/adonisjs-foundry/node_modules/esbuild/lib/main.js:628:17)
    at handleIncomingPacket (/mnt/data/Developpement/adonisjs-foundry/node_modules/esbuild/lib/main.js:653:7)
    at Socket.readFromStdout (/mnt/data/Developpement/adonisjs-foundry/node_modules/esbuild/lib/main.js:581:7)
    at Socket.emit (node:events:508:20)

  This error came from the "onResolve" callback registered here:

    node_modules/esbuild/lib/main.js:1141:20:
[37m      1141 │       let promise = [32m[37msetup({
           ╵                     [32m^[0m

    at setup (file:///mnt/data/Developpement/adonisjs-foundry/node_modules/vite/dist/node/chunks/config.js:31657:12)
    at handlePlugins (/mnt/data/Developpement/adonisjs-foundry/node_modules/esbuild/lib/main.js:1141:21)
    at buildOrContextImpl (/mnt/data/Developpement/adonisjs-foundry/node_modules/esbuild/lib/main.js:854:5)
    at Object.buildOrContext (/mnt/data/Developpement/adonisjs-foundry/node_modules/esbuild/lib/main.js:680:5)
    at /mnt/data/Developpement/adonisjs-foundry/node_modules/esbuild/lib/main.js:2035:68
    at new Promise (<anonymous>)
    at Object.context (/mnt/data/Developpement/adonisjs-foundry/node_modules/esbuild/lib/main.js:2035:27)
    at Object.context (/mnt/data/Developpement/adonisjs-foundry/node_modules/esbuild/lib/main.js:1877:58)
    at prepareEsbuildScanner (file:///mnt/data/Developpement/adonisjs-foundry/node_modules/vite/dist/node/chunks/config.js:31454:23)

  The plugin "vite:dep-scan" was triggered by this import

    inertia/layouts/default.tsx:2:23:
[37m      2 │ import { Header } from [32m'~/components/organisms/header'[37m
        ╵                        [32m~~~~~~~~~~~~~~~~~~~~~~~~~~~~~~~[0m


[31m✘ [41;31m[[41;97mERROR[41;31m][0m [1mThe server is being restarted or closed. Request is outdated[0m [1m[35m[plugin vite:dep-scan][0m

    node_modules/esbuild/lib/main.js:1217:27:
[37m      1217 │         let result = await [32m[37mcallback({
           ╵                            [32m^[0m

    at throwClosedServerError (file:///mnt/data/Developpement/adonisjs-foundry/node_modules/vite/dist/node/chunks/config.js:28559:32)
    at EnvironmentPluginContainer.resolveId (file:///mnt/data/Developpement/adonisjs-foundry/node_modules/vite/dist/node/chunks/config.js:28691:65)
    at resolveId (file:///mnt/data/Developpement/adonisjs-foundry/node_modules/vite/dist/node/chunks/config.js:31500:38)
    at resolve$4 (file:///mnt/data/Developpement/adonisjs-foundry/node_modules/vite/dist/node/chunks/config.js:31505:22)
    at file:///mnt/data/Developpement/adonisjs-foundry/node_modules/vite/dist/node/chunks/config.js:31630:28
    at requestCallbacks.on-resolve (/mnt/data/Developpement/adonisjs-foundry/node_modules/esbuild/lib/main.js:1217:28)
    at handleRequest (/mnt/data/Developpement/adonisjs-foundry/node_modules/esbuild/lib/main.js:628:17)
    at handleIncomingPacket (/mnt/data/Developpement/adonisjs-foundry/node_modules/esbuild/lib/main.js:653:7)
    at Socket.readFromStdout (/mnt/data/Developpement/adonisjs-foundry/node_modules/esbuild/lib/main.js:581:7)
    at Socket.emit (node:events:508:20)

  This error came from the "onResolve" callback registered here:

    node_modules/esbuild/lib/main.js:1141:20:
[37m      1141 │       let promise = [32m[37msetup({
           ╵                     [32m^[0m

    at setup (file:///mnt/data/Developpement/adonisjs-foundry/node_modules/vite/dist/node/chunks/config.js:31627:12)
    at handlePlugins (/mnt/data/Developpement/adonisjs-foundry/node_modules/esbuild/lib/main.js:1141:21)
    at buildOrContextImpl (/mnt/data/Developpement/adonisjs-foundry/node_modules/esbuild/lib/main.js:854:5)
    at Object.buildOrContext (/mnt/data/Developpement/adonisjs-foundry/node_modules/esbuild/lib/main.js:680:5)
    at /mnt/data/Developpement/adonisjs-foundry/node_modules/esbuild/lib/main.js:2035:68
    at new Promise (<anonymous>)
    at Object.context (/mnt/data/Developpement/adonisjs-foundry/node_modules/esbuild/lib/main.js:2035:27)
    at Object.context (/mnt/data/Developpement/adonisjs-foundry/node_modules/esbuild/lib/main.js:1877:58)
    at prepareEsbuildScanner (file:///mnt/data/Developpement/adonisjs-foundry/node_modules/vite/dist/node/chunks/config.js:31454:23)

  The plugin "vite:dep-scan" was triggered by this import

    inertia/pages/settings/preferences/front/index.tsx:2:31:
[37m      2 │ import { useTranslation } from [32m'react-i18next'[37m
        ╵                                [32m~~~~~~~~~~~~~~~[0m


[31m✘ [41;31m[[41;97mERROR[41;31m][0m [1mThe server is being restarted or closed. Request is outdated[0m [1m[35m[plugin vite:dep-scan][0m

    node_modules/esbuild/lib/main.js:1217:27:
[37m      1217 │         let result = await [32m[37mcallback({
           ╵                            [32m^[0m

    at throwClosedServerError (file:///mnt/data/Developpement/adonisjs-foundry/node_modules/vite/dist/node/chunks/config.js:28559:32)
    at EnvironmentPluginContainer.resolveId (file:///mnt/data/Developpement/adonisjs-foundry/node_modules/vite/dist/node/chunks/config.js:28691:65)
    at resolveId (file:///mnt/data/Developpement/adonisjs-foundry/node_modules/vite/dist/node/chunks/config.js:31500:38)
    at resolve$4 (file:///mnt/data/Developpement/adonisjs-foundry/node_modules/vite/dist/node/chunks/config.js:31505:22)
    at file:///mnt/data/Developpement/adonisjs-foundry/node_modules/vite/dist/node/chunks/config.js:31630:28
    at requestCallbacks.on-resolve (/mnt/data/Developpement/adonisjs-foundry/node_modules/esbuild/lib/main.js:1217:28)
    at handleRequest (/mnt/data/Developpement/adonisjs-foundry/node_modules/esbuild/lib/main.js:628:17)
    at handleIncomingPacket (/mnt/data/Developpement/adonisjs-foundry/node_modules/esbuild/lib/main.js:653:7)
    at Socket.readFromStdout (/mnt/data/Developpement/adonisjs-foundry/node_modules/esbuild/lib/main.js:581:7)
    at Socket.emit (node:events:508:20)

  This error came from the "onResolve" callback registered here:

    node_modules/esbuild/lib/main.js:1141:20:
[37m      1141 │       let promise = [32m[37msetup({
           ╵                     [32m^[0m

    at setup (file:///mnt/data/Developpement/adonisjs-foundry/node_modules/vite/dist/node/chunks/config.js:31627:12)
    at handlePlugins (/mnt/data/Developpement/adonisjs-foundry/node_modules/esbuild/lib/main.js:1141:21)
    at buildOrContextImpl (/mnt/data/Developpement/adonisjs-foundry/node_modules/esbuild/lib/main.js:854:5)
    at Object.buildOrContext (/mnt/data/Developpement/adonisjs-foundry/node_modules/esbuild/lib/main.js:680:5)
    at /mnt/data/Developpement/adonisjs-foundry/node_modules/esbuild/lib/main.js:2035:68
    at new Promise (<anonymous>)
    at Object.context (/mnt/data/Developpement/adonisjs-foundry/node_modules/esbuild/lib/main.js:2035:27)
    at Object.context (/mnt/data/Developpement/adonisjs-foundry/node_modules/esbuild/lib/main.js:1877:58)
    at prepareEsbuildScanner (file:///mnt/data/Developpement/adonisjs-foundry/node_modules/vite/dist/node/chunks/config.js:31454:23)

  The plugin "vite:dep-scan" was triggered by this import

    inertia/client.ts:2:28:
[37m      2 │ import { createTuyau } from [32m'@tuyau/core/client'[37m
        ╵                             [32m~~~~~~~~~~~~~~~~~~~~[0m


[31m✘ [41;31m[[41;97mERROR[41;31m][0m [1mThe server is being restarted or closed. Request is outdated[0m [1m[35m[plugin vite:dep-scan][0m

    node_modules/esbuild/lib/main.js:1217:27:
[37m      1217 │         let result = await [32m[37mcallback({
           ╵                            [32m^[0m

    at throwClosedServerError (file:///mnt/data/Developpement/adonisjs-foundry/node_modules/vite/dist/node/chunks/config.js:28559:32)
    at EnvironmentPluginContainer.resolveId (file:///mnt/data/Developpement/adonisjs-foundry/node_modules/vite/dist/node/chunks/config.js:28691:65)
    at resolveId (file:///mnt/data/Developpement/adonisjs-foundry/node_modules/vite/dist/node/chunks/config.js:31500:38)
    at resolve$4 (file:///mnt/data/Developpement/adonisjs-foundry/node_modules/vite/dist/node/chunks/config.js:31505:22)
    at file:///mnt/data/Developpement/adonisjs-foundry/node_modules/vite/dist/node/chunks/config.js:31630:28
    at requestCallbacks.on-resolve (/mnt/data/Developpement/adonisjs-foundry/node_modules/esbuild/lib/main.js:1217:28)
    at handleRequest (/mnt/data/Developpement/adonisjs-foundry/node_modules/esbuild/lib/main.js:628:17)
    at handleIncomingPacket (/mnt/data/Developpement/adonisjs-foundry/node_modules/esbuild/lib/main.js:653:7)
    at Socket.readFromStdout (/mnt/data/Developpement/adonisjs-foundry/node_modules/esbuild/lib/main.js:581:7)
    at Socket.emit (node:events:508:20)

  This error came from the "onResolve" callback registered here:

    node_modules/esbuild/lib/main.js:1141:20:
[37m      1141 │       let promise = [32m[37msetup({
           ╵                     [32m^[0m

    at setup (file:///mnt/data/Developpement/adonisjs-foundry/node_modules/vite/dist/node/chunks/config.js:31627:12)
    at handlePlugins (/mnt/data/Developpement/adonisjs-foundry/node_modules/esbuild/lib/main.js:1141:21)
    at buildOrContextImpl (/mnt/data/Developpement/adonisjs-foundry/node_modules/esbuild/lib/main.js:854:5)
    at Object.buildOrContext (/mnt/data/Developpement/adonisjs-foundry/node_modules/esbuild/lib/main.js:680:5)
    at /mnt/data/Developpement/adonisjs-foundry/node_modules/esbuild/lib/main.js:2035:68
    at new Promise (<anonymous>)
    at Object.context (/mnt/data/Developpement/adonisjs-foundry/node_modules/esbuild/lib/main.js:2035:27)
    at Object.context (/mnt/data/Developpement/adonisjs-foundry/node_modules/esbuild/lib/main.js:1877:58)
    at prepareEsbuildScanner (file:///mnt/data/Developpement/adonisjs-foundry/node_modules/vite/dist/node/chunks/config.js:31454:23)

  The plugin "vite:dep-scan" was triggered by this import

    inertia/pages/settings/account/front/index.tsx:2:31:
[37m      2 │ import { useTranslation } from [32m'react-i18next'[37m
        ╵                                [32m~~~~~~~~~~~~~~~[0m


[31m✘ [41;31m[[41;97mERROR[41;31m][0m [1mThe server is being restarted or closed. Request is outdated[0m [1m[35m[plugin vite:dep-scan][0m

    node_modules/esbuild/lib/main.js:1217:27:
[37m      1217 │         let result = await [32m[37mcallback({
           ╵                            [32m^[0m

    at throwClosedServerError (file:///mnt/data/Developpement/adonisjs-foundry/node_modules/vite/dist/node/chunks/config.js:28559:32)
    at EnvironmentPluginContainer.resolveId (file:///mnt/data/Developpement/adonisjs-foundry/node_modules/vite/dist/node/chunks/config.js:28691:65)
    at resolveId (file:///mnt/data/Developpement/adonisjs-foundry/node_modules/vite/dist/node/chunks/config.js:31500:38)
    at resolve$4 (file:///mnt/data/Developpement/adonisjs-foundry/node_modules/vite/dist/node/chunks/config.js:31505:22)
    at file:///mnt/data/Developpement/adonisjs-foundry/node_modules/vite/dist/node/chunks/config.js:31658:28
    at requestCallbacks.on-resolve (/mnt/data/Developpement/adonisjs-foundry/node_modules/esbuild/lib/main.js:1217:28)
    at handleRequest (/mnt/data/Developpement/adonisjs-foundry/node_modules/esbuild/lib/main.js:628:17)
    at handleIncomingPacket (/mnt/data/Developpement/adonisjs-foundry/node_modules/esbuild/lib/main.js:653:7)
    at Socket.readFromStdout (/mnt/data/Developpement/adonisjs-foundry/node_modules/esbuild/lib/main.js:581:7)
    at Socket.emit (node:events:508:20)

  This error came from the "onResolve" callback registered here:

    node_modules/esbuild/lib/main.js:1141:20:
[37m      1141 │       let promise = [32m[37msetup({
           ╵                     [32m^[0m

    at setup (file:///mnt/data/Developpement/adonisjs-foundry/node_modules/vite/dist/node/chunks/config.js:31657:12)
    at handlePlugins (/mnt/data/Developpement/adonisjs-foundry/node_modules/esbuild/lib/main.js:1141:21)
    at buildOrContextImpl (/mnt/data/Developpement/adonisjs-foundry/node_modules/esbuild/lib/main.js:854:5)
    at Object.buildOrContext (/mnt/data/Developpement/adonisjs-foundry/node_modules/esbuild/lib/main.js:680:5)
    at /mnt/data/Developpement/adonisjs-foundry/node_modules/esbuild/lib/main.js:2035:68
    at new Promise (<anonymous>)
    at Object.context (/mnt/data/Developpement/adonisjs-foundry/node_modules/esbuild/lib/main.js:2035:27)
    at Object.context (/mnt/data/Developpement/adonisjs-foundry/node_modules/esbuild/lib/main.js:1877:58)
    at prepareEsbuildScanner (file:///mnt/data/Developpement/adonisjs-foundry/node_modules/vite/dist/node/chunks/config.js:31454:23)

  The plugin "vite:dep-scan" was triggered by this import

    inertia/pages/auth/cms/form.tsx:6:26:
[37m      6 │ import { AdminMain } from [32m'~/components/organisms/admin/admin_main'[37m
        ╵                           [32m~~~~~~~~~~~~~~~~~~~~~~~~~~~~~~~~~~~~~~~~~[0m


[31m✘ [41;31m[[41;97mERROR[41;31m][0m [1mThe server is being restarted or closed. Request is outdated[0m [1m[35m[plugin vite:dep-scan][0m

    node_modules/esbuild/lib/main.js:1217:27:
[37m      1217 │         let result = await [32m[37mcallback({
           ╵                            [32m^[0m

    at throwClosedServerError (file:///mnt/data/Developpement/adonisjs-foundry/node_modules/vite/dist/node/chunks/config.js:28559:32)
    at EnvironmentPluginContainer.resolveId (file:///mnt/data/Developpement/adonisjs-foundry/node_modules/vite/dist/node/chunks/config.js:28691:65)
    at resolveId (file:///mnt/data/Developpement/adonisjs-foundry/node_modules/vite/dist/node/chunks/config.js:31500:38)
    at resolve$4 (file:///mnt/data/Developpement/adonisjs-foundry/node_modules/vite/dist/node/chunks/config.js:31505:22)
    at file:///mnt/data/Developpement/adonisjs-foundry/node_modules/vite/dist/node/chunks/config.js:31658:28
    at requestCallbacks.on-resolve (/mnt/data/Developpement/adonisjs-foundry/node_modules/esbuild/lib/main.js:1217:28)
    at handleRequest (/mnt/data/Developpement/adonisjs-foundry/node_modules/esbuild/lib/main.js:628:17)
    at handleIncomingPacket (/mnt/data/Developpement/adonisjs-foundry/node_modules/esbuild/lib/main.js:653:7)
    at Socket.readFromStdout (/mnt/data/Developpement/adonisjs-foundry/node_modules/esbuild/lib/main.js:581:7)
    at Socket.emit (node:events:508:20)

  This error came from the "onResolve" callback registered here:

    node_modules/esbuild/lib/main.js:1141:20:
[37m      1141 │       let promise = [32m[37msetup({
           ╵                     [32m^[0m

    at setup (file:///mnt/data/Developpement/adonisjs-foundry/node_modules/vite/dist/node/chunks/config.js:31657:12)
    at handlePlugins (/mnt/data/Developpement/adonisjs-foundry/node_modules/esbuild/lib/main.js:1141:21)
    at buildOrContextImpl (/mnt/data/Developpement/adonisjs-foundry/node_modules/esbuild/lib/main.js:854:5)
    at Object.buildOrContext (/mnt/data/Developpement/adonisjs-foundry/node_modules/esbuild/lib/main.js:680:5)
    at /mnt/data/Developpement/adonisjs-foundry/node_modules/esbuild/lib/main.js:2035:68
    at new Promise (<anonymous>)
    at Object.context (/mnt/data/Developpement/adonisjs-foundry/node_modules/esbuild/lib/main.js:2035:27)
    at Object.context (/mnt/data/Developpement/adonisjs-foundry/node_modules/esbuild/lib/main.js:1877:58)
    at prepareEsbuildScanner (file:///mnt/data/Developpement/adonisjs-foundry/node_modules/vite/dist/node/chunks/config.js:31454:23)

  The plugin "vite:dep-scan" was triggered by this import

    inertia/pages/auth/cms/show.tsx:6:26:
[37m      6 │ import { AdminMain } from [32m'~/components/organisms/admin/admin_main'[37m
        ╵                           [32m~~~~~~~~~~~~~~~~~~~~~~~~~~~~~~~~~~~~~~~~~[0m


[31m✘ [41;31m[[41;97mERROR[41;31m][0m [1mThe server is being restarted or closed. Request is outdated[0m [1m[35m[plugin vite:dep-scan][0m

    node_modules/esbuild/lib/main.js:1217:27:
[37m      1217 │         let result = await [32m[37mcallback({
           ╵                            [32m^[0m

    at throwClosedServerError (file:///mnt/data/Developpement/adonisjs-foundry/node_modules/vite/dist/node/chunks/config.js:28559:32)
    at EnvironmentPluginContainer.resolveId (file:///mnt/data/Developpement/adonisjs-foundry/node_modules/vite/dist/node/chunks/config.js:28691:65)
    at resolveId (file:///mnt/data/Developpement/adonisjs-foundry/node_modules/vite/dist/node/chunks/config.js:31500:38)
    at resolve$4 (file:///mnt/data/Developpement/adonisjs-foundry/node_modules/vite/dist/node/chunks/config.js:31505:22)
    at file:///mnt/data/Developpement/adonisjs-foundry/node_modules/vite/dist/node/chunks/config.js:31630:28
    at requestCallbacks.on-resolve (/mnt/data/Developpement/adonisjs-foundry/node_modules/esbuild/lib/main.js:1217:28)
    at handleRequest (/mnt/data/Developpement/adonisjs-foundry/node_modules/esbuild/lib/main.js:628:17)
    at handleIncomingPacket (/mnt/data/Developpement/adonisjs-foundry/node_modules/esbuild/lib/main.js:653:7)
    at Socket.readFromStdout (/mnt/data/Developpement/adonisjs-foundry/node_modules/esbuild/lib/main.js:581:7)
    at Socket.emit (node:events:508:20)

  This error came from the "onResolve" callback registered here:

    node_modules/esbuild/lib/main.js:1141:20:
[37m      1141 │       let promise = [32m[37msetup({
           ╵                     [32m^[0m

    at setup (file:///mnt/data/Developpement/adonisjs-foundry/node_modules/vite/dist/node/chunks/config.js:31627:12)
    at handlePlugins (/mnt/data/Developpement/adonisjs-foundry/node_modules/esbuild/lib/main.js:1141:21)
    at buildOrContextImpl (/mnt/data/Developpement/adonisjs-foundry/node_modules/esbuild/lib/main.js:854:5)
    at Object.buildOrContext (/mnt/data/Developpement/adonisjs-foundry/node_modules/esbuild/lib/main.js:680:5)
    at /mnt/data/Developpement/adonisjs-foundry/node_modules/esbuild/lib/main.js:2035:68
    at new Promise (<anonymous>)
    at Object.context (/mnt/data/Developpement/adonisjs-foundry/node_modules/esbuild/lib/main.js:2035:27)
    at Object.context (/mnt/data/Developpement/adonisjs-foundry/node_modules/esbuild/lib/main.js:1877:58)
    at prepareEsbuildScanner (file:///mnt/data/Developpement/adonisjs-foundry/node_modules/vite/dist/node/chunks/config.js:31454:23)

  The plugin "vite:dep-scan" was triggered by this import

    inertia/pages/auth/front/register.tsx:3:31:
[37m      3 │ import { useTranslation } from [32m'react-i18next'[37m
        ╵                                [32m~~~~~~~~~~~~~~~[0m


[31m✘ [41;31m[[41;97mERROR[41;31m][0m [1mThe server is being restarted or closed. Request is outdated[0m [1m[35m[plugin vite:dep-scan][0m

    node_modules/esbuild/lib/main.js:1217:27:
[37m      1217 │         let result = await [32m[37mcallback({
           ╵                            [32m^[0m

    at throwClosedServerError (file:///mnt/data/Developpement/adonisjs-foundry/node_modules/vite/dist/node/chunks/config.js:28559:32)
    at EnvironmentPluginContainer.resolveId (file:///mnt/data/Developpement/adonisjs-foundry/node_modules/vite/dist/node/chunks/config.js:28691:65)
    at resolveId (file:///mnt/data/Developpement/adonisjs-foundry/node_modules/vite/dist/node/chunks/config.js:31500:38)
    at resolve$4 (file:///mnt/data/Developpement/adonisjs-foundry/node_modules/vite/dist/node/chunks/config.js:31505:22)
    at file:///mnt/data/Developpement/adonisjs-foundry/node_modules/vite/dist/node/chunks/config.js:31630:28
    at requestCallbacks.on-resolve (/mnt/data/Developpement/adonisjs-foundry/node_modules/esbuild/lib/main.js:1217:28)
    at handleRequest (/mnt/data/Developpement/adonisjs-foundry/node_modules/esbuild/lib/main.js:628:17)
    at handleIncomingPacket (/mnt/data/Developpement/adonisjs-foundry/node_modules/esbuild/lib/main.js:653:7)
    at Socket.readFromStdout (/mnt/data/Developpement/adonisjs-foundry/node_modules/esbuild/lib/main.js:581:7)
    at Socket.emit (node:events:508:20)

  This error came from the "onResolve" callback registered here:

    node_modules/esbuild/lib/main.js:1141:20:
[37m      1141 │       let promise = [32m[37msetup({
           ╵                     [32m^[0m

    at setup (file:///mnt/data/Developpement/adonisjs-foundry/node_modules/vite/dist/node/chunks/config.js:31627:12)
    at handlePlugins (/mnt/data/Developpement/adonisjs-foundry/node_modules/esbuild/lib/main.js:1141:21)
    at buildOrContextImpl (/mnt/data/Developpement/adonisjs-foundry/node_modules/esbuild/lib/main.js:854:5)
    at Object.buildOrContext (/mnt/data/Developpement/adonisjs-foundry/node_modules/esbuild/lib/main.js:680:5)
    at /mnt/data/Developpement/adonisjs-foundry/node_modules/esbuild/lib/main.js:2035:68
    at new Promise (<anonymous>)
    at Object.context (/mnt/data/Developpement/adonisjs-foundry/node_modules/esbuild/lib/main.js:2035:27)
    at Object.context (/mnt/data/Developpement/adonisjs-foundry/node_modules/esbuild/lib/main.js:1877:58)
    at prepareEsbuildScanner (file:///mnt/data/Developpement/adonisjs-foundry/node_modules/vite/dist/node/chunks/config.js:31454:23)

  The plugin "vite:dep-scan" was triggered by this import

    inertia/pages/auth/cms/index.tsx:7:31:
[37m      7 │ import { useTranslation } from [32m'react-i18next'[37m
        ╵                                [32m~~~~~~~~~~~~~~~[0m


[31m✘ [41;31m[[41;97mERROR[41;31m][0m [1mThe server is being restarted or closed. Request is outdated[0m [1m[35m[plugin vite:dep-scan][0m

    node_modules/esbuild/lib/main.js:1217:27:
[37m      1217 │         let result = await [32m[37mcallback({
           ╵                            [32m^[0m

    at throwClosedServerError (file:///mnt/data/Developpement/adonisjs-foundry/node_modules/vite/dist/node/chunks/config.js:28559:32)
    at EnvironmentPluginContainer.resolveId (file:///mnt/data/Developpement/adonisjs-foundry/node_modules/vite/dist/node/chunks/config.js:28691:65)
    at resolveId (file:///mnt/data/Developpement/adonisjs-foundry/node_modules/vite/dist/node/chunks/config.js:31500:38)
    at resolve$4 (file:///mnt/data/Developpement/adonisjs-foundry/node_modules/vite/dist/node/chunks/config.js:31505:22)
    at file:///mnt/data/Developpement/adonisjs-foundry/node_modules/vite/dist/node/chunks/config.js:31658:28
    at requestCallbacks.on-resolve (/mnt/data/Developpement/adonisjs-foundry/node_modules/esbuild/lib/main.js:1217:28)
    at handleRequest (/mnt/data/Developpement/adonisjs-foundry/node_modules/esbuild/lib/main.js:628:17)
    at handleIncomingPacket (/mnt/data/Developpement/adonisjs-foundry/node_modules/esbuild/lib/main.js:653:7)
    at Socket.readFromStdout (/mnt/data/Developpement/adonisjs-foundry/node_modules/esbuild/lib/main.js:581:7)
    at Socket.emit (node:events:508:20)

  This error came from the "onResolve" callback registered here:

    node_modules/esbuild/lib/main.js:1141:20:
[37m      1141 │       let promise = [32m[37msetup({
           ╵                     [32m^[0m

    at setup (file:///mnt/data/Developpement/adonisjs-foundry/node_modules/vite/dist/node/chunks/config.js:31657:12)
    at handlePlugins (/mnt/data/Developpement/adonisjs-foundry/node_modules/esbuild/lib/main.js:1141:21)
    at buildOrContextImpl (/mnt/data/Developpement/adonisjs-foundry/node_modules/esbuild/lib/main.js:854:5)
    at Object.buildOrContext (/mnt/data/Developpement/adonisjs-foundry/node_modules/esbuild/lib/main.js:680:5)
    at /mnt/data/Developpement/adonisjs-foundry/node_modules/esbuild/lib/main.js:2035:68
    at new Promise (<anonymous>)
    at Object.context (/mnt/data/Developpement/adonisjs-foundry/node_modules/esbuild/lib/main.js:2035:27)
    at Object.context (/mnt/data/Developpement/adonisjs-foundry/node_modules/esbuild/lib/main.js:1877:58)
    at prepareEsbuildScanner (file:///mnt/data/Developpement/adonisjs-foundry/node_modules/vite/dist/node/chunks/config.js:31454:23)

  The plugin "vite:dep-scan" was triggered by this import

    inertia/pages/auth/front/login.tsx:4:24:
[37m      4 │ import { Section } from [32m'~/components/atoms/section'[37m
        ╵                         [32m~~~~~~~~~~~~~~~~~~~~~~~~~~~~[0m


[31m✘ [41;31m[[41;97mERROR[41;31m][0m [1mThe server is being restarted or closed. Request is outdated[0m [1m[35m[plugin vite:dep-scan][0m

    node_modules/esbuild/lib/main.js:1217:27:
[37m      1217 │         let result = await [32m[37mcallback({
           ╵                            [32m^[0m

    at throwClosedServerError (file:///mnt/data/Developpement/adonisjs-foundry/node_modules/vite/dist/node/chunks/config.js:28559:32)
    at EnvironmentPluginContainer.resolveId (file:///mnt/data/Developpement/adonisjs-foundry/node_modules/vite/dist/node/chunks/config.js:28691:65)
    at resolveId (file:///mnt/data/Developpement/adonisjs-foundry/node_modules/vite/dist/node/chunks/config.js:31500:38)
    at resolve$4 (file:///mnt/data/Developpement/adonisjs-foundry/node_modules/vite/dist/node/chunks/config.js:31505:22)
    at file:///mnt/data/Developpement/adonisjs-foundry/node_modules/vite/dist/node/chunks/config.js:31658:28
    at requestCallbacks.on-resolve (/mnt/data/Developpement/adonisjs-foundry/node_modules/esbuild/lib/main.js:1217:28)
    at handleRequest (/mnt/data/Developpement/adonisjs-foundry/node_modules/esbuild/lib/main.js:628:17)
    at handleIncomingPacket (/mnt/data/Developpement/adonisjs-foundry/node_modules/esbuild/lib/main.js:653:7)
    at Socket.readFromStdout (/mnt/data/Developpement/adonisjs-foundry/node_modules/esbuild/lib/main.js:581:7)
    at Socket.emit (node:events:508:20)

  This error came from the "onResolve" callback registered here:

    node_modules/esbuild/lib/main.js:1141:20:
[37m      1141 │       let promise = [32m[37msetup({
           ╵                     [32m^[0m

    at setup (file:///mnt/data/Developpement/adonisjs-foundry/node_modules/vite/dist/node/chunks/config.js:31657:12)
    at handlePlugins (/mnt/data/Developpement/adonisjs-foundry/node_modules/esbuild/lib/main.js:1141:21)
    at buildOrContextImpl (/mnt/data/Developpement/adonisjs-foundry/node_modules/esbuild/lib/main.js:854:5)
    at Object.buildOrContext (/mnt/data/Developpement/adonisjs-foundry/node_modules/esbuild/lib/main.js:680:5)
    at /mnt/data/Developpement/adonisjs-foundry/node_modules/esbuild/lib/main.js:2035:68
    at new Promise (<anonymous>)
    at Object.context (/mnt/data/Developpement/adonisjs-foundry/node_modules/esbuild/lib/main.js:2035:27)
    at Object.context (/mnt/data/Developpement/adonisjs-foundry/node_modules/esbuild/lib/main.js:1877:58)
    at prepareEsbuildScanner (file:///mnt/data/Developpement/adonisjs-foundry/node_modules/vite/dist/node/chunks/config.js:31454:23)

  The plugin "vite:dep-scan" was triggered by this import

    inertia/pages/settings/profile/front/index.tsx:3:21:
[37m      3 │ import { Card } from [32m'~/components/atoms/card'[37m
        ╵                      [32m~~~~~~~~~~~~~~~~~~~~~~~~~[0m


[31m✘ [41;31m[[41;97mERROR[41;31m][0m [1mThe server is being restarted or closed. Request is outdated[0m [1m[35m[plugin vite:dep-scan][0m

    node_modules/esbuild/lib/main.js:1217:27:
[37m      1217 │         let result = await [32m[37mcallback({
           ╵                            [32m^[0m

    at throwClosedServerError (file:///mnt/data/Developpement/adonisjs-foundry/node_modules/vite/dist/node/chunks/config.js:28559:32)
    at EnvironmentPluginContainer.resolveId (file:///mnt/data/Developpement/adonisjs-foundry/node_modules/vite/dist/node/chunks/config.js:28691:65)
    at resolveId (file:///mnt/data/Developpement/adonisjs-foundry/node_modules/vite/dist/node/chunks/config.js:31500:38)
    at resolve$4 (file:///mnt/data/Developpement/adonisjs-foundry/node_modules/vite/dist/node/chunks/config.js:31505:22)
    at file:///mnt/data/Developpement/adonisjs-foundry/node_modules/vite/dist/node/chunks/config.js:31658:28
    at requestCallbacks.on-resolve (/mnt/data/Developpement/adonisjs-foundry/node_modules/esbuild/lib/main.js:1217:28)
    at handleRequest (/mnt/data/Developpement/adonisjs-foundry/node_modules/esbuild/lib/main.js:628:17)
    at handleIncomingPacket (/mnt/data/Developpement/adonisjs-foundry/node_modules/esbuild/lib/main.js:653:7)
    at Socket.readFromStdout (/mnt/data/Developpement/adonisjs-foundry/node_modules/esbuild/lib/main.js:581:7)
    at Socket.emit (node:events:508:20)

  This error came from the "onResolve" callback registered here:

    node_modules/esbuild/lib/main.js:1141:20:
[37m      1141 │       let promise = [32m[37msetup({
           ╵                     [32m^[0m

    at setup (file:///mnt/data/Developpement/adonisjs-foundry/node_modules/vite/dist/node/chunks/config.js:31657:12)
    at handlePlugins (/mnt/data/Developpement/adonisjs-foundry/node_modules/esbuild/lib/main.js:1141:21)
    at buildOrContextImpl (/mnt/data/Developpement/adonisjs-foundry/node_modules/esbuild/lib/main.js:854:5)
    at Object.buildOrContext (/mnt/data/Developpement/adonisjs-foundry/node_modules/esbuild/lib/main.js:680:5)
    at /mnt/data/Developpement/adonisjs-foundry/node_modules/esbuild/lib/main.js:2035:68
    at new Promise (<anonymous>)
    at Object.context (/mnt/data/Developpement/adonisjs-foundry/node_modules/esbuild/lib/main.js:2035:27)
    at Object.context (/mnt/data/Developpement/adonisjs-foundry/node_modules/esbuild/lib/main.js:1877:58)
    at prepareEsbuildScanner (file:///mnt/data/Developpement/adonisjs-foundry/node_modules/vite/dist/node/chunks/config.js:31454:23)

  The plugin "vite:dep-scan" was triggered by this import

    inertia/pages/core/cms/dashboard.tsx:4:19:
[37m      4 │ import Layout from [32m'~/layouts/admin'[37m
        ╵                    [32m~~~~~~~~~~~~~~~~~[0m


[31m✘ [41;31m[[41;97mERROR[41;31m][0m [1mThe server is being restarted or closed. Request is outdated[0m [1m[35m[plugin vite:dep-scan][0m

    node_modules/esbuild/lib/main.js:1217:27:
[37m      1217 │         let result = await [32m[37mcallback({
           ╵                            [32m^[0m

    at throwClosedServerError (file:///mnt/data/Developpement/adonisjs-foundry/node_modules/vite/dist/node/chunks/config.js:28559:32)
    at EnvironmentPluginContainer.resolveId (file:///mnt/data/Developpement/adonisjs-foundry/node_modules/vite/dist/node/chunks/config.js:28691:65)
    at resolveId (file:///mnt/data/Developpement/adonisjs-foundry/node_modules/vite/dist/node/chunks/config.js:31500:38)
    at resolve$4 (file:///mnt/data/Developpement/adonisjs-foundry/node_modules/vite/dist/node/chunks/config.js:31505:22)
    at file:///mnt/data/Developpement/adonisjs-foundry/node_modules/vite/dist/node/chunks/config.js:31658:28
    at requestCallbacks.on-resolve (/mnt/data/Developpement/adonisjs-foundry/node_modules/esbuild/lib/main.js:1217:28)
    at handleRequest (/mnt/data/Developpement/adonisjs-foundry/node_modules/esbuild/lib/main.js:628:17)
    at handleIncomingPacket (/mnt/data/Developpement/adonisjs-foundry/node_modules/esbuild/lib/main.js:653:7)
    at Socket.readFromStdout (/mnt/data/Developpement/adonisjs-foundry/node_modules/esbuild/lib/main.js:581:7)
    at Socket.emit (node:events:508:20)

  This error came from the "onResolve" callback registered here:

    node_modules/esbuild/lib/main.js:1141:20:
[37m      1141 │       let promise = [32m[37msetup({
           ╵                     [32m^[0m

    at setup (file:///mnt/data/Developpement/adonisjs-foundry/node_modules/vite/dist/node/chunks/config.js:31657:12)
    at handlePlugins (/mnt/data/Developpement/adonisjs-foundry/node_modules/esbuild/lib/main.js:1141:21)
    at buildOrContextImpl (/mnt/data/Developpement/adonisjs-foundry/node_modules/esbuild/lib/main.js:854:5)
    at Object.buildOrContext (/mnt/data/Developpement/adonisjs-foundry/node_modules/esbuild/lib/main.js:680:5)
    at /mnt/data/Developpement/adonisjs-foundry/node_modules/esbuild/lib/main.js:2035:68
    at new Promise (<anonymous>)
    at Object.context (/mnt/data/Developpement/adonisjs-foundry/node_modules/esbuild/lib/main.js:2035:27)
    at Object.context (/mnt/data/Developpement/adonisjs-foundry/node_modules/esbuild/lib/main.js:1877:58)
    at prepareEsbuildScanner (file:///mnt/data/Developpement/adonisjs-foundry/node_modules/vite/dist/node/chunks/config.js:31454:23)

  The plugin "vite:dep-scan" was triggered by this import

    inertia/layouts/default.tsx:3:23:
[37m      3 │ import { Footer } from [32m'~/components/organisms/footer'[37m
        ╵                        [32m~~~~~~~~~~~~~~~~~~~~~~~~~~~~~~~[0m


[31m✘ [41;31m[[41;97mERROR[41;31m][0m [1mThe server is being restarted or closed. Request is outdated[0m [1m[35m[plugin vite:dep-scan][0m

    node_modules/esbuild/lib/main.js:1217:27:
[37m      1217 │         let result = await [32m[37mcallback({
           ╵                            [32m^[0m

    at throwClosedServerError (file:///mnt/data/Developpement/adonisjs-foundry/node_modules/vite/dist/node/chunks/config.js:28559:32)
    at EnvironmentPluginContainer.resolveId (file:///mnt/data/Developpement/adonisjs-foundry/node_modules/vite/dist/node/chunks/config.js:28691:65)
    at resolveId (file:///mnt/data/Developpement/adonisjs-foundry/node_modules/vite/dist/node/chunks/config.js:31500:38)
    at resolve$4 (file:///mnt/data/Developpement/adonisjs-foundry/node_modules/vite/dist/node/chunks/config.js:31505:22)
    at file:///mnt/data/Developpement/adonisjs-foundry/node_modules/vite/dist/node/chunks/config.js:31658:28
    at requestCallbacks.on-resolve (/mnt/data/Developpement/adonisjs-foundry/node_modules/esbuild/lib/main.js:1217:28)
    at handleRequest (/mnt/data/Developpement/adonisjs-foundry/node_modules/esbuild/lib/main.js:628:17)
    at handleIncomingPacket (/mnt/data/Developpement/adonisjs-foundry/node_modules/esbuild/lib/main.js:653:7)
    at Socket.readFromStdout (/mnt/data/Developpement/adonisjs-foundry/node_modules/esbuild/lib/main.js:581:7)
    at Socket.emit (node:events:508:20)

  This error came from the "onResolve" callback registered here:

    node_modules/esbuild/lib/main.js:1141:20:
[37m      1141 │       let promise = [32m[37msetup({
           ╵                     [32m^[0m

    at setup (file:///mnt/data/Developpement/adonisjs-foundry/node_modules/vite/dist/node/chunks/config.js:31657:12)
    at handlePlugins (/mnt/data/Developpement/adonisjs-foundry/node_modules/esbuild/lib/main.js:1141:21)
    at buildOrContextImpl (/mnt/data/Developpement/adonisjs-foundry/node_modules/esbuild/lib/main.js:854:5)
    at Object.buildOrContext (/mnt/data/Developpement/adonisjs-foundry/node_modules/esbuild/lib/main.js:680:5)
    at /mnt/data/Developpement/adonisjs-foundry/node_modules/esbuild/lib/main.js:2035:68
    at new Promise (<anonymous>)
    at Object.context (/mnt/data/Developpement/adonisjs-foundry/node_modules/esbuild/lib/main.js:2035:27)
    at Object.context (/mnt/data/Developpement/adonisjs-foundry/node_modules/esbuild/lib/main.js:1877:58)
    at prepareEsbuildScanner (file:///mnt/data/Developpement/adonisjs-foundry/node_modules/vite/dist/node/chunks/config.js:31454:23)

  The plugin "vite:dep-scan" was triggered by this import

    inertia/pages/settings/preferences/front/index.tsx:3:21:
[37m      3 │ import { Card } from [32m'~/components/atoms/card'[37m
        ╵                      [32m~~~~~~~~~~~~~~~~~~~~~~~~~[0m


[31m✘ [41;31m[[41;97mERROR[41;31m][0m [1mThe server is being restarted or closed. Request is outdated[0m [1m[35m[plugin vite:dep-scan][0m

    node_modules/esbuild/lib/main.js:1217:27:
[37m      1217 │         let result = await [32m[37mcallback({
           ╵                            [32m^[0m

    at throwClosedServerError (file:///mnt/data/Developpement/adonisjs-foundry/node_modules/vite/dist/node/chunks/config.js:28559:32)
    at EnvironmentPluginContainer.resolveId (file:///mnt/data/Developpement/adonisjs-foundry/node_modules/vite/dist/node/chunks/config.js:28691:65)
    at resolveId (file:///mnt/data/Developpement/adonisjs-foundry/node_modules/vite/dist/node/chunks/config.js:31500:38)
    at resolve$4 (file:///mnt/data/Developpement/adonisjs-foundry/node_modules/vite/dist/node/chunks/config.js:31505:22)
    at file:///mnt/data/Developpement/adonisjs-foundry/node_modules/vite/dist/node/chunks/config.js:31658:28
    at requestCallbacks.on-resolve (/mnt/data/Developpement/adonisjs-foundry/node_modules/esbuild/lib/main.js:1217:28)
    at handleRequest (/mnt/data/Developpement/adonisjs-foundry/node_modules/esbuild/lib/main.js:628:17)
    at handleIncomingPacket (/mnt/data/Developpement/adonisjs-foundry/node_modules/esbuild/lib/main.js:653:7)
    at Socket.readFromStdout (/mnt/data/Developpement/adonisjs-foundry/node_modules/esbuild/lib/main.js:581:7)
    at Socket.emit (node:events:508:20)

  This error came from the "onResolve" callback registered here:

    node_modules/esbuild/lib/main.js:1141:20:
[37m      1141 │       let promise = [32m[37msetup({
           ╵                     [32m^[0m

    at setup (file:///mnt/data/Developpement/adonisjs-foundry/node_modules/vite/dist/node/chunks/config.js:31657:12)
    at handlePlugins (/mnt/data/Developpement/adonisjs-foundry/node_modules/esbuild/lib/main.js:1141:21)
    at buildOrContextImpl (/mnt/data/Developpement/adonisjs-foundry/node_modules/esbuild/lib/main.js:854:5)
    at Object.buildOrContext (/mnt/data/Developpement/adonisjs-foundry/node_modules/esbuild/lib/main.js:680:5)
    at /mnt/data/Developpement/adonisjs-foundry/node_modules/esbuild/lib/main.js:2035:68
    at new Promise (<anonymous>)
    at Object.context (/mnt/data/Developpement/adonisjs-foundry/node_modules/esbuild/lib/main.js:2035:27)
    at Object.context (/mnt/data/Developpement/adonisjs-foundry/node_modules/esbuild/lib/main.js:1877:58)
    at prepareEsbuildScanner (file:///mnt/data/Developpement/adonisjs-foundry/node_modules/vite/dist/node/chunks/config.js:31454:23)

  The plugin "vite:dep-scan" was triggered by this import

    inertia/pages/settings/account/front/index.tsx:3:21:
[37m      3 │ import { Card } from [32m'~/components/atoms/card'[37m
        ╵                      [32m~~~~~~~~~~~~~~~~~~~~~~~~~[0m


[31m✘ [41;31m[[41;97mERROR[41;31m][0m [1mThe server is being restarted or closed. Request is outdated[0m [1m[35m[plugin vite:dep-scan][0m

    node_modules/esbuild/lib/main.js:1217:27:
[37m      1217 │         let result = await [32m[37mcallback({
           ╵                            [32m^[0m

    at throwClosedServerError (file:///mnt/data/Developpement/adonisjs-foundry/node_modules/vite/dist/node/chunks/config.js:28559:32)
    at EnvironmentPluginContainer.resolveId (file:///mnt/data/Developpement/adonisjs-foundry/node_modules/vite/dist/node/chunks/config.js:28691:65)
    at resolveId (file:///mnt/data/Developpement/adonisjs-foundry/node_modules/vite/dist/node/chunks/config.js:31500:38)
    at resolve$4 (file:///mnt/data/Developpement/adonisjs-foundry/node_modules/vite/dist/node/chunks/config.js:31505:22)
    at file:///mnt/data/Developpement/adonisjs-foundry/node_modules/vite/dist/node/chunks/config.js:31658:28
    at requestCallbacks.on-resolve (/mnt/data/Developpement/adonisjs-foundry/node_modules/esbuild/lib/main.js:1217:28)
    at handleRequest (/mnt/data/Developpement/adonisjs-foundry/node_modules/esbuild/lib/main.js:628:17)
    at handleIncomingPacket (/mnt/data/Developpement/adonisjs-foundry/node_modules/esbuild/lib/main.js:653:7)
    at Socket.readFromStdout (/mnt/data/Developpement/adonisjs-foundry/node_modules/esbuild/lib/main.js:581:7)
    at Socket.emit (node:events:508:20)

  This error came from the "onResolve" callback registered here:

    node_modules/esbuild/lib/main.js:1141:20:
[37m      1141 │       let promise = [32m[37msetup({
           ╵                     [32m^[0m

    at setup (file:///mnt/data/Developpement/adonisjs-foundry/node_modules/vite/dist/node/chunks/config.js:31657:12)
    at handlePlugins (/mnt/data/Developpement/adonisjs-foundry/node_modules/esbuild/lib/main.js:1141:21)
    at buildOrContextImpl (/mnt/data/Developpement/adonisjs-foundry/node_modules/esbuild/lib/main.js:854:5)
    at Object.buildOrContext (/mnt/data/Developpement/adonisjs-foundry/node_modules/esbuild/lib/main.js:680:5)
    at /mnt/data/Developpement/adonisjs-foundry/node_modules/esbuild/lib/main.js:2035:68
    at new Promise (<anonymous>)
    at Object.context (/mnt/data/Developpement/adonisjs-foundry/node_modules/esbuild/lib/main.js:2035:27)
    at Object.context (/mnt/data/Developpement/adonisjs-foundry/node_modules/esbuild/lib/main.js:1877:58)
    at prepareEsbuildScanner (file:///mnt/data/Developpement/adonisjs-foundry/node_modules/vite/dist/node/chunks/config.js:31454:23)

  The plugin "vite:dep-scan" was triggered by this import

    inertia/pages/auth/cms/form.tsx:7:24:
[37m      7 │ import { useMenu } from [32m'~/hooks/use_admin'[37m
        ╵                         [32m~~~~~~~~~~~~~~~~~~~[0m


[31m✘ [41;31m[[41;97mERROR[41;31m][0m [1mThe server is being restarted or closed. Request is outdated[0m [1m[35m[plugin vite:dep-scan][0m

    node_modules/esbuild/lib/main.js:1217:27:
[37m      1217 │         let result = await [32m[37mcallback({
           ╵                            [32m^[0m

    at throwClosedServerError (file:///mnt/data/Developpement/adonisjs-foundry/node_modules/vite/dist/node/chunks/config.js:28559:32)
    at EnvironmentPluginContainer.resolveId (file:///mnt/data/Developpement/adonisjs-foundry/node_modules/vite/dist/node/chunks/config.js:28691:65)
    at resolveId (file:///mnt/data/Developpement/adonisjs-foundry/node_modules/vite/dist/node/chunks/config.js:31500:38)
    at resolve$4 (file:///mnt/data/Developpement/adonisjs-foundry/node_modules/vite/dist/node/chunks/config.js:31505:22)
    at file:///mnt/data/Developpement/adonisjs-foundry/node_modules/vite/dist/node/chunks/config.js:31658:28
    at requestCallbacks.on-resolve (/mnt/data/Developpement/adonisjs-foundry/node_modules/esbuild/lib/main.js:1217:28)
    at handleRequest (/mnt/data/Developpement/adonisjs-foundry/node_modules/esbuild/lib/main.js:628:17)
    at handleIncomingPacket (/mnt/data/Developpement/adonisjs-foundry/node_modules/esbuild/lib/main.js:653:7)
    at Socket.readFromStdout (/mnt/data/Developpement/adonisjs-foundry/node_modules/esbuild/lib/main.js:581:7)
    at Socket.emit (node:events:508:20)

  This error came from the "onResolve" callback registered here:

    node_modules/esbuild/lib/main.js:1141:20:
[37m      1141 │       let promise = [32m[37msetup({
           ╵                     [32m^[0m

    at setup (file:///mnt/data/Developpement/adonisjs-foundry/node_modules/vite/dist/node/chunks/config.js:31657:12)
    at handlePlugins (/mnt/data/Developpement/adonisjs-foundry/node_modules/esbuild/lib/main.js:1141:21)
    at buildOrContextImpl (/mnt/data/Developpement/adonisjs-foundry/node_modules/esbuild/lib/main.js:854:5)
    at Object.buildOrContext (/mnt/data/Developpement/adonisjs-foundry/node_modules/esbuild/lib/main.js:680:5)
    at /mnt/data/Developpement/adonisjs-foundry/node_modules/esbuild/lib/main.js:2035:68
    at new Promise (<anonymous>)
    at Object.context (/mnt/data/Developpement/adonisjs-foundry/node_modules/esbuild/lib/main.js:2035:27)
    at Object.context (/mnt/data/Developpement/adonisjs-foundry/node_modules/esbuild/lib/main.js:1877:58)
    at prepareEsbuildScanner (file:///mnt/data/Developpement/adonisjs-foundry/node_modules/vite/dist/node/chunks/config.js:31454:23)

  The plugin "vite:dep-scan" was triggered by this import

    inertia/pages/auth/cms/show.tsx:7:24:
[37m      7 │ import { useMenu } from [32m'~/hooks/use_admin'[37m
        ╵                         [32m~~~~~~~~~~~~~~~~~~~[0m


[31m✘ [41;31m[[41;97mERROR[41;31m][0m [1mThe server is being restarted or closed. Request is outdated[0m [1m[35m[plugin vite:dep-scan][0m

    node_modules/esbuild/lib/main.js:1217:27:
[37m      1217 │         let result = await [32m[37mcallback({
           ╵                            [32m^[0m

    at throwClosedServerError (file:///mnt/data/Developpement/adonisjs-foundry/node_modules/vite/dist/node/chunks/config.js:28559:32)
    at EnvironmentPluginContainer.resolveId (file:///mnt/data/Developpement/adonisjs-foundry/node_modules/vite/dist/node/chunks/config.js:28691:65)
    at resolveId (file:///mnt/data/Developpement/adonisjs-foundry/node_modules/vite/dist/node/chunks/config.js:31500:38)
    at resolve$4 (file:///mnt/data/Developpement/adonisjs-foundry/node_modules/vite/dist/node/chunks/config.js:31505:22)
    at file:///mnt/data/Developpement/adonisjs-foundry/node_modules/vite/dist/node/chunks/config.js:31658:28
    at requestCallbacks.on-resolve (/mnt/data/Developpement/adonisjs-foundry/node_modules/esbuild/lib/main.js:1217:28)
    at handleRequest (/mnt/data/Developpement/adonisjs-foundry/node_modules/esbuild/lib/main.js:628:17)
    at handleIncomingPacket (/mnt/data/Developpement/adonisjs-foundry/node_modules/esbuild/lib/main.js:653:7)
    at Socket.readFromStdout (/mnt/data/Developpement/adonisjs-foundry/node_modules/esbuild/lib/main.js:581:7)
    at Socket.emit (node:events:508:20)

  This error came from the "onResolve" callback registered here:

    node_modules/esbuild/lib/main.js:1141:20:
[37m      1141 │       let promise = [32m[37msetup({
           ╵                     [32m^[0m

    at setup (file:///mnt/data/Developpement/adonisjs-foundry/node_modules/vite/dist/node/chunks/config.js:31657:12)
    at handlePlugins (/mnt/data/Developpement/adonisjs-foundry/node_modules/esbuild/lib/main.js:1141:21)
    at buildOrContextImpl (/mnt/data/Developpement/adonisjs-foundry/node_modules/esbuild/lib/main.js:854:5)
    at Object.buildOrContext (/mnt/data/Developpement/adonisjs-foundry/node_modules/esbuild/lib/main.js:680:5)
    at /mnt/data/Developpement/adonisjs-foundry/node_modules/esbuild/lib/main.js:2035:68
    at new Promise (<anonymous>)
    at Object.context (/mnt/data/Developpement/adonisjs-foundry/node_modules/esbuild/lib/main.js:2035:27)
    at Object.context (/mnt/data/Developpement/adonisjs-foundry/node_modules/esbuild/lib/main.js:1877:58)
    at prepareEsbuildScanner (file:///mnt/data/Developpement/adonisjs-foundry/node_modules/vite/dist/node/chunks/config.js:31454:23)

  The plugin "vite:dep-scan" was triggered by this import

    inertia/pages/auth/front/reset_password.tsx:4:24:
[37m      4 │ import { Section } from [32m'~/components/atoms/section'[37m
        ╵                         [32m~~~~~~~~~~~~~~~~~~~~~~~~~~~~[0m


[31m✘ [41;31m[[41;97mERROR[41;31m][0m [1mThe server is being restarted or closed. Request is outdated[0m [1m[35m[plugin vite:dep-scan][0m

    node_modules/esbuild/lib/main.js:1217:27:
[37m      1217 │         let result = await [32m[37mcallback({
           ╵                            [32m^[0m

    at throwClosedServerError (file:///mnt/data/Developpement/adonisjs-foundry/node_modules/vite/dist/node/chunks/config.js:28559:32)
    at EnvironmentPluginContainer.resolveId (file:///mnt/data/Developpement/adonisjs-foundry/node_modules/vite/dist/node/chunks/config.js:28691:65)
    at resolveId (file:///mnt/data/Developpement/adonisjs-foundry/node_modules/vite/dist/node/chunks/config.js:31500:38)
    at resolve$4 (file:///mnt/data/Developpement/adonisjs-foundry/node_modules/vite/dist/node/chunks/config.js:31505:22)
    at file:///mnt/data/Developpement/adonisjs-foundry/node_modules/vite/dist/node/chunks/config.js:31658:28
    at requestCallbacks.on-resolve (/mnt/data/Developpement/adonisjs-foundry/node_modules/esbuild/lib/main.js:1217:28)
    at handleRequest (/mnt/data/Developpement/adonisjs-foundry/node_modules/esbuild/lib/main.js:628:17)
    at handleIncomingPacket (/mnt/data/Developpement/adonisjs-foundry/node_modules/esbuild/lib/main.js:653:7)
    at Socket.readFromStdout (/mnt/data/Developpement/adonisjs-foundry/node_modules/esbuild/lib/main.js:581:7)
    at Socket.emit (node:events:508:20)

  This error came from the "onResolve" callback registered here:

    node_modules/esbuild/lib/main.js:1141:20:
[37m      1141 │       let promise = [32m[37msetup({
           ╵                     [32m^[0m

    at setup (file:///mnt/data/Developpement/adonisjs-foundry/node_modules/vite/dist/node/chunks/config.js:31657:12)
    at handlePlugins (/mnt/data/Developpement/adonisjs-foundry/node_modules/esbuild/lib/main.js:1141:21)
    at buildOrContextImpl (/mnt/data/Developpement/adonisjs-foundry/node_modules/esbuild/lib/main.js:854:5)
    at Object.buildOrContext (/mnt/data/Developpement/adonisjs-foundry/node_modules/esbuild/lib/main.js:680:5)
    at /mnt/data/Developpement/adonisjs-foundry/node_modules/esbuild/lib/main.js:2035:68
    at new Promise (<anonymous>)
    at Object.context (/mnt/data/Developpement/adonisjs-foundry/node_modules/esbuild/lib/main.js:2035:27)
    at Object.context (/mnt/data/Developpement/adonisjs-foundry/node_modules/esbuild/lib/main.js:1877:58)
    at prepareEsbuildScanner (file:///mnt/data/Developpement/adonisjs-foundry/node_modules/vite/dist/node/chunks/config.js:31454:23)

  The plugin "vite:dep-scan" was triggered by this import

    inertia/pages/auth/front/accept_invitation.tsx:4:24:
[37m      4 │ import { Section } from [32m'~/components/atoms/section'[37m
        ╵                         [32m~~~~~~~~~~~~~~~~~~~~~~~~~~~~[0m


[31m✘ [41;31m[[41;97mERROR[41;31m][0m [1mThe server is being restarted or closed. Request is outdated[0m [1m[35m[plugin vite:dep-scan][0m

    node_modules/esbuild/lib/main.js:1217:27:
[37m      1217 │         let result = await [32m[37mcallback({
           ╵                            [32m^[0m

    at throwClosedServerError (file:///mnt/data/Developpement/adonisjs-foundry/node_modules/vite/dist/node/chunks/config.js:28559:32)
    at EnvironmentPluginContainer.resolveId (file:///mnt/data/Developpement/adonisjs-foundry/node_modules/vite/dist/node/chunks/config.js:28691:65)
    at resolveId (file:///mnt/data/Developpement/adonisjs-foundry/node_modules/vite/dist/node/chunks/config.js:31500:38)
    at resolve$4 (file:///mnt/data/Developpement/adonisjs-foundry/node_modules/vite/dist/node/chunks/config.js:31505:22)
    at file:///mnt/data/Developpement/adonisjs-foundry/node_modules/vite/dist/node/chunks/config.js:31658:28
    at requestCallbacks.on-resolve (/mnt/data/Developpement/adonisjs-foundry/node_modules/esbuild/lib/main.js:1217:28)
    at handleRequest (/mnt/data/Developpement/adonisjs-foundry/node_modules/esbuild/lib/main.js:628:17)
    at handleIncomingPacket (/mnt/data/Developpement/adonisjs-foundry/node_modules/esbuild/lib/main.js:653:7)
    at Socket.readFromStdout (/mnt/data/Developpement/adonisjs-foundry/node_modules/esbuild/lib/main.js:581:7)
    at Socket.emit (node:events:508:20)

  This error came from the "onResolve" callback registered here:

    node_modules/esbuild/lib/main.js:1141:20:
[37m      1141 │       let promise = [32m[37msetup({
           ╵                     [32m^[0m

    at setup (file:///mnt/data/Developpement/adonisjs-foundry/node_modules/vite/dist/node/chunks/config.js:31657:12)
    at handlePlugins (/mnt/data/Developpement/adonisjs-foundry/node_modules/esbuild/lib/main.js:1141:21)
    at buildOrContextImpl (/mnt/data/Developpement/adonisjs-foundry/node_modules/esbuild/lib/main.js:854:5)
    at Object.buildOrContext (/mnt/data/Developpement/adonisjs-foundry/node_modules/esbuild/lib/main.js:680:5)
    at /mnt/data/Developpement/adonisjs-foundry/node_modules/esbuild/lib/main.js:2035:68
    at new Promise (<anonymous>)
    at Object.context (/mnt/data/Developpement/adonisjs-foundry/node_modules/esbuild/lib/main.js:2035:27)
    at Object.context (/mnt/data/Developpement/adonisjs-foundry/node_modules/esbuild/lib/main.js:1877:58)
    at prepareEsbuildScanner (file:///mnt/data/Developpement/adonisjs-foundry/node_modules/vite/dist/node/chunks/config.js:31454:23)

  The plugin "vite:dep-scan" was triggered by this import

    inertia/pages/settings/account/front/email_change.tsx:4:24:
[37m      4 │ import { Section } from [32m'~/components/atoms/section'[37m
        ╵                         [32m~~~~~~~~~~~~~~~~~~~~~~~~~~~~[0m


[31m✘ [41;31m[[41;97mERROR[41;31m][0m [1mThe server is being restarted or closed. Request is outdated[0m [1m[35m[plugin vite:dep-scan][0m

    node_modules/esbuild/lib/main.js:1217:27:
[37m      1217 │         let result = await [32m[37mcallback({
           ╵                            [32m^[0m

    at throwClosedServerError (file:///mnt/data/Developpement/adonisjs-foundry/node_modules/vite/dist/node/chunks/config.js:28559:32)
    at EnvironmentPluginContainer.resolveId (file:///mnt/data/Developpement/adonisjs-foundry/node_modules/vite/dist/node/chunks/config.js:28691:65)
    at resolveId (file:///mnt/data/Developpement/adonisjs-foundry/node_modules/vite/dist/node/chunks/config.js:31500:38)
    at resolve$4 (file:///mnt/data/Developpement/adonisjs-foundry/node_modules/vite/dist/node/chunks/config.js:31505:22)
    at file:///mnt/data/Developpement/adonisjs-foundry/node_modules/vite/dist/node/chunks/config.js:31658:28
    at requestCallbacks.on-resolve (/mnt/data/Developpement/adonisjs-foundry/node_modules/esbuild/lib/main.js:1217:28)
    at handleRequest (/mnt/data/Developpement/adonisjs-foundry/node_modules/esbuild/lib/main.js:628:17)
    at handleIncomingPacket (/mnt/data/Developpement/adonisjs-foundry/node_modules/esbuild/lib/main.js:653:7)
    at Socket.readFromStdout (/mnt/data/Developpement/adonisjs-foundry/node_modules/esbuild/lib/main.js:581:7)
    at Socket.emit (node:events:508:20)

  This error came from the "onResolve" callback registered here:

    node_modules/esbuild/lib/main.js:1141:20:
[37m      1141 │       let promise = [32m[37msetup({
           ╵                     [32m^[0m

    at setup (file:///mnt/data/Developpement/adonisjs-foundry/node_modules/vite/dist/node/chunks/config.js:31657:12)
    at handlePlugins (/mnt/data/Developpement/adonisjs-foundry/node_modules/esbuild/lib/main.js:1141:21)
    at buildOrContextImpl (/mnt/data/Developpement/adonisjs-foundry/node_modules/esbuild/lib/main.js:854:5)
    at Object.buildOrContext (/mnt/data/Developpement/adonisjs-foundry/node_modules/esbuild/lib/main.js:680:5)
    at /mnt/data/Developpement/adonisjs-foundry/node_modules/esbuild/lib/main.js:2035:68
    at new Promise (<anonymous>)
    at Object.context (/mnt/data/Developpement/adonisjs-foundry/node_modules/esbuild/lib/main.js:2035:27)
    at Object.context (/mnt/data/Developpement/adonisjs-foundry/node_modules/esbuild/lib/main.js:1877:58)
    at prepareEsbuildScanner (file:///mnt/data/Developpement/adonisjs-foundry/node_modules/vite/dist/node/chunks/config.js:31454:23)

  The plugin "vite:dep-scan" was triggered by this import

    inertia/pages/auth/front/forgot_password.tsx:4:24:
[37m      4 │ import { Section } from [32m'~/components/atoms/section'[37m
        ╵                         [32m~~~~~~~~~~~~~~~~~~~~~~~~~~~~[0m


[31m✘ [41;31m[[41;97mERROR[41;31m][0m [1mThe server is being restarted or closed. Request is outdated[0m [1m[35m[plugin vite:dep-scan][0m

    node_modules/esbuild/lib/main.js:1217:27:
[37m      1217 │         let result = await [32m[37mcallback({
           ╵                            [32m^[0m

    at throwClosedServerError (file:///mnt/data/Developpement/adonisjs-foundry/node_modules/vite/dist/node/chunks/config.js:28559:32)
    at EnvironmentPluginContainer.resolveId (file:///mnt/data/Developpement/adonisjs-foundry/node_modules/vite/dist/node/chunks/config.js:28691:65)
    at resolveId (file:///mnt/data/Developpement/adonisjs-foundry/node_modules/vite/dist/node/chunks/config.js:31500:38)
    at resolve$4 (file:///mnt/data/Developpement/adonisjs-foundry/node_modules/vite/dist/node/chunks/config.js:31505:22)
    at file:///mnt/data/Developpement/adonisjs-foundry/node_modules/vite/dist/node/chunks/config.js:31658:28
    at requestCallbacks.on-resolve (/mnt/data/Developpement/adonisjs-foundry/node_modules/esbuild/lib/main.js:1217:28)
    at handleRequest (/mnt/data/Developpement/adonisjs-foundry/node_modules/esbuild/lib/main.js:628:17)
    at handleIncomingPacket (/mnt/data/Developpement/adonisjs-foundry/node_modules/esbuild/lib/main.js:653:7)
    at Socket.readFromStdout (/mnt/data/Developpement/adonisjs-foundry/node_modules/esbuild/lib/main.js:581:7)
    at Socket.emit (node:events:508:20)

  This error came from the "onResolve" callback registered here:

    node_modules/esbuild/lib/main.js:1141:20:
[37m      1141 │       let promise = [32m[37msetup({
           ╵                     [32m^[0m

    at setup (file:///mnt/data/Developpement/adonisjs-foundry/node_modules/vite/dist/node/chunks/config.js:31657:12)
    at handlePlugins (/mnt/data/Developpement/adonisjs-foundry/node_modules/esbuild/lib/main.js:1141:21)
    at buildOrContextImpl (/mnt/data/Developpement/adonisjs-foundry/node_modules/esbuild/lib/main.js:854:5)
    at Object.buildOrContext (/mnt/data/Developpement/adonisjs-foundry/node_modules/esbuild/lib/main.js:680:5)
    at /mnt/data/Developpement/adonisjs-foundry/node_modules/esbuild/lib/main.js:2035:68
    at new Promise (<anonymous>)
    at Object.context (/mnt/data/Developpement/adonisjs-foundry/node_modules/esbuild/lib/main.js:2035:27)
    at Object.context (/mnt/data/Developpement/adonisjs-foundry/node_modules/esbuild/lib/main.js:1877:58)
    at prepareEsbuildScanner (file:///mnt/data/Developpement/adonisjs-foundry/node_modules/vite/dist/node/chunks/config.js:31454:23)

  The plugin "vite:dep-scan" was triggered by this import

    inertia/pages/auth/front/define_password.tsx:4:24:
[37m      4 │ import { Section } from [32m'~/components/atoms/section'[37m
        ╵                         [32m~~~~~~~~~~~~~~~~~~~~~~~~~~~~[0m


[31m✘ [41;31m[[41;97mERROR[41;31m][0m [1mThe server is being restarted or closed. Request is outdated[0m [1m[35m[plugin vite:dep-scan][0m

    node_modules/esbuild/lib/main.js:1217:27:
[37m      1217 │         let result = await [32m[37mcallback({
           ╵                            [32m^[0m

    at throwClosedServerError (file:///mnt/data/Developpement/adonisjs-foundry/node_modules/vite/dist/node/chunks/config.js:28559:32)
    at EnvironmentPluginContainer.resolveId (file:///mnt/data/Developpement/adonisjs-foundry/node_modules/vite/dist/node/chunks/config.js:28691:65)
    at resolveId (file:///mnt/data/Developpement/adonisjs-foundry/node_modules/vite/dist/node/chunks/config.js:31500:38)
    at resolve$4 (file:///mnt/data/Developpement/adonisjs-foundry/node_modules/vite/dist/node/chunks/config.js:31505:22)
    at file:///mnt/data/Developpement/adonisjs-foundry/node_modules/vite/dist/node/chunks/config.js:31658:28
    at requestCallbacks.on-resolve (/mnt/data/Developpement/adonisjs-foundry/node_modules/esbuild/lib/main.js:1217:28)
    at handleRequest (/mnt/data/Developpement/adonisjs-foundry/node_modules/esbuild/lib/main.js:628:17)
    at handleIncomingPacket (/mnt/data/Developpement/adonisjs-foundry/node_modules/esbuild/lib/main.js:653:7)
    at Socket.readFromStdout (/mnt/data/Developpement/adonisjs-foundry/node_modules/esbuild/lib/main.js:581:7)
    at Socket.emit (node:events:508:20)

  This error came from the "onResolve" callback registered here:

    node_modules/esbuild/lib/main.js:1141:20:
[37m      1141 │       let promise = [32m[37msetup({
           ╵                     [32m^[0m

    at setup (file:///mnt/data/Developpement/adonisjs-foundry/node_modules/vite/dist/node/chunks/config.js:31657:12)
    at handlePlugins (/mnt/data/Developpement/adonisjs-foundry/node_modules/esbuild/lib/main.js:1141:21)
    at buildOrContextImpl (/mnt/data/Developpement/adonisjs-foundry/node_modules/esbuild/lib/main.js:854:5)
    at Object.buildOrContext (/mnt/data/Developpement/adonisjs-foundry/node_modules/esbuild/lib/main.js:680:5)
    at /mnt/data/Developpement/adonisjs-foundry/node_modules/esbuild/lib/main.js:2035:68
    at new Promise (<anonymous>)
    at Object.context (/mnt/data/Developpement/adonisjs-foundry/node_modules/esbuild/lib/main.js:2035:27)
    at Object.context (/mnt/data/Developpement/adonisjs-foundry/node_modules/esbuild/lib/main.js:1877:58)
    at prepareEsbuildScanner (file:///mnt/data/Developpement/adonisjs-foundry/node_modules/vite/dist/node/chunks/config.js:31454:23)

  The plugin "vite:dep-scan" was triggered by this import

    inertia/pages/auth/front/register.tsx:4:24:
[37m      4 │ import { Section } from [32m'~/components/atoms/section'[37m
        ╵                         [32m~~~~~~~~~~~~~~~~~~~~~~~~~~~~[0m


[31m✘ [41;31m[[41;97mERROR[41;31m][0m [1mThe server is being restarted or closed. Request is outdated[0m [1m[35m[plugin vite:dep-scan][0m

    node_modules/esbuild/lib/main.js:1217:27:
[37m      1217 │         let result = await [32m[37mcallback({
           ╵                            [32m^[0m

    at throwClosedServerError (file:///mnt/data/Developpement/adonisjs-foundry/node_modules/vite/dist/node/chunks/config.js:28559:32)
    at EnvironmentPluginContainer.resolveId (file:///mnt/data/Developpement/adonisjs-foundry/node_modules/vite/dist/node/chunks/config.js:28691:65)
    at resolveId (file:///mnt/data/Developpement/adonisjs-foundry/node_modules/vite/dist/node/chunks/config.js:31500:38)
    at resolve$4 (file:///mnt/data/Developpement/adonisjs-foundry/node_modules/vite/dist/node/chunks/config.js:31505:22)
    at file:///mnt/data/Developpement/adonisjs-foundry/node_modules/vite/dist/node/chunks/config.js:31658:28
    at requestCallbacks.on-resolve (/mnt/data/Developpement/adonisjs-foundry/node_modules/esbuild/lib/main.js:1217:28)
    at handleRequest (/mnt/data/Developpement/adonisjs-foundry/node_modules/esbuild/lib/main.js:628:17)
    at handleIncomingPacket (/mnt/data/Developpement/adonisjs-foundry/node_modules/esbuild/lib/main.js:653:7)
    at Socket.readFromStdout (/mnt/data/Developpement/adonisjs-foundry/node_modules/esbuild/lib/main.js:581:7)
    at Socket.emit (node:events:508:20)

  This error came from the "onResolve" callback registered here:

    node_modules/esbuild/lib/main.js:1141:20:
[37m      1141 │       let promise = [32m[37msetup({
           ╵                     [32m^[0m

    at setup (file:///mnt/data/Developpement/adonisjs-foundry/node_modules/vite/dist/node/chunks/config.js:31657:12)
    at handlePlugins (/mnt/data/Developpement/adonisjs-foundry/node_modules/esbuild/lib/main.js:1141:21)
    at buildOrContextImpl (/mnt/data/Developpement/adonisjs-foundry/node_modules/esbuild/lib/main.js:854:5)
    at Object.buildOrContext (/mnt/data/Developpement/adonisjs-foundry/node_modules/esbuild/lib/main.js:680:5)
    at /mnt/data/Developpement/adonisjs-foundry/node_modules/esbuild/lib/main.js:2035:68
    at new Promise (<anonymous>)
    at Object.context (/mnt/data/Developpement/adonisjs-foundry/node_modules/esbuild/lib/main.js:2035:27)
    at Object.context (/mnt/data/Developpement/adonisjs-foundry/node_modules/esbuild/lib/main.js:1877:58)
    at prepareEsbuildScanner (file:///mnt/data/Developpement/adonisjs-foundry/node_modules/vite/dist/node/chunks/config.js:31454:23)

  The plugin "vite:dep-scan" was triggered by this import

    inertia/pages/auth/cms/index.tsx:8:26:
[37m      8 │ import { AdminMain } from [32m'~/components/organisms/admin/admin_main'[37m
        ╵                           [32m~~~~~~~~~~~~~~~~~~~~~~~~~~~~~~~~~~~~~~~~~[0m


[31m✘ [41;31m[[41;97mERROR[41;31m][0m [1mThe server is being restarted or closed. Request is outdated[0m [1m[35m[plugin vite:dep-scan][0m

    node_modules/esbuild/lib/main.js:1217:27:
[37m      1217 │         let result = await [32m[37mcallback({
           ╵                            [32m^[0m

    at throwClosedServerError (file:///mnt/data/Developpement/adonisjs-foundry/node_modules/vite/dist/node/chunks/config.js:28559:32)
    at EnvironmentPluginContainer.resolveId (file:///mnt/data/Developpement/adonisjs-foundry/node_modules/vite/dist/node/chunks/config.js:28691:65)
    at resolveId (file:///mnt/data/Developpement/adonisjs-foundry/node_modules/vite/dist/node/chunks/config.js:31500:38)
    at resolve$4 (file:///mnt/data/Developpement/adonisjs-foundry/node_modules/vite/dist/node/chunks/config.js:31505:22)
    at file:///mnt/data/Developpement/adonisjs-foundry/node_modules/vite/dist/node/chunks/config.js:31658:28
    at requestCallbacks.on-resolve (/mnt/data/Developpement/adonisjs-foundry/node_modules/esbuild/lib/main.js:1217:28)
    at handleRequest (/mnt/data/Developpement/adonisjs-foundry/node_modules/esbuild/lib/main.js:628:17)
    at handleIncomingPacket (/mnt/data/Developpement/adonisjs-foundry/node_modules/esbuild/lib/main.js:653:7)
    at Socket.readFromStdout (/mnt/data/Developpement/adonisjs-foundry/node_modules/esbuild/lib/main.js:581:7)
    at Socket.emit (node:events:508:20)

  This error came from the "onResolve" callback registered here:

    node_modules/esbuild/lib/main.js:1141:20:
[37m      1141 │       let promise = [32m[37msetup({
           ╵                     [32m^[0m

    at setup (file:///mnt/data/Developpement/adonisjs-foundry/node_modules/vite/dist/node/chunks/config.js:31657:12)
    at handlePlugins (/mnt/data/Developpement/adonisjs-foundry/node_modules/esbuild/lib/main.js:1141:21)
    at buildOrContextImpl (/mnt/data/Developpement/adonisjs-foundry/node_modules/esbuild/lib/main.js:854:5)
    at Object.buildOrContext (/mnt/data/Developpement/adonisjs-foundry/node_modules/esbuild/lib/main.js:680:5)
    at /mnt/data/Developpement/adonisjs-foundry/node_modules/esbuild/lib/main.js:2035:68
    at new Promise (<anonymous>)
    at Object.context (/mnt/data/Developpement/adonisjs-foundry/node_modules/esbuild/lib/main.js:2035:27)
    at Object.context (/mnt/data/Developpement/adonisjs-foundry/node_modules/esbuild/lib/main.js:1877:58)
    at prepareEsbuildScanner (file:///mnt/data/Developpement/adonisjs-foundry/node_modules/vite/dist/node/chunks/config.js:31454:23)

  The plugin "vite:dep-scan" was triggered by this import

    inertia/pages/auth/front/login.tsx:5:21:
[37m      5 │ import { Card } from [32m'~/components/atoms/card'[37m
        ╵                      [32m~~~~~~~~~~~~~~~~~~~~~~~~~[0m


[31m✘ [41;31m[[41;97mERROR[41;31m][0m [1mThe server is being restarted or closed. Request is outdated[0m [1m[35m[plugin vite:dep-scan][0m

    node_modules/esbuild/lib/main.js:1217:27:
[37m      1217 │         let result = await [32m[37mcallback({
           ╵                            [32m^[0m

    at throwClosedServerError (file:///mnt/data/Developpement/adonisjs-foundry/node_modules/vite/dist/node/chunks/config.js:28559:32)
    at EnvironmentPluginContainer.resolveId (file:///mnt/data/Developpement/adonisjs-foundry/node_modules/vite/dist/node/chunks/config.js:28691:65)
    at resolveId (file:///mnt/data/Developpement/adonisjs-foundry/node_modules/vite/dist/node/chunks/config.js:31500:38)
    at resolve$4 (file:///mnt/data/Developpement/adonisjs-foundry/node_modules/vite/dist/node/chunks/config.js:31505:22)
    at file:///mnt/data/Developpement/adonisjs-foundry/node_modules/vite/dist/node/chunks/config.js:31630:28
    at requestCallbacks.on-resolve (/mnt/data/Developpement/adonisjs-foundry/node_modules/esbuild/lib/main.js:1217:28)
    at handleRequest (/mnt/data/Developpement/adonisjs-foundry/node_modules/esbuild/lib/main.js:628:17)
    at handleIncomingPacket (/mnt/data/Developpement/adonisjs-foundry/node_modules/esbuild/lib/main.js:653:7)
    at Socket.readFromStdout (/mnt/data/Developpement/adonisjs-foundry/node_modules/esbuild/lib/main.js:581:7)
    at Socket.emit (node:events:508:20)

  This error came from the "onResolve" callback registered here:

    node_modules/esbuild/lib/main.js:1141:20:
[37m      1141 │       let promise = [32m[37msetup({
           ╵                     [32m^[0m

    at setup (file:///mnt/data/Developpement/adonisjs-foundry/node_modules/vite/dist/node/chunks/config.js:31627:12)
    at handlePlugins (/mnt/data/Developpement/adonisjs-foundry/node_modules/esbuild/lib/main.js:1141:21)
    at buildOrContextImpl (/mnt/data/Developpement/adonisjs-foundry/node_modules/esbuild/lib/main.js:854:5)
    at Object.buildOrContext (/mnt/data/Developpement/adonisjs-foundry/node_modules/esbuild/lib/main.js:680:5)
    at /mnt/data/Developpement/adonisjs-foundry/node_modules/esbuild/lib/main.js:2035:68
    at new Promise (<anonymous>)
    at Object.context (/mnt/data/Developpement/adonisjs-foundry/node_modules/esbuild/lib/main.js:2035:27)
    at Object.context (/mnt/data/Developpement/adonisjs-foundry/node_modules/esbuild/lib/main.js:1877:58)
    at prepareEsbuildScanner (file:///mnt/data/Developpement/adonisjs-foundry/node_modules/vite/dist/node/chunks/config.js:31454:23)

  The plugin "vite:dep-scan" was triggered by this import

    inertia/layouts/default.tsx:4:31:
[37m      4 │ import { toast, Toaster } from [32m'sonner'[37m
        ╵                                [32m~~~~~~~~[0m


[31m✘ [41;31m[[41;97mERROR[41;31m][0m [1mThe server is being restarted or closed. Request is outdated[0m [1m[35m[plugin vite:dep-scan][0m

    node_modules/esbuild/lib/main.js:1217:27:
[37m      1217 │         let result = await [32m[37mcallback({
           ╵                            [32m^[0m

    at throwClosedServerError (file:///mnt/data/Developpement/adonisjs-foundry/node_modules/vite/dist/node/chunks/config.js:28559:32)
    at EnvironmentPluginContainer.resolveId (file:///mnt/data/Developpement/adonisjs-foundry/node_modules/vite/dist/node/chunks/config.js:28691:65)
    at resolveId (file:///mnt/data/Developpement/adonisjs-foundry/node_modules/vite/dist/node/chunks/config.js:31500:38)
    at resolve$4 (file:///mnt/data/Developpement/adonisjs-foundry/node_modules/vite/dist/node/chunks/config.js:31505:22)
    at file:///mnt/data/Developpement/adonisjs-foundry/node_modules/vite/dist/node/chunks/config.js:31658:28
    at requestCallbacks.on-resolve (/mnt/data/Developpement/adonisjs-foundry/node_modules/esbuild/lib/main.js:1217:28)
    at handleRequest (/mnt/data/Developpement/adonisjs-foundry/node_modules/esbuild/lib/main.js:628:17)
    at handleIncomingPacket (/mnt/data/Developpement/adonisjs-foundry/node_modules/esbuild/lib/main.js:653:7)
    at Socket.readFromStdout (/mnt/data/Developpement/adonisjs-foundry/node_modules/esbuild/lib/main.js:581:7)
    at Socket.emit (node:events:508:20)

  This error came from the "onResolve" callback registered here:

    node_modules/esbuild/lib/main.js:1141:20:
[37m      1141 │       let promise = [32m[37msetup({
           ╵                     [32m^[0m

    at setup (file:///mnt/data/Developpement/adonisjs-foundry/node_modules/vite/dist/node/chunks/config.js:31657:12)
    at handlePlugins (/mnt/data/Developpement/adonisjs-foundry/node_modules/esbuild/lib/main.js:1141:21)
    at buildOrContextImpl (/mnt/data/Developpement/adonisjs-foundry/node_modules/esbuild/lib/main.js:854:5)
    at Object.buildOrContext (/mnt/data/Developpement/adonisjs-foundry/node_modules/esbuild/lib/main.js:680:5)
    at /mnt/data/Developpement/adonisjs-foundry/node_modules/esbuild/lib/main.js:2035:68
    at new Promise (<anonymous>)
    at Object.context (/mnt/data/Developpement/adonisjs-foundry/node_modules/esbuild/lib/main.js:2035:27)
    at Object.context (/mnt/data/Developpement/adonisjs-foundry/node_modules/esbuild/lib/main.js:1877:58)
    at prepareEsbuildScanner (file:///mnt/data/Developpement/adonisjs-foundry/node_modules/vite/dist/node/chunks/config.js:31454:23)

  The plugin "vite:dep-scan" was triggered by this import

    inertia/pages/auth/cms/form.tsx:8:26:
[37m      8 │ import { CanAccess } from [32m'~/guards/can_access'[37m
        ╵                           [32m~~~~~~~~~~~~~~~~~~~~~[0m


[31m✘ [41;31m[[41;97mERROR[41;31m][0m [1mThe server is being restarted or closed. Request is outdated[0m [1m[35m[plugin vite:dep-scan][0m

    node_modules/esbuild/lib/main.js:1217:27:
[37m      1217 │         let result = await [32m[37mcallback({
           ╵                            [32m^[0m

    at throwClosedServerError (file:///mnt/data/Developpement/adonisjs-foundry/node_modules/vite/dist/node/chunks/config.js:28559:32)
    at EnvironmentPluginContainer.resolveId (file:///mnt/data/Developpement/adonisjs-foundry/node_modules/vite/dist/node/chunks/config.js:28691:65)
    at resolveId (file:///mnt/data/Developpement/adonisjs-foundry/node_modules/vite/dist/node/chunks/config.js:31500:38)
    at resolve$4 (file:///mnt/data/Developpement/adonisjs-foundry/node_modules/vite/dist/node/chunks/config.js:31505:22)
    at file:///mnt/data/Developpement/adonisjs-foundry/node_modules/vite/dist/node/chunks/config.js:31658:28
    at requestCallbacks.on-resolve (/mnt/data/Developpement/adonisjs-foundry/node_modules/esbuild/lib/main.js:1217:28)
    at handleRequest (/mnt/data/Developpement/adonisjs-foundry/node_modules/esbuild/lib/main.js:628:17)
    at handleIncomingPacket (/mnt/data/Developpement/adonisjs-foundry/node_modules/esbuild/lib/main.js:653:7)
    at Socket.readFromStdout (/mnt/data/Developpement/adonisjs-foundry/node_modules/esbuild/lib/main.js:581:7)
    at Socket.emit (node:events:508:20)

  This error came from the "onResolve" callback registered here:

    node_modules/esbuild/lib/main.js:1141:20:
[37m      1141 │       let promise = [32m[37msetup({
           ╵                     [32m^[0m

    at setup (file:///mnt/data/Developpement/adonisjs-foundry/node_modules/vite/dist/node/chunks/config.js:31657:12)
    at handlePlugins (/mnt/data/Developpement/adonisjs-foundry/node_modules/esbuild/lib/main.js:1141:21)
    at buildOrContextImpl (/mnt/data/Developpement/adonisjs-foundry/node_modules/esbuild/lib/main.js:854:5)
    at Object.buildOrContext (/mnt/data/Developpement/adonisjs-foundry/node_modules/esbuild/lib/main.js:680:5)
    at /mnt/data/Developpement/adonisjs-foundry/node_modules/esbuild/lib/main.js:2035:68
    at new Promise (<anonymous>)
    at Object.context (/mnt/data/Developpement/adonisjs-foundry/node_modules/esbuild/lib/main.js:2035:27)
    at Object.context (/mnt/data/Developpement/adonisjs-foundry/node_modules/esbuild/lib/main.js:1877:58)
    at prepareEsbuildScanner (file:///mnt/data/Developpement/adonisjs-foundry/node_modules/vite/dist/node/chunks/config.js:31454:23)

  The plugin "vite:dep-scan" was triggered by this import

    inertia/pages/auth/cms/show.tsx:8:26:
[37m      8 │ import { CanAccess } from [32m'~/guards/can_access'[37m
        ╵                           [32m~~~~~~~~~~~~~~~~~~~~~[0m


[31m✘ [41;31m[[41;97mERROR[41;31m][0m [1mThe server is being restarted or closed. Request is outdated[0m [1m[35m[plugin vite:dep-scan][0m

    node_modules/esbuild/lib/main.js:1217:27:
[37m      1217 │         let result = await [32m[37mcallback({
           ╵                            [32m^[0m

    at throwClosedServerError (file:///mnt/data/Developpement/adonisjs-foundry/node_modules/vite/dist/node/chunks/config.js:28559:32)
    at EnvironmentPluginContainer.resolveId (file:///mnt/data/Developpement/adonisjs-foundry/node_modules/vite/dist/node/chunks/config.js:28691:65)
    at resolveId (file:///mnt/data/Developpement/adonisjs-foundry/node_modules/vite/dist/node/chunks/config.js:31500:38)
    at resolve$4 (file:///mnt/data/Developpement/adonisjs-foundry/node_modules/vite/dist/node/chunks/config.js:31505:22)
    at file:///mnt/data/Developpement/adonisjs-foundry/node_modules/vite/dist/node/chunks/config.js:31658:28
    at requestCallbacks.on-resolve (/mnt/data/Developpement/adonisjs-foundry/node_modules/esbuild/lib/main.js:1217:28)
    at handleRequest (/mnt/data/Developpement/adonisjs-foundry/node_modules/esbuild/lib/main.js:628:17)
    at handleIncomingPacket (/mnt/data/Developpement/adonisjs-foundry/node_modules/esbuild/lib/main.js:653:7)
    at Socket.readFromStdout (/mnt/data/Developpement/adonisjs-foundry/node_modules/esbuild/lib/main.js:581:7)
    at Socket.emit (node:events:508:20)

  This error came from the "onResolve" callback registered here:

    node_modules/esbuild/lib/main.js:1141:20:
[37m      1141 │       let promise = [32m[37msetup({
           ╵                     [32m^[0m

    at setup (file:///mnt/data/Developpement/adonisjs-foundry/node_modules/vite/dist/node/chunks/config.js:31657:12)
    at handlePlugins (/mnt/data/Developpement/adonisjs-foundry/node_modules/esbuild/lib/main.js:1141:21)
    at buildOrContextImpl (/mnt/data/Developpement/adonisjs-foundry/node_modules/esbuild/lib/main.js:854:5)
    at Object.buildOrContext (/mnt/data/Developpement/adonisjs-foundry/node_modules/esbuild/lib/main.js:680:5)
    at /mnt/data/Developpement/adonisjs-foundry/node_modules/esbuild/lib/main.js:2035:68
    at new Promise (<anonymous>)
    at Object.context (/mnt/data/Developpement/adonisjs-foundry/node_modules/esbuild/lib/main.js:2035:27)
    at Object.context (/mnt/data/Developpement/adonisjs-foundry/node_modules/esbuild/lib/main.js:1877:58)
    at prepareEsbuildScanner (file:///mnt/data/Developpement/adonisjs-foundry/node_modules/vite/dist/node/chunks/config.js:31454:23)

  The plugin "vite:dep-scan" was triggered by this import

    inertia/pages/settings/profile/front/index.tsx:5:34:
[37m      5 │ import { useFormValidation } from [32m'~/hooks/use_form_validation'[37m
        ╵                                   [32m~~~~~~~~~~~~~~~~~~~~~~~~~~~~~[0m


[31m✘ [41;31m[[41;97mERROR[41;31m][0m [1mThe server is being restarted or closed. Request is outdated[0m [1m[35m[plugin vite:dep-scan][0m

    node_modules/esbuild/lib/main.js:1217:27:
[37m      1217 │         let result = await [32m[37mcallback({
           ╵                            [32m^[0m

    at throwClosedServerError (file:///mnt/data/Developpement/adonisjs-foundry/node_modules/vite/dist/node/chunks/config.js:28559:32)
    at EnvironmentPluginContainer.resolveId (file:///mnt/data/Developpement/adonisjs-foundry/node_modules/vite/dist/node/chunks/config.js:28691:65)
    at resolveId (file:///mnt/data/Developpement/adonisjs-foundry/node_modules/vite/dist/node/chunks/config.js:31500:38)
    at resolve$4 (file:///mnt/data/Developpement/adonisjs-foundry/node_modules/vite/dist/node/chunks/config.js:31505:22)
    at file:///mnt/data/Developpement/adonisjs-foundry/node_modules/vite/dist/node/chunks/config.js:31658:28
    at requestCallbacks.on-resolve (/mnt/data/Developpement/adonisjs-foundry/node_modules/esbuild/lib/main.js:1217:28)
    at handleRequest (/mnt/data/Developpement/adonisjs-foundry/node_modules/esbuild/lib/main.js:628:17)
    at handleIncomingPacket (/mnt/data/Developpement/adonisjs-foundry/node_modules/esbuild/lib/main.js:653:7)
    at Socket.readFromStdout (/mnt/data/Developpement/adonisjs-foundry/node_modules/esbuild/lib/main.js:581:7)
    at Socket.emit (node:events:508:20)

  This error came from the "onResolve" callback registered here:

    node_modules/esbuild/lib/main.js:1141:20:
[37m      1141 │       let promise = [32m[37msetup({
           ╵                     [32m^[0m

    at setup (file:///mnt/data/Developpement/adonisjs-foundry/node_modules/vite/dist/node/chunks/config.js:31657:12)
    at handlePlugins (/mnt/data/Developpement/adonisjs-foundry/node_modules/esbuild/lib/main.js:1141:21)
    at buildOrContextImpl (/mnt/data/Developpement/adonisjs-foundry/node_modules/esbuild/lib/main.js:854:5)
    at Object.buildOrContext (/mnt/data/Developpement/adonisjs-foundry/node_modules/esbuild/lib/main.js:680:5)
    at /mnt/data/Developpement/adonisjs-foundry/node_modules/esbuild/lib/main.js:2035:68
    at new Promise (<anonymous>)
    at Object.context (/mnt/data/Developpement/adonisjs-foundry/node_modules/esbuild/lib/main.js:2035:27)
    at Object.context (/mnt/data/Developpement/adonisjs-foundry/node_modules/esbuild/lib/main.js:1877:58)
    at prepareEsbuildScanner (file:///mnt/data/Developpement/adonisjs-foundry/node_modules/vite/dist/node/chunks/config.js:31454:23)

  The plugin "vite:dep-scan" was triggered by this import

    inertia/pages/settings/preferences/front/index.tsx:5:34:
[37m      5 │ import { useFormValidation } from [32m'~/hooks/use_form_validation'[37m
        ╵                                   [32m~~~~~~~~~~~~~~~~~~~~~~~~~~~~~[0m


[31m✘ [41;31m[[41;97mERROR[41;31m][0m [1mThe server is being restarted or closed. Request is outdated[0m [1m[35m[plugin vite:dep-scan][0m

    node_modules/esbuild/lib/main.js:1217:27:
[37m      1217 │         let result = await [32m[37mcallback({
           ╵                            [32m^[0m

    at throwClosedServerError (file:///mnt/data/Developpement/adonisjs-foundry/node_modules/vite/dist/node/chunks/config.js:28559:32)
    at EnvironmentPluginContainer.resolveId (file:///mnt/data/Developpement/adonisjs-foundry/node_modules/vite/dist/node/chunks/config.js:28691:65)
    at resolveId (file:///mnt/data/Developpement/adonisjs-foundry/node_modules/vite/dist/node/chunks/config.js:31500:38)
    at resolve$4 (file:///mnt/data/Developpement/adonisjs-foundry/node_modules/vite/dist/node/chunks/config.js:31505:22)
    at file:///mnt/data/Developpement/adonisjs-foundry/node_modules/vite/dist/node/chunks/config.js:31658:28
    at requestCallbacks.on-resolve (/mnt/data/Developpement/adonisjs-foundry/node_modules/esbuild/lib/main.js:1217:28)
    at handleRequest (/mnt/data/Developpement/adonisjs-foundry/node_modules/esbuild/lib/main.js:628:17)
    at handleIncomingPacket (/mnt/data/Developpement/adonisjs-foundry/node_modules/esbuild/lib/main.js:653:7)
    at Socket.readFromStdout (/mnt/data/Developpement/adonisjs-foundry/node_modules/esbuild/lib/main.js:581:7)
    at Socket.emit (node:events:508:20)

  This error came from the "onResolve" callback registered here:

    node_modules/esbuild/lib/main.js:1141:20:
[37m      1141 │       let promise = [32m[37msetup({
           ╵                     [32m^[0m

    at setup (file:///mnt/data/Developpement/adonisjs-foundry/node_modules/vite/dist/node/chunks/config.js:31657:12)
    at handlePlugins (/mnt/data/Developpement/adonisjs-foundry/node_modules/esbuild/lib/main.js:1141:21)
    at buildOrContextImpl (/mnt/data/Developpement/adonisjs-foundry/node_modules/esbuild/lib/main.js:854:5)
    at Object.buildOrContext (/mnt/data/Developpement/adonisjs-foundry/node_modules/esbuild/lib/main.js:680:5)
    at /mnt/data/Developpement/adonisjs-foundry/node_modules/esbuild/lib/main.js:2035:68
    at new Promise (<anonymous>)
    at Object.context (/mnt/data/Developpement/adonisjs-foundry/node_modules/esbuild/lib/main.js:2035:27)
    at Object.context (/mnt/data/Developpement/adonisjs-foundry/node_modules/esbuild/lib/main.js:1877:58)
    at prepareEsbuildScanner (file:///mnt/data/Developpement/adonisjs-foundry/node_modules/vite/dist/node/chunks/config.js:31454:23)

  The plugin "vite:dep-scan" was triggered by this import

    inertia/pages/settings/account/front/index.tsx:5:34:
[37m      5 │ import { useFormValidation } from [32m'~/hooks/use_form_validation'[37m
        ╵                                   [32m~~~~~~~~~~~~~~~~~~~~~~~~~~~~~[0m


[31m✘ [41;31m[[41;97mERROR[41;31m][0m [1mThe server is being restarted or closed. Request is outdated[0m [1m[35m[plugin vite:dep-scan][0m

    node_modules/esbuild/lib/main.js:1217:27:
[37m      1217 │         let result = await [32m[37mcallback({
           ╵                            [32m^[0m

    at throwClosedServerError (file:///mnt/data/Developpement/adonisjs-foundry/node_modules/vite/dist/node/chunks/config.js:28559:32)
    at EnvironmentPluginContainer.resolveId (file:///mnt/data/Developpement/adonisjs-foundry/node_modules/vite/dist/node/chunks/config.js:28691:65)
    at resolveId (file:///mnt/data/Developpement/adonisjs-foundry/node_modules/vite/dist/node/chunks/config.js:31500:38)
    at resolve$4 (file:///mnt/data/Developpement/adonisjs-foundry/node_modules/vite/dist/node/chunks/config.js:31505:22)
    at file:///mnt/data/Developpement/adonisjs-foundry/node_modules/vite/dist/node/chunks/config.js:31658:28
    at requestCallbacks.on-resolve (/mnt/data/Developpement/adonisjs-foundry/node_modules/esbuild/lib/main.js:1217:28)
    at handleRequest (/mnt/data/Developpement/adonisjs-foundry/node_modules/esbuild/lib/main.js:628:17)
    at handleIncomingPacket (/mnt/data/Developpement/adonisjs-foundry/node_modules/esbuild/lib/main.js:653:7)
    at Socket.readFromStdout (/mnt/data/Developpement/adonisjs-foundry/node_modules/esbuild/lib/main.js:581:7)
    at Socket.emit (node:events:508:20)

  This error came from the "onResolve" callback registered here:

    node_modules/esbuild/lib/main.js:1141:20:
[37m      1141 │       let promise = [32m[37msetup({
           ╵                     [32m^[0m

    at setup (file:///mnt/data/Developpement/adonisjs-foundry/node_modules/vite/dist/node/chunks/config.js:31657:12)
    at handlePlugins (/mnt/data/Developpement/adonisjs-foundry/node_modules/esbuild/lib/main.js:1141:21)
    at buildOrContextImpl (/mnt/data/Developpement/adonisjs-foundry/node_modules/esbuild/lib/main.js:854:5)
    at Object.buildOrContext (/mnt/data/Developpement/adonisjs-foundry/node_modules/esbuild/lib/main.js:680:5)
    at /mnt/data/Developpement/adonisjs-foundry/node_modules/esbuild/lib/main.js:2035:68
    at new Promise (<anonymous>)
    at Object.context (/mnt/data/Developpement/adonisjs-foundry/node_modules/esbuild/lib/main.js:2035:27)
    at Object.context (/mnt/data/Developpement/adonisjs-foundry/node_modules/esbuild/lib/main.js:1877:58)
    at prepareEsbuildScanner (file:///mnt/data/Developpement/adonisjs-foundry/node_modules/vite/dist/node/chunks/config.js:31454:23)

  The plugin "vite:dep-scan" was triggered by this import

    inertia/pages/auth/front/reset_password.tsx:5:21:
[37m      5 │ import { Card } from [32m'~/components/atoms/card'[37m
        ╵                      [32m~~~~~~~~~~~~~~~~~~~~~~~~~[0m


[31m✘ [41;31m[[41;97mERROR[41;31m][0m [1mThe server is being restarted or closed. Request is outdated[0m [1m[35m[plugin vite:dep-scan][0m

    node_modules/esbuild/lib/main.js:1217:27:
[37m      1217 │         let result = await [32m[37mcallback({
           ╵                            [32m^[0m

    at throwClosedServerError (file:///mnt/data/Developpement/adonisjs-foundry/node_modules/vite/dist/node/chunks/config.js:28559:32)
    at EnvironmentPluginContainer.resolveId (file:///mnt/data/Developpement/adonisjs-foundry/node_modules/vite/dist/node/chunks/config.js:28691:65)
    at resolveId (file:///mnt/data/Developpement/adonisjs-foundry/node_modules/vite/dist/node/chunks/config.js:31500:38)
    at resolve$4 (file:///mnt/data/Developpement/adonisjs-foundry/node_modules/vite/dist/node/chunks/config.js:31505:22)
    at file:///mnt/data/Developpement/adonisjs-foundry/node_modules/vite/dist/node/chunks/config.js:31658:28
    at requestCallbacks.on-resolve (/mnt/data/Developpement/adonisjs-foundry/node_modules/esbuild/lib/main.js:1217:28)
    at handleRequest (/mnt/data/Developpement/adonisjs-foundry/node_modules/esbuild/lib/main.js:628:17)
    at handleIncomingPacket (/mnt/data/Developpement/adonisjs-foundry/node_modules/esbuild/lib/main.js:653:7)
    at Socket.readFromStdout (/mnt/data/Developpement/adonisjs-foundry/node_modules/esbuild/lib/main.js:581:7)
    at Socket.emit (node:events:508:20)

  This error came from the "onResolve" callback registered here:

    node_modules/esbuild/lib/main.js:1141:20:
[37m      1141 │       let promise = [32m[37msetup({
           ╵                     [32m^[0m

    at setup (file:///mnt/data/Developpement/adonisjs-foundry/node_modules/vite/dist/node/chunks/config.js:31657:12)
    at handlePlugins (/mnt/data/Developpement/adonisjs-foundry/node_modules/esbuild/lib/main.js:1141:21)
    at buildOrContextImpl (/mnt/data/Developpement/adonisjs-foundry/node_modules/esbuild/lib/main.js:854:5)
    at Object.buildOrContext (/mnt/data/Developpement/adonisjs-foundry/node_modules/esbuild/lib/main.js:680:5)
    at /mnt/data/Developpement/adonisjs-foundry/node_modules/esbuild/lib/main.js:2035:68
    at new Promise (<anonymous>)
    at Object.context (/mnt/data/Developpement/adonisjs-foundry/node_modules/esbuild/lib/main.js:2035:27)
    at Object.context (/mnt/data/Developpement/adonisjs-foundry/node_modules/esbuild/lib/main.js:1877:58)
    at prepareEsbuildScanner (file:///mnt/data/Developpement/adonisjs-foundry/node_modules/vite/dist/node/chunks/config.js:31454:23)

  The plugin "vite:dep-scan" was triggered by this import

    inertia/pages/auth/front/accept_invitation.tsx:5:21:
[37m      5 │ import { Card } from [32m'~/components/atoms/card'[37m
        ╵                      [32m~~~~~~~~~~~~~~~~~~~~~~~~~[0m


[31m✘ [41;31m[[41;97mERROR[41;31m][0m [1mThe server is being restarted or closed. Request is outdated[0m [1m[35m[plugin vite:dep-scan][0m

    node_modules/esbuild/lib/main.js:1217:27:
[37m      1217 │         let result = await [32m[37mcallback({
           ╵                            [32m^[0m

    at throwClosedServerError (file:///mnt/data/Developpement/adonisjs-foundry/node_modules/vite/dist/node/chunks/config.js:28559:32)
    at EnvironmentPluginContainer.resolveId (file:///mnt/data/Developpement/adonisjs-foundry/node_modules/vite/dist/node/chunks/config.js:28691:65)
    at resolveId (file:///mnt/data/Developpement/adonisjs-foundry/node_modules/vite/dist/node/chunks/config.js:31500:38)
    at resolve$4 (file:///mnt/data/Developpement/adonisjs-foundry/node_modules/vite/dist/node/chunks/config.js:31505:22)
    at file:///mnt/data/Developpement/adonisjs-foundry/node_modules/vite/dist/node/chunks/config.js:31658:28
    at requestCallbacks.on-resolve (/mnt/data/Developpement/adonisjs-foundry/node_modules/esbuild/lib/main.js:1217:28)
    at handleRequest (/mnt/data/Developpement/adonisjs-foundry/node_modules/esbuild/lib/main.js:628:17)
    at handleIncomingPacket (/mnt/data/Developpement/adonisjs-foundry/node_modules/esbuild/lib/main.js:653:7)
    at Socket.readFromStdout (/mnt/data/Developpement/adonisjs-foundry/node_modules/esbuild/lib/main.js:581:7)
    at Socket.emit (node:events:508:20)

  This error came from the "onResolve" callback registered here:

    node_modules/esbuild/lib/main.js:1141:20:
[37m      1141 │       let promise = [32m[37msetup({
           ╵                     [32m^[0m

    at setup (file:///mnt/data/Developpement/adonisjs-foundry/node_modules/vite/dist/node/chunks/config.js:31657:12)
    at handlePlugins (/mnt/data/Developpement/adonisjs-foundry/node_modules/esbuild/lib/main.js:1141:21)
    at buildOrContextImpl (/mnt/data/Developpement/adonisjs-foundry/node_modules/esbuild/lib/main.js:854:5)
    at Object.buildOrContext (/mnt/data/Developpement/adonisjs-foundry/node_modules/esbuild/lib/main.js:680:5)
    at /mnt/data/Developpement/adonisjs-foundry/node_modules/esbuild/lib/main.js:2035:68
    at new Promise (<anonymous>)
    at Object.context (/mnt/data/Developpement/adonisjs-foundry/node_modules/esbuild/lib/main.js:2035:27)
    at Object.context (/mnt/data/Developpement/adonisjs-foundry/node_modules/esbuild/lib/main.js:1877:58)
    at prepareEsbuildScanner (file:///mnt/data/Developpement/adonisjs-foundry/node_modules/vite/dist/node/chunks/config.js:31454:23)

  The plugin "vite:dep-scan" was triggered by this import

    inertia/pages/settings/account/front/email_change.tsx:5:21:
[37m      5 │ import { Card } from [32m'~/components/atoms/card'[37m
        ╵                      [32m~~~~~~~~~~~~~~~~~~~~~~~~~[0m


[31m✘ [41;31m[[41;97mERROR[41;31m][0m [1mThe server is being restarted or closed. Request is outdated[0m [1m[35m[plugin vite:dep-scan][0m

    node_modules/esbuild/lib/main.js:1217:27:
[37m      1217 │         let result = await [32m[37mcallback({
           ╵                            [32m^[0m

    at throwClosedServerError (file:///mnt/data/Developpement/adonisjs-foundry/node_modules/vite/dist/node/chunks/config.js:28559:32)
    at EnvironmentPluginContainer.resolveId (file:///mnt/data/Developpement/adonisjs-foundry/node_modules/vite/dist/node/chunks/config.js:28691:65)
    at resolveId (file:///mnt/data/Developpement/adonisjs-foundry/node_modules/vite/dist/node/chunks/config.js:31500:38)
    at resolve$4 (file:///mnt/data/Developpement/adonisjs-foundry/node_modules/vite/dist/node/chunks/config.js:31505:22)
    at file:///mnt/data/Developpement/adonisjs-foundry/node_modules/vite/dist/node/chunks/config.js:31658:28
    at requestCallbacks.on-resolve (/mnt/data/Developpement/adonisjs-foundry/node_modules/esbuild/lib/main.js:1217:28)
    at handleRequest (/mnt/data/Developpement/adonisjs-foundry/node_modules/esbuild/lib/main.js:628:17)
    at handleIncomingPacket (/mnt/data/Developpement/adonisjs-foundry/node_modules/esbuild/lib/main.js:653:7)
    at Socket.readFromStdout (/mnt/data/Developpement/adonisjs-foundry/node_modules/esbuild/lib/main.js:581:7)
    at Socket.emit (node:events:508:20)

  This error came from the "onResolve" callback registered here:

    node_modules/esbuild/lib/main.js:1141:20:
[37m      1141 │       let promise = [32m[37msetup({
           ╵                     [32m^[0m

    at setup (file:///mnt/data/Developpement/adonisjs-foundry/node_modules/vite/dist/node/chunks/config.js:31657:12)
    at handlePlugins (/mnt/data/Developpement/adonisjs-foundry/node_modules/esbuild/lib/main.js:1141:21)
    at buildOrContextImpl (/mnt/data/Developpement/adonisjs-foundry/node_modules/esbuild/lib/main.js:854:5)
    at Object.buildOrContext (/mnt/data/Developpement/adonisjs-foundry/node_modules/esbuild/lib/main.js:680:5)
    at /mnt/data/Developpement/adonisjs-foundry/node_modules/esbuild/lib/main.js:2035:68
    at new Promise (<anonymous>)
    at Object.context (/mnt/data/Developpement/adonisjs-foundry/node_modules/esbuild/lib/main.js:2035:27)
    at Object.context (/mnt/data/Developpement/adonisjs-foundry/node_modules/esbuild/lib/main.js:1877:58)
    at prepareEsbuildScanner (file:///mnt/data/Developpement/adonisjs-foundry/node_modules/vite/dist/node/chunks/config.js:31454:23)

  The plugin "vite:dep-scan" was triggered by this import

    inertia/pages/auth/front/forgot_password.tsx:5:21:
[37m      5 │ import { Card } from [32m'~/components/atoms/card'[37m
        ╵                      [32m~~~~~~~~~~~~~~~~~~~~~~~~~[0m


[31m✘ [41;31m[[41;97mERROR[41;31m][0m [1mThe server is being restarted or closed. Request is outdated[0m [1m[35m[plugin vite:dep-scan][0m

    node_modules/esbuild/lib/main.js:1217:27:
[37m      1217 │         let result = await [32m[37mcallback({
           ╵                            [32m^[0m

    at throwClosedServerError (file:///mnt/data/Developpement/adonisjs-foundry/node_modules/vite/dist/node/chunks/config.js:28559:32)
    at EnvironmentPluginContainer.resolveId (file:///mnt/data/Developpement/adonisjs-foundry/node_modules/vite/dist/node/chunks/config.js:28691:65)
    at resolveId (file:///mnt/data/Developpement/adonisjs-foundry/node_modules/vite/dist/node/chunks/config.js:31500:38)
    at resolve$4 (file:///mnt/data/Developpement/adonisjs-foundry/node_modules/vite/dist/node/chunks/config.js:31505:22)
    at file:///mnt/data/Developpement/adonisjs-foundry/node_modules/vite/dist/node/chunks/config.js:31658:28
    at requestCallbacks.on-resolve (/mnt/data/Developpement/adonisjs-foundry/node_modules/esbuild/lib/main.js:1217:28)
    at handleRequest (/mnt/data/Developpement/adonisjs-foundry/node_modules/esbuild/lib/main.js:628:17)
    at handleIncomingPacket (/mnt/data/Developpement/adonisjs-foundry/node_modules/esbuild/lib/main.js:653:7)
    at Socket.readFromStdout (/mnt/data/Developpement/adonisjs-foundry/node_modules/esbuild/lib/main.js:581:7)
    at Socket.emit (node:events:508:20)

  This error came from the "onResolve" callback registered here:

    node_modules/esbuild/lib/main.js:1141:20:
[37m      1141 │       let promise = [32m[37msetup({
           ╵                     [32m^[0m

    at setup (file:///mnt/data/Developpement/adonisjs-foundry/node_modules/vite/dist/node/chunks/config.js:31657:12)
    at handlePlugins (/mnt/data/Developpement/adonisjs-foundry/node_modules/esbuild/lib/main.js:1141:21)
    at buildOrContextImpl (/mnt/data/Developpement/adonisjs-foundry/node_modules/esbuild/lib/main.js:854:5)
    at Object.buildOrContext (/mnt/data/Developpement/adonisjs-foundry/node_modules/esbuild/lib/main.js:680:5)
    at /mnt/data/Developpement/adonisjs-foundry/node_modules/esbuild/lib/main.js:2035:68
    at new Promise (<anonymous>)
    at Object.context (/mnt/data/Developpement/adonisjs-foundry/node_modules/esbuild/lib/main.js:2035:27)
    at Object.context (/mnt/data/Developpement/adonisjs-foundry/node_modules/esbuild/lib/main.js:1877:58)
    at prepareEsbuildScanner (file:///mnt/data/Developpement/adonisjs-foundry/node_modules/vite/dist/node/chunks/config.js:31454:23)

  The plugin "vite:dep-scan" was triggered by this import

    inertia/pages/auth/front/define_password.tsx:5:21:
[37m      5 │ import { Card } from [32m'~/components/atoms/card'[37m
        ╵                      [32m~~~~~~~~~~~~~~~~~~~~~~~~~[0m


[31m✘ [41;31m[[41;97mERROR[41;31m][0m [1mThe server is being restarted or closed. Request is outdated[0m [1m[35m[plugin vite:dep-scan][0m

    node_modules/esbuild/lib/main.js:1217:27:
[37m      1217 │         let result = await [32m[37mcallback({
           ╵                            [32m^[0m

    at throwClosedServerError (file:///mnt/data/Developpement/adonisjs-foundry/node_modules/vite/dist/node/chunks/config.js:28559:32)
    at EnvironmentPluginContainer.resolveId (file:///mnt/data/Developpement/adonisjs-foundry/node_modules/vite/dist/node/chunks/config.js:28691:65)
    at resolveId (file:///mnt/data/Developpement/adonisjs-foundry/node_modules/vite/dist/node/chunks/config.js:31500:38)
    at resolve$4 (file:///mnt/data/Developpement/adonisjs-foundry/node_modules/vite/dist/node/chunks/config.js:31505:22)
    at file:///mnt/data/Developpement/adonisjs-foundry/node_modules/vite/dist/node/chunks/config.js:31658:28
    at requestCallbacks.on-resolve (/mnt/data/Developpement/adonisjs-foundry/node_modules/esbuild/lib/main.js:1217:28)
    at handleRequest (/mnt/data/Developpement/adonisjs-foundry/node_modules/esbuild/lib/main.js:628:17)
    at handleIncomingPacket (/mnt/data/Developpement/adonisjs-foundry/node_modules/esbuild/lib/main.js:653:7)
    at Socket.readFromStdout (/mnt/data/Developpement/adonisjs-foundry/node_modules/esbuild/lib/main.js:581:7)
    at Socket.emit (node:events:508:20)

  This error came from the "onResolve" callback registered here:

    node_modules/esbuild/lib/main.js:1141:20:
[37m      1141 │       let promise = [32m[37msetup({
           ╵                     [32m^[0m

    at setup (file:///mnt/data/Developpement/adonisjs-foundry/node_modules/vite/dist/node/chunks/config.js:31657:12)
    at handlePlugins (/mnt/data/Developpement/adonisjs-foundry/node_modules/esbuild/lib/main.js:1141:21)
    at buildOrContextImpl (/mnt/data/Developpement/adonisjs-foundry/node_modules/esbuild/lib/main.js:854:5)
    at Object.buildOrContext (/mnt/data/Developpement/adonisjs-foundry/node_modules/esbuild/lib/main.js:680:5)
    at /mnt/data/Developpement/adonisjs-foundry/node_modules/esbuild/lib/main.js:2035:68
    at new Promise (<anonymous>)
    at Object.context (/mnt/data/Developpement/adonisjs-foundry/node_modules/esbuild/lib/main.js:2035:27)
    at Object.context (/mnt/data/Developpement/adonisjs-foundry/node_modules/esbuild/lib/main.js:1877:58)
    at prepareEsbuildScanner (file:///mnt/data/Developpement/adonisjs-foundry/node_modules/vite/dist/node/chunks/config.js:31454:23)

  The plugin "vite:dep-scan" was triggered by this import

    inertia/pages/auth/front/register.tsx:5:26:
[37m      5 │ import { AuthIntro } from [32m'~/components/molecules/auth/auth_intro'[37m
        ╵                           [32m~~~~~~~~~~~~~~~~~~~~~~~~~~~~~~~~~~~~~~~~[0m


[31m✘ [41;31m[[41;97mERROR[41;31m][0m [1mThe server is being restarted or closed. Request is outdated[0m [1m[35m[plugin vite:dep-scan][0m

    node_modules/esbuild/lib/main.js:1217:27:
[37m      1217 │         let result = await [32m[37mcallback({
           ╵                            [32m^[0m

    at throwClosedServerError (file:///mnt/data/Developpement/adonisjs-foundry/node_modules/vite/dist/node/chunks/config.js:28559:32)
    at EnvironmentPluginContainer.resolveId (file:///mnt/data/Developpement/adonisjs-foundry/node_modules/vite/dist/node/chunks/config.js:28691:65)
    at resolveId (file:///mnt/data/Developpement/adonisjs-foundry/node_modules/vite/dist/node/chunks/config.js:31500:38)
    at resolve$4 (file:///mnt/data/Developpement/adonisjs-foundry/node_modules/vite/dist/node/chunks/config.js:31505:22)
    at file:///mnt/data/Developpement/adonisjs-foundry/node_modules/vite/dist/node/chunks/config.js:31658:28
    at requestCallbacks.on-resolve (/mnt/data/Developpement/adonisjs-foundry/node_modules/esbuild/lib/main.js:1217:28)
    at handleRequest (/mnt/data/Developpement/adonisjs-foundry/node_modules/esbuild/lib/main.js:628:17)
    at handleIncomingPacket (/mnt/data/Developpement/adonisjs-foundry/node_modules/esbuild/lib/main.js:653:7)
    at Socket.readFromStdout (/mnt/data/Developpement/adonisjs-foundry/node_modules/esbuild/lib/main.js:581:7)
    at Socket.emit (node:events:508:20)

  This error came from the "onResolve" callback registered here:

    node_modules/esbuild/lib/main.js:1141:20:
[37m      1141 │       let promise = [32m[37msetup({
           ╵                     [32m^[0m

    at setup (file:///mnt/data/Developpement/adonisjs-foundry/node_modules/vite/dist/node/chunks/config.js:31657:12)
    at handlePlugins (/mnt/data/Developpement/adonisjs-foundry/node_modules/esbuild/lib/main.js:1141:21)
    at buildOrContextImpl (/mnt/data/Developpement/adonisjs-foundry/node_modules/esbuild/lib/main.js:854:5)
    at Object.buildOrContext (/mnt/data/Developpement/adonisjs-foundry/node_modules/esbuild/lib/main.js:680:5)
    at /mnt/data/Developpement/adonisjs-foundry/node_modules/esbuild/lib/main.js:2035:68
    at new Promise (<anonymous>)
    at Object.context (/mnt/data/Developpement/adonisjs-foundry/node_modules/esbuild/lib/main.js:2035:27)
    at Object.context (/mnt/data/Developpement/adonisjs-foundry/node_modules/esbuild/lib/main.js:1877:58)
    at prepareEsbuildScanner (file:///mnt/data/Developpement/adonisjs-foundry/node_modules/vite/dist/node/chunks/config.js:31454:23)

  The plugin "vite:dep-scan" was triggered by this import

    inertia/pages/auth/cms/index.tsx:9:24:
[37m      9 │ import { useMenu } from [32m'~/hooks/use_admin'[37m
        ╵                         [32m~~~~~~~~~~~~~~~~~~~[0m


[31m✘ [41;31m[[41;97mERROR[41;31m][0m [1mThe server is being restarted or closed. Request is outdated[0m [1m[35m[plugin vite:dep-scan][0m

    node_modules/esbuild/lib/main.js:1217:27:
[37m      1217 │         let result = await [32m[37mcallback({
           ╵                            [32m^[0m

    at throwClosedServerError (file:///mnt/data/Developpement/adonisjs-foundry/node_modules/vite/dist/node/chunks/config.js:28559:32)
    at EnvironmentPluginContainer.resolveId (file:///mnt/data/Developpement/adonisjs-foundry/node_modules/vite/dist/node/chunks/config.js:28691:65)
    at resolveId (file:///mnt/data/Developpement/adonisjs-foundry/node_modules/vite/dist/node/chunks/config.js:31500:38)
    at resolve$4 (file:///mnt/data/Developpement/adonisjs-foundry/node_modules/vite/dist/node/chunks/config.js:31505:22)
    at file:///mnt/data/Developpement/adonisjs-foundry/node_modules/vite/dist/node/chunks/config.js:31658:28
    at requestCallbacks.on-resolve (/mnt/data/Developpement/adonisjs-foundry/node_modules/esbuild/lib/main.js:1217:28)
    at handleRequest (/mnt/data/Developpement/adonisjs-foundry/node_modules/esbuild/lib/main.js:628:17)
    at handleIncomingPacket (/mnt/data/Developpement/adonisjs-foundry/node_modules/esbuild/lib/main.js:653:7)
    at Socket.readFromStdout (/mnt/data/Developpement/adonisjs-foundry/node_modules/esbuild/lib/main.js:581:7)
    at Socket.emit (node:events:508:20)

  This error came from the "onResolve" callback registered here:

    node_modules/esbuild/lib/main.js:1141:20:
[37m      1141 │       let promise = [32m[37msetup({
           ╵                     [32m^[0m

    at setup (file:///mnt/data/Developpement/adonisjs-foundry/node_modules/vite/dist/node/chunks/config.js:31657:12)
    at handlePlugins (/mnt/data/Developpement/adonisjs-foundry/node_modules/esbuild/lib/main.js:1141:21)
    at buildOrContextImpl (/mnt/data/Developpement/adonisjs-foundry/node_modules/esbuild/lib/main.js:854:5)
    at Object.buildOrContext (/mnt/data/Developpement/adonisjs-foundry/node_modules/esbuild/lib/main.js:680:5)
    at /mnt/data/Developpement/adonisjs-foundry/node_modules/esbuild/lib/main.js:2035:68
    at new Promise (<anonymous>)
    at Object.context (/mnt/data/Developpement/adonisjs-foundry/node_modules/esbuild/lib/main.js:2035:27)
    at Object.context (/mnt/data/Developpement/adonisjs-foundry/node_modules/esbuild/lib/main.js:1877:58)
    at prepareEsbuildScanner (file:///mnt/data/Developpement/adonisjs-foundry/node_modules/vite/dist/node/chunks/config.js:31454:23)

  The plugin "vite:dep-scan" was triggered by this import

    inertia/pages/auth/front/login.tsx:6:26:
[37m      6 │ import { Paragraph } from [32m'~/components/atoms/paragraph'[37m
        ╵                           [32m~~~~~~~~~~~~~~~~~~~~~~~~~~~~~~[0m


[31m✘ [41;31m[[41;97mERROR[41;31m][0m [1mThe server is being restarted or closed. Request is outdated[0m [1m[35m[plugin vite:dep-scan][0m

    node_modules/esbuild/lib/main.js:1217:27:
[37m      1217 │         let result = await [32m[37mcallback({
           ╵                            [32m^[0m

    at throwClosedServerError (file:///mnt/data/Developpement/adonisjs-foundry/node_modules/vite/dist/node/chunks/config.js:28559:32)
    at EnvironmentPluginContainer.resolveId (file:///mnt/data/Developpement/adonisjs-foundry/node_modules/vite/dist/node/chunks/config.js:28691:65)
    at resolveId (file:///mnt/data/Developpement/adonisjs-foundry/node_modules/vite/dist/node/chunks/config.js:31500:38)
    at resolve$4 (file:///mnt/data/Developpement/adonisjs-foundry/node_modules/vite/dist/node/chunks/config.js:31505:22)
    at file:///mnt/data/Developpement/adonisjs-foundry/node_modules/vite/dist/node/chunks/config.js:31658:28
    at requestCallbacks.on-resolve (/mnt/data/Developpement/adonisjs-foundry/node_modules/esbuild/lib/main.js:1217:28)
    at handleRequest (/mnt/data/Developpement/adonisjs-foundry/node_modules/esbuild/lib/main.js:628:17)
    at handleIncomingPacket (/mnt/data/Developpement/adonisjs-foundry/node_modules/esbuild/lib/main.js:653:7)
    at Socket.readFromStdout (/mnt/data/Developpement/adonisjs-foundry/node_modules/esbuild/lib/main.js:581:7)
    at Socket.emit (node:events:508:20)

  This error came from the "onResolve" callback registered here:

    node_modules/esbuild/lib/main.js:1141:20:
[37m      1141 │       let promise = [32m[37msetup({
           ╵                     [32m^[0m

    at setup (file:///mnt/data/Developpement/adonisjs-foundry/node_modules/vite/dist/node/chunks/config.js:31657:12)
    at handlePlugins (/mnt/data/Developpement/adonisjs-foundry/node_modules/esbuild/lib/main.js:1141:21)
    at buildOrContextImpl (/mnt/data/Developpement/adonisjs-foundry/node_modules/esbuild/lib/main.js:854:5)
    at Object.buildOrContext (/mnt/data/Developpement/adonisjs-foundry/node_modules/esbuild/lib/main.js:680:5)
    at /mnt/data/Developpement/adonisjs-foundry/node_modules/esbuild/lib/main.js:2035:68
    at new Promise (<anonymous>)
    at Object.context (/mnt/data/Developpement/adonisjs-foundry/node_modules/esbuild/lib/main.js:2035:27)
    at Object.context (/mnt/data/Developpement/adonisjs-foundry/node_modules/esbuild/lib/main.js:1877:58)
    at prepareEsbuildScanner (file:///mnt/data/Developpement/adonisjs-foundry/node_modules/vite/dist/node/chunks/config.js:31454:23)

  The plugin "vite:dep-scan" was triggered by this import

    inertia/pages/auth/cms/form.tsx:9:21:
[37m      9 │ import { Card } from [32m'~/components/atoms/card'[37m
        ╵                      [32m~~~~~~~~~~~~~~~~~~~~~~~~~[0m


[31m✘ [41;31m[[41;97mERROR[41;31m][0m [1mThe server is being restarted or closed. Request is outdated[0m [1m[35m[plugin vite:dep-scan][0m

    node_modules/esbuild/lib/main.js:1217:27:
[37m      1217 │         let result = await [32m[37mcallback({
           ╵                            [32m^[0m

    at throwClosedServerError (file:///mnt/data/Developpement/adonisjs-foundry/node_modules/vite/dist/node/chunks/config.js:28559:32)
    at EnvironmentPluginContainer.resolveId (file:///mnt/data/Developpement/adonisjs-foundry/node_modules/vite/dist/node/chunks/config.js:28691:65)
    at resolveId (file:///mnt/data/Developpement/adonisjs-foundry/node_modules/vite/dist/node/chunks/config.js:31500:38)
    at resolve$4 (file:///mnt/data/Developpement/adonisjs-foundry/node_modules/vite/dist/node/chunks/config.js:31505:22)
    at file:///mnt/data/Developpement/adonisjs-foundry/node_modules/vite/dist/node/chunks/config.js:31658:28
    at requestCallbacks.on-resolve (/mnt/data/Developpement/adonisjs-foundry/node_modules/esbuild/lib/main.js:1217:28)
    at handleRequest (/mnt/data/Developpement/adonisjs-foundry/node_modules/esbuild/lib/main.js:628:17)
    at handleIncomingPacket (/mnt/data/Developpement/adonisjs-foundry/node_modules/esbuild/lib/main.js:653:7)
    at Socket.readFromStdout (/mnt/data/Developpement/adonisjs-foundry/node_modules/esbuild/lib/main.js:581:7)
    at Socket.emit (node:events:508:20)

  This error came from the "onResolve" callback registered here:

    node_modules/esbuild/lib/main.js:1141:20:
[37m      1141 │       let promise = [32m[37msetup({
           ╵                     [32m^[0m

    at setup (file:///mnt/data/Developpement/adonisjs-foundry/node_modules/vite/dist/node/chunks/config.js:31657:12)
    at handlePlugins (/mnt/data/Developpement/adonisjs-foundry/node_modules/esbuild/lib/main.js:1141:21)
    at buildOrContextImpl (/mnt/data/Developpement/adonisjs-foundry/node_modules/esbuild/lib/main.js:854:5)
    at Object.buildOrContext (/mnt/data/Developpement/adonisjs-foundry/node_modules/esbuild/lib/main.js:680:5)
    at /mnt/data/Developpement/adonisjs-foundry/node_modules/esbuild/lib/main.js:2035:68
    at new Promise (<anonymous>)
    at Object.context (/mnt/data/Developpement/adonisjs-foundry/node_modules/esbuild/lib/main.js:2035:27)
    at Object.context (/mnt/data/Developpement/adonisjs-foundry/node_modules/esbuild/lib/main.js:1877:58)
    at prepareEsbuildScanner (file:///mnt/data/Developpement/adonisjs-foundry/node_modules/vite/dist/node/chunks/config.js:31454:23)

  The plugin "vite:dep-scan" was triggered by this import

    inertia/pages/auth/cms/show.tsx:9:21:
[37m      9 │ import { Card } from [32m'~/components/atoms/card'[37m
        ╵                      [32m~~~~~~~~~~~~~~~~~~~~~~~~~[0m


[31m✘ [41;31m[[41;97mERROR[41;31m][0m [1mThe server is being restarted or closed. Request is outdated[0m [1m[35m[plugin vite:dep-scan][0m

    node_modules/esbuild/lib/main.js:1217:27:
[37m      1217 │         let result = await [32m[37mcallback({
           ╵                            [32m^[0m

    at throwClosedServerError (file:///mnt/data/Developpement/adonisjs-foundry/node_modules/vite/dist/node/chunks/config.js:28559:32)
    at EnvironmentPluginContainer.resolveId (file:///mnt/data/Developpement/adonisjs-foundry/node_modules/vite/dist/node/chunks/config.js:28691:65)
    at resolveId (file:///mnt/data/Developpement/adonisjs-foundry/node_modules/vite/dist/node/chunks/config.js:31500:38)
    at resolve$4 (file:///mnt/data/Developpement/adonisjs-foundry/node_modules/vite/dist/node/chunks/config.js:31505:22)
    at file:///mnt/data/Developpement/adonisjs-foundry/node_modules/vite/dist/node/chunks/config.js:31658:28
    at requestCallbacks.on-resolve (/mnt/data/Developpement/adonisjs-foundry/node_modules/esbuild/lib/main.js:1217:28)
    at handleRequest (/mnt/data/Developpement/adonisjs-foundry/node_modules/esbuild/lib/main.js:628:17)
    at handleIncomingPacket (/mnt/data/Developpement/adonisjs-foundry/node_modules/esbuild/lib/main.js:653:7)
    at Socket.readFromStdout (/mnt/data/Developpement/adonisjs-foundry/node_modules/esbuild/lib/main.js:581:7)
    at Socket.emit (node:events:508:20)

  This error came from the "onResolve" callback registered here:

    node_modules/esbuild/lib/main.js:1141:20:
[37m      1141 │       let promise = [32m[37msetup({
           ╵                     [32m^[0m

    at setup (file:///mnt/data/Developpement/adonisjs-foundry/node_modules/vite/dist/node/chunks/config.js:31657:12)
    at handlePlugins (/mnt/data/Developpement/adonisjs-foundry/node_modules/esbuild/lib/main.js:1141:21)
    at buildOrContextImpl (/mnt/data/Developpement/adonisjs-foundry/node_modules/esbuild/lib/main.js:854:5)
    at Object.buildOrContext (/mnt/data/Developpement/adonisjs-foundry/node_modules/esbuild/lib/main.js:680:5)
    at /mnt/data/Developpement/adonisjs-foundry/node_modules/esbuild/lib/main.js:2035:68
    at new Promise (<anonymous>)
    at Object.context (/mnt/data/Developpement/adonisjs-foundry/node_modules/esbuild/lib/main.js:2035:27)
    at Object.context (/mnt/data/Developpement/adonisjs-foundry/node_modules/esbuild/lib/main.js:1877:58)
    at prepareEsbuildScanner (file:///mnt/data/Developpement/adonisjs-foundry/node_modules/vite/dist/node/chunks/config.js:31454:23)

  The plugin "vite:dep-scan" was triggered by this import

    inertia/pages/settings/profile/front/index.tsx:6:24:
[37m      6 │ import { presets } from [32m'~/helpers/validation_rules'[37m
        ╵                         [32m~~~~~~~~~~~~~~~~~~~~~~~~~~~~[0m


[31m✘ [41;31m[[41;97mERROR[41;31m][0m [1mThe server is being restarted or closed. Request is outdated[0m [1m[35m[plugin vite:dep-scan][0m

    node_modules/esbuild/lib/main.js:1217:27:
[37m      1217 │         let result = await [32m[37mcallback({
           ╵                            [32m^[0m

    at throwClosedServerError (file:///mnt/data/Developpement/adonisjs-foundry/node_modules/vite/dist/node/chunks/config.js:28559:32)
    at EnvironmentPluginContainer.resolveId (file:///mnt/data/Developpement/adonisjs-foundry/node_modules/vite/dist/node/chunks/config.js:28691:65)
    at resolveId (file:///mnt/data/Developpement/adonisjs-foundry/node_modules/vite/dist/node/chunks/config.js:31500:38)
    at resolve$4 (file:///mnt/data/Developpement/adonisjs-foundry/node_modules/vite/dist/node/chunks/config.js:31505:22)
    at file:///mnt/data/Developpement/adonisjs-foundry/node_modules/vite/dist/node/chunks/config.js:31658:28
    at requestCallbacks.on-resolve (/mnt/data/Developpement/adonisjs-foundry/node_modules/esbuild/lib/main.js:1217:28)
    at handleRequest (/mnt/data/Developpement/adonisjs-foundry/node_modules/esbuild/lib/main.js:628:17)
    at handleIncomingPacket (/mnt/data/Developpement/adonisjs-foundry/node_modules/esbuild/lib/main.js:653:7)
    at Socket.readFromStdout (/mnt/data/Developpement/adonisjs-foundry/node_modules/esbuild/lib/main.js:581:7)
    at Socket.emit (node:events:508:20)

  This error came from the "onResolve" callback registered here:

    node_modules/esbuild/lib/main.js:1141:20:
[37m      1141 │       let promise = [32m[37msetup({
           ╵                     [32m^[0m

    at setup (file:///mnt/data/Developpement/adonisjs-foundry/node_modules/vite/dist/node/chunks/config.js:31657:12)
    at handlePlugins (/mnt/data/Developpement/adonisjs-foundry/node_modules/esbuild/lib/main.js:1141:21)
    at buildOrContextImpl (/mnt/data/Developpement/adonisjs-foundry/node_modules/esbuild/lib/main.js:854:5)
    at Object.buildOrContext (/mnt/data/Developpement/adonisjs-foundry/node_modules/esbuild/lib/main.js:680:5)
    at /mnt/data/Developpement/adonisjs-foundry/node_modules/esbuild/lib/main.js:2035:68
    at new Promise (<anonymous>)
    at Object.context (/mnt/data/Developpement/adonisjs-foundry/node_modules/esbuild/lib/main.js:2035:27)
    at Object.context (/mnt/data/Developpement/adonisjs-foundry/node_modules/esbuild/lib/main.js:1877:58)
    at prepareEsbuildScanner (file:///mnt/data/Developpement/adonisjs-foundry/node_modules/vite/dist/node/chunks/config.js:31454:23)

  The plugin "vite:dep-scan" was triggered by this import

    inertia/pages/settings/preferences/front/index.tsx:6:22:
[37m      6 │ import { rules } from [32m'~/helpers/validation_rules'[37m
        ╵                       [32m~~~~~~~~~~~~~~~~~~~~~~~~~~~~[0m


[31m✘ [41;31m[[41;97mERROR[41;31m][0m [1mThe server is being restarted or closed. Request is outdated[0m [1m[35m[plugin vite:dep-scan][0m

    node_modules/esbuild/lib/main.js:1217:27:
[37m      1217 │         let result = await [32m[37mcallback({
           ╵                            [32m^[0m

    at throwClosedServerError (file:///mnt/data/Developpement/adonisjs-foundry/node_modules/vite/dist/node/chunks/config.js:28559:32)
    at EnvironmentPluginContainer.resolveId (file:///mnt/data/Developpement/adonisjs-foundry/node_modules/vite/dist/node/chunks/config.js:28691:65)
    at resolveId (file:///mnt/data/Developpement/adonisjs-foundry/node_modules/vite/dist/node/chunks/config.js:31500:38)
    at resolve$4 (file:///mnt/data/Developpement/adonisjs-foundry/node_modules/vite/dist/node/chunks/config.js:31505:22)
    at file:///mnt/data/Developpement/adonisjs-foundry/node_modules/vite/dist/node/chunks/config.js:31658:28
    at requestCallbacks.on-resolve (/mnt/data/Developpement/adonisjs-foundry/node_modules/esbuild/lib/main.js:1217:28)
    at handleRequest (/mnt/data/Developpement/adonisjs-foundry/node_modules/esbuild/lib/main.js:628:17)
    at handleIncomingPacket (/mnt/data/Developpement/adonisjs-foundry/node_modules/esbuild/lib/main.js:653:7)
    at Socket.readFromStdout (/mnt/data/Developpement/adonisjs-foundry/node_modules/esbuild/lib/main.js:581:7)
    at Socket.emit (node:events:508:20)

  This error came from the "onResolve" callback registered here:

    node_modules/esbuild/lib/main.js:1141:20:
[37m      1141 │       let promise = [32m[37msetup({
           ╵                     [32m^[0m

    at setup (file:///mnt/data/Developpement/adonisjs-foundry/node_modules/vite/dist/node/chunks/config.js:31657:12)
    at handlePlugins (/mnt/data/Developpement/adonisjs-foundry/node_modules/esbuild/lib/main.js:1141:21)
    at buildOrContextImpl (/mnt/data/Developpement/adonisjs-foundry/node_modules/esbuild/lib/main.js:854:5)
    at Object.buildOrContext (/mnt/data/Developpement/adonisjs-foundry/node_modules/esbuild/lib/main.js:680:5)
    at /mnt/data/Developpement/adonisjs-foundry/node_modules/esbuild/lib/main.js:2035:68
    at new Promise (<anonymous>)
    at Object.context (/mnt/data/Developpement/adonisjs-foundry/node_modules/esbuild/lib/main.js:2035:27)
    at Object.context (/mnt/data/Developpement/adonisjs-foundry/node_modules/esbuild/lib/main.js:1877:58)
    at prepareEsbuildScanner (file:///mnt/data/Developpement/adonisjs-foundry/node_modules/vite/dist/node/chunks/config.js:31454:23)

  The plugin "vite:dep-scan" was triggered by this import

    inertia/pages/settings/account/front/index.tsx:6:24:
[37m      6 │ import { presets } from [32m'~/helpers/validation_rules'[37m
        ╵                         [32m~~~~~~~~~~~~~~~~~~~~~~~~~~~~[0m


[31m✘ [41;31m[[41;97mERROR[41;31m][0m [1mThe server is being restarted or closed. Request is outdated[0m [1m[35m[plugin vite:dep-scan][0m

    node_modules/esbuild/lib/main.js:1217:27:
[37m      1217 │         let result = await [32m[37mcallback({
           ╵                            [32m^[0m

    at throwClosedServerError (file:///mnt/data/Developpement/adonisjs-foundry/node_modules/vite/dist/node/chunks/config.js:28559:32)
    at EnvironmentPluginContainer.resolveId (file:///mnt/data/Developpement/adonisjs-foundry/node_modules/vite/dist/node/chunks/config.js:28691:65)
    at resolveId (file:///mnt/data/Developpement/adonisjs-foundry/node_modules/vite/dist/node/chunks/config.js:31500:38)
    at resolve$4 (file:///mnt/data/Developpement/adonisjs-foundry/node_modules/vite/dist/node/chunks/config.js:31505:22)
    at file:///mnt/data/Developpement/adonisjs-foundry/node_modules/vite/dist/node/chunks/config.js:31658:28
    at requestCallbacks.on-resolve (/mnt/data/Developpement/adonisjs-foundry/node_modules/esbuild/lib/main.js:1217:28)
    at handleRequest (/mnt/data/Developpement/adonisjs-foundry/node_modules/esbuild/lib/main.js:628:17)
    at handleIncomingPacket (/mnt/data/Developpement/adonisjs-foundry/node_modules/esbuild/lib/main.js:653:7)
    at Socket.readFromStdout (/mnt/data/Developpement/adonisjs-foundry/node_modules/esbuild/lib/main.js:581:7)
    at Socket.emit (node:events:508:20)

  This error came from the "onResolve" callback registered here:

    node_modules/esbuild/lib/main.js:1141:20:
[37m      1141 │       let promise = [32m[37msetup({
           ╵                     [32m^[0m

    at setup (file:///mnt/data/Developpement/adonisjs-foundry/node_modules/vite/dist/node/chunks/config.js:31657:12)
    at handlePlugins (/mnt/data/Developpement/adonisjs-foundry/node_modules/esbuild/lib/main.js:1141:21)
    at buildOrContextImpl (/mnt/data/Developpement/adonisjs-foundry/node_modules/esbuild/lib/main.js:854:5)
    at Object.buildOrContext (/mnt/data/Developpement/adonisjs-foundry/node_modules/esbuild/lib/main.js:680:5)
    at /mnt/data/Developpement/adonisjs-foundry/node_modules/esbuild/lib/main.js:2035:68
    at new Promise (<anonymous>)
    at Object.context (/mnt/data/Developpement/adonisjs-foundry/node_modules/esbuild/lib/main.js:2035:27)
    at Object.context (/mnt/data/Developpement/adonisjs-foundry/node_modules/esbuild/lib/main.js:1877:58)
    at prepareEsbuildScanner (file:///mnt/data/Developpement/adonisjs-foundry/node_modules/vite/dist/node/chunks/config.js:31454:23)

  The plugin "vite:dep-scan" was triggered by this import

    inertia/pages/auth/front/reset_password.tsx:6:22:
[37m      6 │ import { Field } from [32m'~/components/molecules/field'[37m
        ╵                       [32m~~~~~~~~~~~~~~~~~~~~~~~~~~~~~~[0m


[31m✘ [41;31m[[41;97mERROR[41;31m][0m [1mThe server is being restarted or closed. Request is outdated[0m [1m[35m[plugin vite:dep-scan][0m

    node_modules/esbuild/lib/main.js:1217:27:
[37m      1217 │         let result = await [32m[37mcallback({
           ╵                            [32m^[0m

    at throwClosedServerError (file:///mnt/data/Developpement/adonisjs-foundry/node_modules/vite/dist/node/chunks/config.js:28559:32)
    at EnvironmentPluginContainer.resolveId (file:///mnt/data/Developpement/adonisjs-foundry/node_modules/vite/dist/node/chunks/config.js:28691:65)
    at resolveId (file:///mnt/data/Developpement/adonisjs-foundry/node_modules/vite/dist/node/chunks/config.js:31500:38)
    at resolve$4 (file:///mnt/data/Developpement/adonisjs-foundry/node_modules/vite/dist/node/chunks/config.js:31505:22)
    at file:///mnt/data/Developpement/adonisjs-foundry/node_modules/vite/dist/node/chunks/config.js:31658:28
    at requestCallbacks.on-resolve (/mnt/data/Developpement/adonisjs-foundry/node_modules/esbuild/lib/main.js:1217:28)
    at handleRequest (/mnt/data/Developpement/adonisjs-foundry/node_modules/esbuild/lib/main.js:628:17)
    at handleIncomingPacket (/mnt/data/Developpement/adonisjs-foundry/node_modules/esbuild/lib/main.js:653:7)
    at Socket.readFromStdout (/mnt/data/Developpement/adonisjs-foundry/node_modules/esbuild/lib/main.js:581:7)
    at Socket.emit (node:events:508:20)

  This error came from the "onResolve" callback registered here:

    node_modules/esbuild/lib/main.js:1141:20:
[37m      1141 │       let promise = [32m[37msetup({
           ╵                     [32m^[0m

    at setup (file:///mnt/data/Developpement/adonisjs-foundry/node_modules/vite/dist/node/chunks/config.js:31657:12)
    at handlePlugins (/mnt/data/Developpement/adonisjs-foundry/node_modules/esbuild/lib/main.js:1141:21)
    at buildOrContextImpl (/mnt/data/Developpement/adonisjs-foundry/node_modules/esbuild/lib/main.js:854:5)
    at Object.buildOrContext (/mnt/data/Developpement/adonisjs-foundry/node_modules/esbuild/lib/main.js:680:5)
    at /mnt/data/Developpement/adonisjs-foundry/node_modules/esbuild/lib/main.js:2035:68
    at new Promise (<anonymous>)
    at Object.context (/mnt/data/Developpement/adonisjs-foundry/node_modules/esbuild/lib/main.js:2035:27)
    at Object.context (/mnt/data/Developpement/adonisjs-foundry/node_modules/esbuild/lib/main.js:1877:58)
    at prepareEsbuildScanner (file:///mnt/data/Developpement/adonisjs-foundry/node_modules/vite/dist/node/chunks/config.js:31454:23)

  The plugin "vite:dep-scan" was triggered by this import

    inertia/pages/auth/front/accept_invitation.tsx:6:22:
[37m      6 │ import { Field } from [32m'~/components/molecules/field'[37m
        ╵                       [32m~~~~~~~~~~~~~~~~~~~~~~~~~~~~~~[0m


[31m✘ [41;31m[[41;97mERROR[41;31m][0m [1mThe server is being restarted or closed. Request is outdated[0m [1m[35m[plugin vite:dep-scan][0m

    node_modules/esbuild/lib/main.js:1217:27:
[37m      1217 │         let result = await [32m[37mcallback({
           ╵                            [32m^[0m

    at throwClosedServerError (file:///mnt/data/Developpement/adonisjs-foundry/node_modules/vite/dist/node/chunks/config.js:28559:32)
    at EnvironmentPluginContainer.resolveId (file:///mnt/data/Developpement/adonisjs-foundry/node_modules/vite/dist/node/chunks/config.js:28691:65)
    at resolveId (file:///mnt/data/Developpement/adonisjs-foundry/node_modules/vite/dist/node/chunks/config.js:31500:38)
    at resolve$4 (file:///mnt/data/Developpement/adonisjs-foundry/node_modules/vite/dist/node/chunks/config.js:31505:22)
    at file:///mnt/data/Developpement/adonisjs-foundry/node_modules/vite/dist/node/chunks/config.js:31658:28
    at requestCallbacks.on-resolve (/mnt/data/Developpement/adonisjs-foundry/node_modules/esbuild/lib/main.js:1217:28)
    at handleRequest (/mnt/data/Developpement/adonisjs-foundry/node_modules/esbuild/lib/main.js:628:17)
    at handleIncomingPacket (/mnt/data/Developpement/adonisjs-foundry/node_modules/esbuild/lib/main.js:653:7)
    at Socket.readFromStdout (/mnt/data/Developpement/adonisjs-foundry/node_modules/esbuild/lib/main.js:581:7)
    at Socket.emit (node:events:508:20)

  This error came from the "onResolve" callback registered here:

    node_modules/esbuild/lib/main.js:1141:20:
[37m      1141 │       let promise = [32m[37msetup({
           ╵                     [32m^[0m

    at setup (file:///mnt/data/Developpement/adonisjs-foundry/node_modules/vite/dist/node/chunks/config.js:31657:12)
    at handlePlugins (/mnt/data/Developpement/adonisjs-foundry/node_modules/esbuild/lib/main.js:1141:21)
    at buildOrContextImpl (/mnt/data/Developpement/adonisjs-foundry/node_modules/esbuild/lib/main.js:854:5)
    at Object.buildOrContext (/mnt/data/Developpement/adonisjs-foundry/node_modules/esbuild/lib/main.js:680:5)
    at /mnt/data/Developpement/adonisjs-foundry/node_modules/esbuild/lib/main.js:2035:68
    at new Promise (<anonymous>)
    at Object.context (/mnt/data/Developpement/adonisjs-foundry/node_modules/esbuild/lib/main.js:2035:27)
    at Object.context (/mnt/data/Developpement/adonisjs-foundry/node_modules/esbuild/lib/main.js:1877:58)
    at prepareEsbuildScanner (file:///mnt/data/Developpement/adonisjs-foundry/node_modules/vite/dist/node/chunks/config.js:31454:23)

  The plugin "vite:dep-scan" was triggered by this import

    inertia/pages/settings/account/front/email_change.tsx:6:23:
[37m      6 │ import { Button } from [32m'~/components/atoms/button'[37m
        ╵                        [32m~~~~~~~~~~~~~~~~~~~~~~~~~~~[0m


[31m✘ [41;31m[[41;97mERROR[41;31m][0m [1mThe server is being restarted or closed. Request is outdated[0m [1m[35m[plugin vite:dep-scan][0m

    node_modules/esbuild/lib/main.js:1217:27:
[37m      1217 │         let result = await [32m[37mcallback({
           ╵                            [32m^[0m

    at throwClosedServerError (file:///mnt/data/Developpement/adonisjs-foundry/node_modules/vite/dist/node/chunks/config.js:28559:32)
    at EnvironmentPluginContainer.resolveId (file:///mnt/data/Developpement/adonisjs-foundry/node_modules/vite/dist/node/chunks/config.js:28691:65)
    at resolveId (file:///mnt/data/Developpement/adonisjs-foundry/node_modules/vite/dist/node/chunks/config.js:31500:38)
    at resolve$4 (file:///mnt/data/Developpement/adonisjs-foundry/node_modules/vite/dist/node/chunks/config.js:31505:22)
    at file:///mnt/data/Developpement/adonisjs-foundry/node_modules/vite/dist/node/chunks/config.js:31658:28
    at requestCallbacks.on-resolve (/mnt/data/Developpement/adonisjs-foundry/node_modules/esbuild/lib/main.js:1217:28)
    at handleRequest (/mnt/data/Developpement/adonisjs-foundry/node_modules/esbuild/lib/main.js:628:17)
    at handleIncomingPacket (/mnt/data/Developpement/adonisjs-foundry/node_modules/esbuild/lib/main.js:653:7)
    at Socket.readFromStdout (/mnt/data/Developpement/adonisjs-foundry/node_modules/esbuild/lib/main.js:581:7)
    at Socket.emit (node:events:508:20)

  This error came from the "onResolve" callback registered here:

    node_modules/esbuild/lib/main.js:1141:20:
[37m      1141 │       let promise = [32m[37msetup({
           ╵                     [32m^[0m

    at setup (file:///mnt/data/Developpement/adonisjs-foundry/node_modules/vite/dist/node/chunks/config.js:31657:12)
    at handlePlugins (/mnt/data/Developpement/adonisjs-foundry/node_modules/esbuild/lib/main.js:1141:21)
    at buildOrContextImpl (/mnt/data/Developpement/adonisjs-foundry/node_modules/esbuild/lib/main.js:854:5)
    at Object.buildOrContext (/mnt/data/Developpement/adonisjs-foundry/node_modules/esbuild/lib/main.js:680:5)
    at /mnt/data/Developpement/adonisjs-foundry/node_modules/esbuild/lib/main.js:2035:68
    at new Promise (<anonymous>)
    at Object.context (/mnt/data/Developpement/adonisjs-foundry/node_modules/esbuild/lib/main.js:2035:27)
    at Object.context (/mnt/data/Developpement/adonisjs-foundry/node_modules/esbuild/lib/main.js:1877:58)
    at prepareEsbuildScanner (file:///mnt/data/Developpement/adonisjs-foundry/node_modules/vite/dist/node/chunks/config.js:31454:23)

  The plugin "vite:dep-scan" was triggered by this import

    inertia/pages/auth/front/forgot_password.tsx:6:22:
[37m      6 │ import { Field } from [32m'~/components/molecules/field'[37m
        ╵                       [32m~~~~~~~~~~~~~~~~~~~~~~~~~~~~~~[0m


[31m✘ [41;31m[[41;97mERROR[41;31m][0m [1mThe server is being restarted or closed. Request is outdated[0m [1m[35m[plugin vite:dep-scan][0m

    node_modules/esbuild/lib/main.js:1217:27:
[37m      1217 │         let result = await [32m[37mcallback({
           ╵                            [32m^[0m

    at throwClosedServerError (file:///mnt/data/Developpement/adonisjs-foundry/node_modules/vite/dist/node/chunks/config.js:28559:32)
    at EnvironmentPluginContainer.resolveId (file:///mnt/data/Developpement/adonisjs-foundry/node_modules/vite/dist/node/chunks/config.js:28691:65)
    at resolveId (file:///mnt/data/Developpement/adonisjs-foundry/node_modules/vite/dist/node/chunks/config.js:31500:38)
    at resolve$4 (file:///mnt/data/Developpement/adonisjs-foundry/node_modules/vite/dist/node/chunks/config.js:31505:22)
    at file:///mnt/data/Developpement/adonisjs-foundry/node_modules/vite/dist/node/chunks/config.js:31658:28
    at requestCallbacks.on-resolve (/mnt/data/Developpement/adonisjs-foundry/node_modules/esbuild/lib/main.js:1217:28)
    at handleRequest (/mnt/data/Developpement/adonisjs-foundry/node_modules/esbuild/lib/main.js:628:17)
    at handleIncomingPacket (/mnt/data/Developpement/adonisjs-foundry/node_modules/esbuild/lib/main.js:653:7)
    at Socket.readFromStdout (/mnt/data/Developpement/adonisjs-foundry/node_modules/esbuild/lib/main.js:581:7)
    at Socket.emit (node:events:508:20)

  This error came from the "onResolve" callback registered here:

    node_modules/esbuild/lib/main.js:1141:20:
[37m      1141 │       let promise = [32m[37msetup({
           ╵                     [32m^[0m

    at setup (file:///mnt/data/Developpement/adonisjs-foundry/node_modules/vite/dist/node/chunks/config.js:31657:12)
    at handlePlugins (/mnt/data/Developpement/adonisjs-foundry/node_modules/esbuild/lib/main.js:1141:21)
    at buildOrContextImpl (/mnt/data/Developpement/adonisjs-foundry/node_modules/esbuild/lib/main.js:854:5)
    at Object.buildOrContext (/mnt/data/Developpement/adonisjs-foundry/node_modules/esbuild/lib/main.js:680:5)
    at /mnt/data/Developpement/adonisjs-foundry/node_modules/esbuild/lib/main.js:2035:68
    at new Promise (<anonymous>)
    at Object.context (/mnt/data/Developpement/adonisjs-foundry/node_modules/esbuild/lib/main.js:2035:27)
    at Object.context (/mnt/data/Developpement/adonisjs-foundry/node_modules/esbuild/lib/main.js:1877:58)
    at prepareEsbuildScanner (file:///mnt/data/Developpement/adonisjs-foundry/node_modules/vite/dist/node/chunks/config.js:31454:23)

  The plugin "vite:dep-scan" was triggered by this import

    inertia/pages/auth/front/define_password.tsx:6:22:
[37m      6 │ import { Field } from [32m'~/components/molecules/field'[37m
        ╵                       [32m~~~~~~~~~~~~~~~~~~~~~~~~~~~~~~[0m


[31m✘ [41;31m[[41;97mERROR[41;31m][0m [1mThe server is being restarted or closed. Request is outdated[0m [1m[35m[plugin vite:dep-scan][0m

    node_modules/esbuild/lib/main.js:1217:27:
[37m      1217 │         let result = await [32m[37mcallback({
           ╵                            [32m^[0m

    at throwClosedServerError (file:///mnt/data/Developpement/adonisjs-foundry/node_modules/vite/dist/node/chunks/config.js:28559:32)
    at EnvironmentPluginContainer.resolveId (file:///mnt/data/Developpement/adonisjs-foundry/node_modules/vite/dist/node/chunks/config.js:28691:65)
    at resolveId (file:///mnt/data/Developpement/adonisjs-foundry/node_modules/vite/dist/node/chunks/config.js:31500:38)
    at resolve$4 (file:///mnt/data/Developpement/adonisjs-foundry/node_modules/vite/dist/node/chunks/config.js:31505:22)
    at file:///mnt/data/Developpement/adonisjs-foundry/node_modules/vite/dist/node/chunks/config.js:31658:28
    at requestCallbacks.on-resolve (/mnt/data/Developpement/adonisjs-foundry/node_modules/esbuild/lib/main.js:1217:28)
    at handleRequest (/mnt/data/Developpement/adonisjs-foundry/node_modules/esbuild/lib/main.js:628:17)
    at handleIncomingPacket (/mnt/data/Developpement/adonisjs-foundry/node_modules/esbuild/lib/main.js:653:7)
    at Socket.readFromStdout (/mnt/data/Developpement/adonisjs-foundry/node_modules/esbuild/lib/main.js:581:7)
    at Socket.emit (node:events:508:20)

  This error came from the "onResolve" callback registered here:

    node_modules/esbuild/lib/main.js:1141:20:
[37m      1141 │       let promise = [32m[37msetup({
           ╵                     [32m^[0m

    at setup (file:///mnt/data/Developpement/adonisjs-foundry/node_modules/vite/dist/node/chunks/config.js:31657:12)
    at handlePlugins (/mnt/data/Developpement/adonisjs-foundry/node_modules/esbuild/lib/main.js:1141:21)
    at buildOrContextImpl (/mnt/data/Developpement/adonisjs-foundry/node_modules/esbuild/lib/main.js:854:5)
    at Object.buildOrContext (/mnt/data/Developpement/adonisjs-foundry/node_modules/esbuild/lib/main.js:680:5)
    at /mnt/data/Developpement/adonisjs-foundry/node_modules/esbuild/lib/main.js:2035:68
    at new Promise (<anonymous>)
    at Object.context (/mnt/data/Developpement/adonisjs-foundry/node_modules/esbuild/lib/main.js:2035:27)
    at Object.context (/mnt/data/Developpement/adonisjs-foundry/node_modules/esbuild/lib/main.js:1877:58)
    at prepareEsbuildScanner (file:///mnt/data/Developpement/adonisjs-foundry/node_modules/vite/dist/node/chunks/config.js:31454:23)

  The plugin "vite:dep-scan" was triggered by this import

    inertia/pages/auth/front/register.tsx:6:21:
[37m      6 │ import { Card } from [32m'~/components/atoms/card'[37m
        ╵                      [32m~~~~~~~~~~~~~~~~~~~~~~~~~[0m


[31m✘ [41;31m[[41;97mERROR[41;31m][0m [1mThe server is being restarted or closed. Request is outdated[0m [1m[35m[plugin vite:dep-scan][0m

    node_modules/esbuild/lib/main.js:1217:27:
[37m      1217 │         let result = await [32m[37mcallback({
           ╵                            [32m^[0m

    at throwClosedServerError (file:///mnt/data/Developpement/adonisjs-foundry/node_modules/vite/dist/node/chunks/config.js:28559:32)
    at EnvironmentPluginContainer.resolveId (file:///mnt/data/Developpement/adonisjs-foundry/node_modules/vite/dist/node/chunks/config.js:28691:65)
    at resolveId (file:///mnt/data/Developpement/adonisjs-foundry/node_modules/vite/dist/node/chunks/config.js:31500:38)
    at resolve$4 (file:///mnt/data/Developpement/adonisjs-foundry/node_modules/vite/dist/node/chunks/config.js:31505:22)
    at file:///mnt/data/Developpement/adonisjs-foundry/node_modules/vite/dist/node/chunks/config.js:31658:28
    at requestCallbacks.on-resolve (/mnt/data/Developpement/adonisjs-foundry/node_modules/esbuild/lib/main.js:1217:28)
    at handleRequest (/mnt/data/Developpement/adonisjs-foundry/node_modules/esbuild/lib/main.js:628:17)
    at handleIncomingPacket (/mnt/data/Developpement/adonisjs-foundry/node_modules/esbuild/lib/main.js:653:7)
    at Socket.readFromStdout (/mnt/data/Developpement/adonisjs-foundry/node_modules/esbuild/lib/main.js:581:7)
    at Socket.emit (node:events:508:20)

  This error came from the "onResolve" callback registered here:

    node_modules/esbuild/lib/main.js:1141:20:
[37m      1141 │       let promise = [32m[37msetup({
           ╵                     [32m^[0m

    at setup (file:///mnt/data/Developpement/adonisjs-foundry/node_modules/vite/dist/node/chunks/config.js:31657:12)
    at handlePlugins (/mnt/data/Developpement/adonisjs-foundry/node_modules/esbuild/lib/main.js:1141:21)
    at buildOrContextImpl (/mnt/data/Developpement/adonisjs-foundry/node_modules/esbuild/lib/main.js:854:5)
    at Object.buildOrContext (/mnt/data/Developpement/adonisjs-foundry/node_modules/esbuild/lib/main.js:680:5)
    at /mnt/data/Developpement/adonisjs-foundry/node_modules/esbuild/lib/main.js:2035:68
    at new Promise (<anonymous>)
    at Object.context (/mnt/data/Developpement/adonisjs-foundry/node_modules/esbuild/lib/main.js:2035:27)
    at Object.context (/mnt/data/Developpement/adonisjs-foundry/node_modules/esbuild/lib/main.js:1877:58)
    at prepareEsbuildScanner (file:///mnt/data/Developpement/adonisjs-foundry/node_modules/vite/dist/node/chunks/config.js:31454:23)

  The plugin "vite:dep-scan" was triggered by this import

    inertia/pages/auth/cms/index.tsx:10:26:
[37m      10 │ import { CanAccess } from [32m'~/guards/can_access'[37m
         ╵                           [32m~~~~~~~~~~~~~~~~~~~~~[0m


[31m✘ [41;31m[[41;97mERROR[41;31m][0m [1mThe server is being restarted or closed. Request is outdated[0m [1m[35m[plugin vite:dep-scan][0m

    node_modules/esbuild/lib/main.js:1217:27:
[37m      1217 │         let result = await [32m[37mcallback({
           ╵                            [32m^[0m

    at throwClosedServerError (file:///mnt/data/Developpement/adonisjs-foundry/node_modules/vite/dist/node/chunks/config.js:28559:32)
    at EnvironmentPluginContainer.resolveId (file:///mnt/data/Developpement/adonisjs-foundry/node_modules/vite/dist/node/chunks/config.js:28691:65)
    at resolveId (file:///mnt/data/Developpement/adonisjs-foundry/node_modules/vite/dist/node/chunks/config.js:31500:38)
    at resolve$4 (file:///mnt/data/Developpement/adonisjs-foundry/node_modules/vite/dist/node/chunks/config.js:31505:22)
    at file:///mnt/data/Developpement/adonisjs-foundry/node_modules/vite/dist/node/chunks/config.js:31658:28
    at requestCallbacks.on-resolve (/mnt/data/Developpement/adonisjs-foundry/node_modules/esbuild/lib/main.js:1217:28)
    at handleRequest (/mnt/data/Developpement/adonisjs-foundry/node_modules/esbuild/lib/main.js:628:17)
    at handleIncomingPacket (/mnt/data/Developpement/adonisjs-foundry/node_modules/esbuild/lib/main.js:653:7)
    at Socket.readFromStdout (/mnt/data/Developpement/adonisjs-foundry/node_modules/esbuild/lib/main.js:581:7)
    at Socket.emit (node:events:508:20)

  This error came from the "onResolve" callback registered here:

    node_modules/esbuild/lib/main.js:1141:20:
[37m      1141 │       let promise = [32m[37msetup({
           ╵                     [32m^[0m

    at setup (file:///mnt/data/Developpement/adonisjs-foundry/node_modules/vite/dist/node/chunks/config.js:31657:12)
    at handlePlugins (/mnt/data/Developpement/adonisjs-foundry/node_modules/esbuild/lib/main.js:1141:21)
    at buildOrContextImpl (/mnt/data/Developpement/adonisjs-foundry/node_modules/esbuild/lib/main.js:854:5)
    at Object.buildOrContext (/mnt/data/Developpement/adonisjs-foundry/node_modules/esbuild/lib/main.js:680:5)
    at /mnt/data/Developpement/adonisjs-foundry/node_modules/esbuild/lib/main.js:2035:68
    at new Promise (<anonymous>)
    at Object.context (/mnt/data/Developpement/adonisjs-foundry/node_modules/esbuild/lib/main.js:2035:27)
    at Object.context (/mnt/data/Developpement/adonisjs-foundry/node_modules/esbuild/lib/main.js:1877:58)
    at prepareEsbuildScanner (file:///mnt/data/Developpement/adonisjs-foundry/node_modules/vite/dist/node/chunks/config.js:31454:23)

  The plugin "vite:dep-scan" was triggered by this import

    inertia/pages/auth/front/login.tsx:7:24:
[37m      7 │ import { NavLink } from [32m'~/components/atoms/nav_link'[37m
        ╵                         [32m~~~~~~~~~~~~~~~~~~~~~~~~~~~~~[0m


[31m✘ [41;31m[[41;97mERROR[41;31m][0m [1mThe server is being restarted or closed. Request is outdated[0m [1m[35m[plugin vite:dep-scan][0m

    node_modules/esbuild/lib/main.js:1217:27:
[37m      1217 │         let result = await [32m[37mcallback({
           ╵                            [32m^[0m

    at throwClosedServerError (file:///mnt/data/Developpement/adonisjs-foundry/node_modules/vite/dist/node/chunks/config.js:28559:32)
    at EnvironmentPluginContainer.resolveId (file:///mnt/data/Developpement/adonisjs-foundry/node_modules/vite/dist/node/chunks/config.js:28691:65)
    at resolveId (file:///mnt/data/Developpement/adonisjs-foundry/node_modules/vite/dist/node/chunks/config.js:31500:38)
    at resolve$4 (file:///mnt/data/Developpement/adonisjs-foundry/node_modules/vite/dist/node/chunks/config.js:31505:22)
    at file:///mnt/data/Developpement/adonisjs-foundry/node_modules/vite/dist/node/chunks/config.js:31658:28
    at requestCallbacks.on-resolve (/mnt/data/Developpement/adonisjs-foundry/node_modules/esbuild/lib/main.js:1217:28)
    at handleRequest (/mnt/data/Developpement/adonisjs-foundry/node_modules/esbuild/lib/main.js:628:17)
    at handleIncomingPacket (/mnt/data/Developpement/adonisjs-foundry/node_modules/esbuild/lib/main.js:653:7)
    at Socket.readFromStdout (/mnt/data/Developpement/adonisjs-foundry/node_modules/esbuild/lib/main.js:581:7)
    at Socket.emit (node:events:508:20)

  This error came from the "onResolve" callback registered here:

    node_modules/esbuild/lib/main.js:1141:20:
[37m      1141 │       let promise = [32m[37msetup({
           ╵                     [32m^[0m

    at setup (file:///mnt/data/Developpement/adonisjs-foundry/node_modules/vite/dist/node/chunks/config.js:31657:12)
    at handlePlugins (/mnt/data/Developpement/adonisjs-foundry/node_modules/esbuild/lib/main.js:1141:21)
    at buildOrContextImpl (/mnt/data/Developpement/adonisjs-foundry/node_modules/esbuild/lib/main.js:854:5)
    at Object.buildOrContext (/mnt/data/Developpement/adonisjs-foundry/node_modules/esbuild/lib/main.js:680:5)
    at /mnt/data/Developpement/adonisjs-foundry/node_modules/esbuild/lib/main.js:2035:68
    at new Promise (<anonymous>)
    at Object.context (/mnt/data/Developpement/adonisjs-foundry/node_modules/esbuild/lib/main.js:2035:27)
    at Object.context (/mnt/data/Developpement/adonisjs-foundry/node_modules/esbuild/lib/main.js:1877:58)
    at prepareEsbuildScanner (file:///mnt/data/Developpement/adonisjs-foundry/node_modules/vite/dist/node/chunks/config.js:31454:23)

  The plugin "vite:dep-scan" was triggered by this import

    inertia/pages/auth/cms/form.tsx:10:23:
[37m      10 │ import { Button } from [32m'~/components/atoms/button'[37m
         ╵                        [32m~~~~~~~~~~~~~~~~~~~~~~~~~~~[0m


[31m✘ [41;31m[[41;97mERROR[41;31m][0m [1mThe server is being restarted or closed. Request is outdated[0m [1m[35m[plugin vite:dep-scan][0m

    node_modules/esbuild/lib/main.js:1217:27:
[37m      1217 │         let result = await [32m[37mcallback({
           ╵                            [32m^[0m

    at throwClosedServerError (file:///mnt/data/Developpement/adonisjs-foundry/node_modules/vite/dist/node/chunks/config.js:28559:32)
    at EnvironmentPluginContainer.resolveId (file:///mnt/data/Developpement/adonisjs-foundry/node_modules/vite/dist/node/chunks/config.js:28691:65)
    at resolveId (file:///mnt/data/Developpement/adonisjs-foundry/node_modules/vite/dist/node/chunks/config.js:31500:38)
    at resolve$4 (file:///mnt/data/Developpement/adonisjs-foundry/node_modules/vite/dist/node/chunks/config.js:31505:22)
    at file:///mnt/data/Developpement/adonisjs-foundry/node_modules/vite/dist/node/chunks/config.js:31658:28
    at requestCallbacks.on-resolve (/mnt/data/Developpement/adonisjs-foundry/node_modules/esbuild/lib/main.js:1217:28)
    at handleRequest (/mnt/data/Developpement/adonisjs-foundry/node_modules/esbuild/lib/main.js:628:17)
    at handleIncomingPacket (/mnt/data/Developpement/adonisjs-foundry/node_modules/esbuild/lib/main.js:653:7)
    at Socket.readFromStdout (/mnt/data/Developpement/adonisjs-foundry/node_modules/esbuild/lib/main.js:581:7)
    at Socket.emit (node:events:508:20)

  This error came from the "onResolve" callback registered here:

    node_modules/esbuild/lib/main.js:1141:20:
[37m      1141 │       let promise = [32m[37msetup({
           ╵                     [32m^[0m

    at setup (file:///mnt/data/Developpement/adonisjs-foundry/node_modules/vite/dist/node/chunks/config.js:31657:12)
    at handlePlugins (/mnt/data/Developpement/adonisjs-foundry/node_modules/esbuild/lib/main.js:1141:21)
    at buildOrContextImpl (/mnt/data/Developpement/adonisjs-foundry/node_modules/esbuild/lib/main.js:854:5)
    at Object.buildOrContext (/mnt/data/Developpement/adonisjs-foundry/node_modules/esbuild/lib/main.js:680:5)
    at /mnt/data/Developpement/adonisjs-foundry/node_modules/esbuild/lib/main.js:2035:68
    at new Promise (<anonymous>)
    at Object.context (/mnt/data/Developpement/adonisjs-foundry/node_modules/esbuild/lib/main.js:2035:27)
    at Object.context (/mnt/data/Developpement/adonisjs-foundry/node_modules/esbuild/lib/main.js:1877:58)
    at prepareEsbuildScanner (file:///mnt/data/Developpement/adonisjs-foundry/node_modules/vite/dist/node/chunks/config.js:31454:23)

  The plugin "vite:dep-scan" was triggered by this import

    inertia/pages/auth/cms/show.tsx:10:23:
[37m      10 │ import { Button } from [32m'~/components/atoms/button'[37m
         ╵                        [32m~~~~~~~~~~~~~~~~~~~~~~~~~~~[0m


[31m✘ [41;31m[[41;97mERROR[41;31m][0m [1mThe server is being restarted or closed. Request is outdated[0m [1m[35m[plugin vite:dep-scan][0m

    node_modules/esbuild/lib/main.js:1217:27:
[37m      1217 │         let result = await [32m[37mcallback({
           ╵                            [32m^[0m

    at throwClosedServerError (file:///mnt/data/Developpement/adonisjs-foundry/node_modules/vite/dist/node/chunks/config.js:28559:32)
    at EnvironmentPluginContainer.resolveId (file:///mnt/data/Developpement/adonisjs-foundry/node_modules/vite/dist/node/chunks/config.js:28691:65)
    at resolveId (file:///mnt/data/Developpement/adonisjs-foundry/node_modules/vite/dist/node/chunks/config.js:31500:38)
    at resolve$4 (file:///mnt/data/Developpement/adonisjs-foundry/node_modules/vite/dist/node/chunks/config.js:31505:22)
    at file:///mnt/data/Developpement/adonisjs-foundry/node_modules/vite/dist/node/chunks/config.js:31658:28
    at requestCallbacks.on-resolve (/mnt/data/Developpement/adonisjs-foundry/node_modules/esbuild/lib/main.js:1217:28)
    at handleRequest (/mnt/data/Developpement/adonisjs-foundry/node_modules/esbuild/lib/main.js:628:17)
    at handleIncomingPacket (/mnt/data/Developpement/adonisjs-foundry/node_modules/esbuild/lib/main.js:653:7)
    at Socket.readFromStdout (/mnt/data/Developpement/adonisjs-foundry/node_modules/esbuild/lib/main.js:581:7)
    at Socket.emit (node:events:508:20)

  This error came from the "onResolve" callback registered here:

    node_modules/esbuild/lib/main.js:1141:20:
[37m      1141 │       let promise = [32m[37msetup({
           ╵                     [32m^[0m

    at setup (file:///mnt/data/Developpement/adonisjs-foundry/node_modules/vite/dist/node/chunks/config.js:31657:12)
    at handlePlugins (/mnt/data/Developpement/adonisjs-foundry/node_modules/esbuild/lib/main.js:1141:21)
    at buildOrContextImpl (/mnt/data/Developpement/adonisjs-foundry/node_modules/esbuild/lib/main.js:854:5)
    at Object.buildOrContext (/mnt/data/Developpement/adonisjs-foundry/node_modules/esbuild/lib/main.js:680:5)
    at /mnt/data/Developpement/adonisjs-foundry/node_modules/esbuild/lib/main.js:2035:68
    at new Promise (<anonymous>)
    at Object.context (/mnt/data/Developpement/adonisjs-foundry/node_modules/esbuild/lib/main.js:2035:27)
    at Object.context (/mnt/data/Developpement/adonisjs-foundry/node_modules/esbuild/lib/main.js:1877:58)
    at prepareEsbuildScanner (file:///mnt/data/Developpement/adonisjs-foundry/node_modules/vite/dist/node/chunks/config.js:31454:23)

  The plugin "vite:dep-scan" was triggered by this import

    inertia/pages/settings/profile/front/index.tsx:7:22:
[37m      7 │ import { Field } from [32m'~/components/molecules/field'[37m
        ╵                       [32m~~~~~~~~~~~~~~~~~~~~~~~~~~~~~~[0m


[31m✘ [41;31m[[41;97mERROR[41;31m][0m [1mThe server is being restarted or closed. Request is outdated[0m [1m[35m[plugin vite:dep-scan][0m

    node_modules/esbuild/lib/main.js:1217:27:
[37m      1217 │         let result = await [32m[37mcallback({
           ╵                            [32m^[0m

    at throwClosedServerError (file:///mnt/data/Developpement/adonisjs-foundry/node_modules/vite/dist/node/chunks/config.js:28559:32)
    at EnvironmentPluginContainer.resolveId (file:///mnt/data/Developpement/adonisjs-foundry/node_modules/vite/dist/node/chunks/config.js:28691:65)
    at resolveId (file:///mnt/data/Developpement/adonisjs-foundry/node_modules/vite/dist/node/chunks/config.js:31500:38)
    at resolve$4 (file:///mnt/data/Developpement/adonisjs-foundry/node_modules/vite/dist/node/chunks/config.js:31505:22)
    at file:///mnt/data/Developpement/adonisjs-foundry/node_modules/vite/dist/node/chunks/config.js:31658:28
    at requestCallbacks.on-resolve (/mnt/data/Developpement/adonisjs-foundry/node_modules/esbuild/lib/main.js:1217:28)
    at handleRequest (/mnt/data/Developpement/adonisjs-foundry/node_modules/esbuild/lib/main.js:628:17)
    at handleIncomingPacket (/mnt/data/Developpement/adonisjs-foundry/node_modules/esbuild/lib/main.js:653:7)
    at Socket.readFromStdout (/mnt/data/Developpement/adonisjs-foundry/node_modules/esbuild/lib/main.js:581:7)
    at Socket.emit (node:events:508:20)

  This error came from the "onResolve" callback registered here:

    node_modules/esbuild/lib/main.js:1141:20:
[37m      1141 │       let promise = [32m[37msetup({
           ╵                     [32m^[0m

    at setup (file:///mnt/data/Developpement/adonisjs-foundry/node_modules/vite/dist/node/chunks/config.js:31657:12)
    at handlePlugins (/mnt/data/Developpement/adonisjs-foundry/node_modules/esbuild/lib/main.js:1141:21)
    at buildOrContextImpl (/mnt/data/Developpement/adonisjs-foundry/node_modules/esbuild/lib/main.js:854:5)
    at Object.buildOrContext (/mnt/data/Developpement/adonisjs-foundry/node_modules/esbuild/lib/main.js:680:5)
    at /mnt/data/Developpement/adonisjs-foundry/node_modules/esbuild/lib/main.js:2035:68
    at new Promise (<anonymous>)
    at Object.context (/mnt/data/Developpement/adonisjs-foundry/node_modules/esbuild/lib/main.js:2035:27)
    at Object.context (/mnt/data/Developpement/adonisjs-foundry/node_modules/esbuild/lib/main.js:1877:58)
    at prepareEsbuildScanner (file:///mnt/data/Developpement/adonisjs-foundry/node_modules/vite/dist/node/chunks/config.js:31454:23)

  The plugin "vite:dep-scan" was triggered by this import

    inertia/pages/settings/preferences/front/index.tsx:7:23:
[37m      7 │ import { Button } from [32m'~/components/atoms/button'[37m
        ╵                        [32m~~~~~~~~~~~~~~~~~~~~~~~~~~~[0m


[31m✘ [41;31m[[41;97mERROR[41;31m][0m [1mThe server is being restarted or closed. Request is outdated[0m [1m[35m[plugin vite:dep-scan][0m

    node_modules/esbuild/lib/main.js:1217:27:
[37m      1217 │         let result = await [32m[37mcallback({
           ╵                            [32m^[0m

    at throwClosedServerError (file:///mnt/data/Developpement/adonisjs-foundry/node_modules/vite/dist/node/chunks/config.js:28559:32)
    at EnvironmentPluginContainer.resolveId (file:///mnt/data/Developpement/adonisjs-foundry/node_modules/vite/dist/node/chunks/config.js:28691:65)
    at resolveId (file:///mnt/data/Developpement/adonisjs-foundry/node_modules/vite/dist/node/chunks/config.js:31500:38)
    at resolve$4 (file:///mnt/data/Developpement/adonisjs-foundry/node_modules/vite/dist/node/chunks/config.js:31505:22)
    at file:///mnt/data/Developpement/adonisjs-foundry/node_modules/vite/dist/node/chunks/config.js:31658:28
    at requestCallbacks.on-resolve (/mnt/data/Developpement/adonisjs-foundry/node_modules/esbuild/lib/main.js:1217:28)
    at handleRequest (/mnt/data/Developpement/adonisjs-foundry/node_modules/esbuild/lib/main.js:628:17)
    at handleIncomingPacket (/mnt/data/Developpement/adonisjs-foundry/node_modules/esbuild/lib/main.js:653:7)
    at Socket.readFromStdout (/mnt/data/Developpement/adonisjs-foundry/node_modules/esbuild/lib/main.js:581:7)
    at Socket.emit (node:events:508:20)

  This error came from the "onResolve" callback registered here:

    node_modules/esbuild/lib/main.js:1141:20:
[37m      1141 │       let promise = [32m[37msetup({
           ╵                     [32m^[0m

    at setup (file:///mnt/data/Developpement/adonisjs-foundry/node_modules/vite/dist/node/chunks/config.js:31657:12)
    at handlePlugins (/mnt/data/Developpement/adonisjs-foundry/node_modules/esbuild/lib/main.js:1141:21)
    at buildOrContextImpl (/mnt/data/Developpement/adonisjs-foundry/node_modules/esbuild/lib/main.js:854:5)
    at Object.buildOrContext (/mnt/data/Developpement/adonisjs-foundry/node_modules/esbuild/lib/main.js:680:5)
    at /mnt/data/Developpement/adonisjs-foundry/node_modules/esbuild/lib/main.js:2035:68
    at new Promise (<anonymous>)
    at Object.context (/mnt/data/Developpement/adonisjs-foundry/node_modules/esbuild/lib/main.js:2035:27)
    at Object.context (/mnt/data/Developpement/adonisjs-foundry/node_modules/esbuild/lib/main.js:1877:58)
    at prepareEsbuildScanner (file:///mnt/data/Developpement/adonisjs-foundry/node_modules/vite/dist/node/chunks/config.js:31454:23)

  The plugin "vite:dep-scan" was triggered by this import

    inertia/pages/settings/account/front/index.tsx:7:22:
[37m      7 │ import { Field } from [32m'~/components/molecules/field'[37m
        ╵                       [32m~~~~~~~~~~~~~~~~~~~~~~~~~~~~~~[0m


[31m✘ [41;31m[[41;97mERROR[41;31m][0m [1mThe server is being restarted or closed. Request is outdated[0m [1m[35m[plugin vite:dep-scan][0m

    node_modules/esbuild/lib/main.js:1217:27:
[37m      1217 │         let result = await [32m[37mcallback({
           ╵                            [32m^[0m

    at throwClosedServerError (file:///mnt/data/Developpement/adonisjs-foundry/node_modules/vite/dist/node/chunks/config.js:28559:32)
    at EnvironmentPluginContainer.resolveId (file:///mnt/data/Developpement/adonisjs-foundry/node_modules/vite/dist/node/chunks/config.js:28691:65)
    at resolveId (file:///mnt/data/Developpement/adonisjs-foundry/node_modules/vite/dist/node/chunks/config.js:31500:38)
    at resolve$4 (file:///mnt/data/Developpement/adonisjs-foundry/node_modules/vite/dist/node/chunks/config.js:31505:22)
    at file:///mnt/data/Developpement/adonisjs-foundry/node_modules/vite/dist/node/chunks/config.js:31658:28
    at requestCallbacks.on-resolve (/mnt/data/Developpement/adonisjs-foundry/node_modules/esbuild/lib/main.js:1217:28)
    at handleRequest (/mnt/data/Developpement/adonisjs-foundry/node_modules/esbuild/lib/main.js:628:17)
    at handleIncomingPacket (/mnt/data/Developpement/adonisjs-foundry/node_modules/esbuild/lib/main.js:653:7)
    at Socket.readFromStdout (/mnt/data/Developpement/adonisjs-foundry/node_modules/esbuild/lib/main.js:581:7)
    at Socket.emit (node:events:508:20)

  This error came from the "onResolve" callback registered here:

    node_modules/esbuild/lib/main.js:1141:20:
[37m      1141 │       let promise = [32m[37msetup({
           ╵                     [32m^[0m

    at setup (file:///mnt/data/Developpement/adonisjs-foundry/node_modules/vite/dist/node/chunks/config.js:31657:12)
    at handlePlugins (/mnt/data/Developpement/adonisjs-foundry/node_modules/esbuild/lib/main.js:1141:21)
    at buildOrContextImpl (/mnt/data/Developpement/adonisjs-foundry/node_modules/esbuild/lib/main.js:854:5)
    at Object.buildOrContext (/mnt/data/Developpement/adonisjs-foundry/node_modules/esbuild/lib/main.js:680:5)
    at /mnt/data/Developpement/adonisjs-foundry/node_modules/esbuild/lib/main.js:2035:68
    at new Promise (<anonymous>)
    at Object.context (/mnt/data/Developpement/adonisjs-foundry/node_modules/esbuild/lib/main.js:2035:27)
    at Object.context (/mnt/data/Developpement/adonisjs-foundry/node_modules/esbuild/lib/main.js:1877:58)
    at prepareEsbuildScanner (file:///mnt/data/Developpement/adonisjs-foundry/node_modules/vite/dist/node/chunks/config.js:31454:23)

  The plugin "vite:dep-scan" was triggered by this import

    inertia/pages/auth/front/reset_password.tsx:7:23:
[37m      7 │ import { Button } from [32m'~/components/atoms/button'[37m
        ╵                        [32m~~~~~~~~~~~~~~~~~~~~~~~~~~~[0m


[31m✘ [41;31m[[41;97mERROR[41;31m][0m [1mThe server is being restarted or closed. Request is outdated[0m [1m[35m[plugin vite:dep-scan][0m

    node_modules/esbuild/lib/main.js:1217:27:
[37m      1217 │         let result = await [32m[37mcallback({
           ╵                            [32m^[0m

    at throwClosedServerError (file:///mnt/data/Developpement/adonisjs-foundry/node_modules/vite/dist/node/chunks/config.js:28559:32)
    at EnvironmentPluginContainer.resolveId (file:///mnt/data/Developpement/adonisjs-foundry/node_modules/vite/dist/node/chunks/config.js:28691:65)
    at resolveId (file:///mnt/data/Developpement/adonisjs-foundry/node_modules/vite/dist/node/chunks/config.js:31500:38)
    at resolve$4 (file:///mnt/data/Developpement/adonisjs-foundry/node_modules/vite/dist/node/chunks/config.js:31505:22)
    at file:///mnt/data/Developpement/adonisjs-foundry/node_modules/vite/dist/node/chunks/config.js:31658:28
    at requestCallbacks.on-resolve (/mnt/data/Developpement/adonisjs-foundry/node_modules/esbuild/lib/main.js:1217:28)
    at handleRequest (/mnt/data/Developpement/adonisjs-foundry/node_modules/esbuild/lib/main.js:628:17)
    at handleIncomingPacket (/mnt/data/Developpement/adonisjs-foundry/node_modules/esbuild/lib/main.js:653:7)
    at Socket.readFromStdout (/mnt/data/Developpement/adonisjs-foundry/node_modules/esbuild/lib/main.js:581:7)
    at Socket.emit (node:events:508:20)

  This error came from the "onResolve" callback registered here:

    node_modules/esbuild/lib/main.js:1141:20:
[37m      1141 │       let promise = [32m[37msetup({
           ╵                     [32m^[0m

    at setup (file:///mnt/data/Developpement/adonisjs-foundry/node_modules/vite/dist/node/chunks/config.js:31657:12)
    at handlePlugins (/mnt/data/Developpement/adonisjs-foundry/node_modules/esbuild/lib/main.js:1141:21)
    at buildOrContextImpl (/mnt/data/Developpement/adonisjs-foundry/node_modules/esbuild/lib/main.js:854:5)
    at Object.buildOrContext (/mnt/data/Developpement/adonisjs-foundry/node_modules/esbuild/lib/main.js:680:5)
    at /mnt/data/Developpement/adonisjs-foundry/node_modules/esbuild/lib/main.js:2035:68
    at new Promise (<anonymous>)
    at Object.context (/mnt/data/Developpement/adonisjs-foundry/node_modules/esbuild/lib/main.js:2035:27)
    at Object.context (/mnt/data/Developpement/adonisjs-foundry/node_modules/esbuild/lib/main.js:1877:58)
    at prepareEsbuildScanner (file:///mnt/data/Developpement/adonisjs-foundry/node_modules/vite/dist/node/chunks/config.js:31454:23)

  The plugin "vite:dep-scan" was triggered by this import

    inertia/pages/auth/front/accept_invitation.tsx:7:23:
[37m      7 │ import { Button } from [32m'~/components/atoms/button'[37m
        ╵                        [32m~~~~~~~~~~~~~~~~~~~~~~~~~~~[0m


[31m✘ [41;31m[[41;97mERROR[41;31m][0m [1mThe server is being restarted or closed. Request is outdated[0m [1m[35m[plugin vite:dep-scan][0m

    node_modules/esbuild/lib/main.js:1217:27:
[37m      1217 │         let result = await [32m[37mcallback({
           ╵                            [32m^[0m

    at throwClosedServerError (file:///mnt/data/Developpement/adonisjs-foundry/node_modules/vite/dist/node/chunks/config.js:28559:32)
    at EnvironmentPluginContainer.resolveId (file:///mnt/data/Developpement/adonisjs-foundry/node_modules/vite/dist/node/chunks/config.js:28691:65)
    at resolveId (file:///mnt/data/Developpement/adonisjs-foundry/node_modules/vite/dist/node/chunks/config.js:31500:38)
    at resolve$4 (file:///mnt/data/Developpement/adonisjs-foundry/node_modules/vite/dist/node/chunks/config.js:31505:22)
    at file:///mnt/data/Developpement/adonisjs-foundry/node_modules/vite/dist/node/chunks/config.js:31658:28
    at requestCallbacks.on-resolve (/mnt/data/Developpement/adonisjs-foundry/node_modules/esbuild/lib/main.js:1217:28)
    at handleRequest (/mnt/data/Developpement/adonisjs-foundry/node_modules/esbuild/lib/main.js:628:17)
    at handleIncomingPacket (/mnt/data/Developpement/adonisjs-foundry/node_modules/esbuild/lib/main.js:653:7)
    at Socket.readFromStdout (/mnt/data/Developpement/adonisjs-foundry/node_modules/esbuild/lib/main.js:581:7)
    at Socket.emit (node:events:508:20)

  This error came from the "onResolve" callback registered here:

    node_modules/esbuild/lib/main.js:1141:20:
[37m      1141 │       let promise = [32m[37msetup({
           ╵                     [32m^[0m

    at setup (file:///mnt/data/Developpement/adonisjs-foundry/node_modules/vite/dist/node/chunks/config.js:31657:12)
    at handlePlugins (/mnt/data/Developpement/adonisjs-foundry/node_modules/esbuild/lib/main.js:1141:21)
    at buildOrContextImpl (/mnt/data/Developpement/adonisjs-foundry/node_modules/esbuild/lib/main.js:854:5)
    at Object.buildOrContext (/mnt/data/Developpement/adonisjs-foundry/node_modules/esbuild/lib/main.js:680:5)
    at /mnt/data/Developpement/adonisjs-foundry/node_modules/esbuild/lib/main.js:2035:68
    at new Promise (<anonymous>)
    at Object.context (/mnt/data/Developpement/adonisjs-foundry/node_modules/esbuild/lib/main.js:2035:27)
    at Object.context (/mnt/data/Developpement/adonisjs-foundry/node_modules/esbuild/lib/main.js:1877:58)
    at prepareEsbuildScanner (file:///mnt/data/Developpement/adonisjs-foundry/node_modules/vite/dist/node/chunks/config.js:31454:23)

  The plugin "vite:dep-scan" was triggered by this import

    inertia/pages/settings/account/front/email_change.tsx:7:34:
[37m      7 │ import { useFormValidation } from [32m'~/hooks/use_form_validation'[37m
        ╵                                   [32m~~~~~~~~~~~~~~~~~~~~~~~~~~~~~[0m


[31m✘ [41;31m[[41;97mERROR[41;31m][0m [1mThe server is being restarted or closed. Request is outdated[0m [1m[35m[plugin vite:dep-scan][0m

    node_modules/esbuild/lib/main.js:1217:27:
[37m      1217 │         let result = await [32m[37mcallback({
           ╵                            [32m^[0m

    at throwClosedServerError (file:///mnt/data/Developpement/adonisjs-foundry/node_modules/vite/dist/node/chunks/config.js:28559:32)
    at EnvironmentPluginContainer.resolveId (file:///mnt/data/Developpement/adonisjs-foundry/node_modules/vite/dist/node/chunks/config.js:28691:65)
    at resolveId (file:///mnt/data/Developpement/adonisjs-foundry/node_modules/vite/dist/node/chunks/config.js:31500:38)
    at resolve$4 (file:///mnt/data/Developpement/adonisjs-foundry/node_modules/vite/dist/node/chunks/config.js:31505:22)
    at file:///mnt/data/Developpement/adonisjs-foundry/node_modules/vite/dist/node/chunks/config.js:31658:28
    at requestCallbacks.on-resolve (/mnt/data/Developpement/adonisjs-foundry/node_modules/esbuild/lib/main.js:1217:28)
    at handleRequest (/mnt/data/Developpement/adonisjs-foundry/node_modules/esbuild/lib/main.js:628:17)
    at handleIncomingPacket (/mnt/data/Developpement/adonisjs-foundry/node_modules/esbuild/lib/main.js:653:7)
    at Socket.readFromStdout (/mnt/data/Developpement/adonisjs-foundry/node_modules/esbuild/lib/main.js:581:7)
    at Socket.emit (node:events:508:20)

  This error came from the "onResolve" callback registered here:

    node_modules/esbuild/lib/main.js:1141:20:
[37m      1141 │       let promise = [32m[37msetup({
           ╵                     [32m^[0m

    at setup (file:///mnt/data/Developpement/adonisjs-foundry/node_modules/vite/dist/node/chunks/config.js:31657:12)
    at handlePlugins (/mnt/data/Developpement/adonisjs-foundry/node_modules/esbuild/lib/main.js:1141:21)
    at buildOrContextImpl (/mnt/data/Developpement/adonisjs-foundry/node_modules/esbuild/lib/main.js:854:5)
    at Object.buildOrContext (/mnt/data/Developpement/adonisjs-foundry/node_modules/esbuild/lib/main.js:680:5)
    at /mnt/data/Developpement/adonisjs-foundry/node_modules/esbuild/lib/main.js:2035:68
    at new Promise (<anonymous>)
    at Object.context (/mnt/data/Developpement/adonisjs-foundry/node_modules/esbuild/lib/main.js:2035:27)
    at Object.context (/mnt/data/Developpement/adonisjs-foundry/node_modules/esbuild/lib/main.js:1877:58)
    at prepareEsbuildScanner (file:///mnt/data/Developpement/adonisjs-foundry/node_modules/vite/dist/node/chunks/config.js:31454:23)

  The plugin "vite:dep-scan" was triggered by this import

    inertia/pages/auth/front/forgot_password.tsx:7:23:
[37m      7 │ import { Button } from [32m'~/components/atoms/button'[37m
        ╵                        [32m~~~~~~~~~~~~~~~~~~~~~~~~~~~[0m


[31m✘ [41;31m[[41;97mERROR[41;31m][0m [1mThe server is being restarted or closed. Request is outdated[0m [1m[35m[plugin vite:dep-scan][0m

    node_modules/esbuild/lib/main.js:1217:27:
[37m      1217 │         let result = await [32m[37mcallback({
           ╵                            [32m^[0m

    at throwClosedServerError (file:///mnt/data/Developpement/adonisjs-foundry/node_modules/vite/dist/node/chunks/config.js:28559:32)
    at EnvironmentPluginContainer.resolveId (file:///mnt/data/Developpement/adonisjs-foundry/node_modules/vite/dist/node/chunks/config.js:28691:65)
    at resolveId (file:///mnt/data/Developpement/adonisjs-foundry/node_modules/vite/dist/node/chunks/config.js:31500:38)
    at resolve$4 (file:///mnt/data/Developpement/adonisjs-foundry/node_modules/vite/dist/node/chunks/config.js:31505:22)
    at file:///mnt/data/Developpement/adonisjs-foundry/node_modules/vite/dist/node/chunks/config.js:31658:28
    at requestCallbacks.on-resolve (/mnt/data/Developpement/adonisjs-foundry/node_modules/esbuild/lib/main.js:1217:28)
    at handleRequest (/mnt/data/Developpement/adonisjs-foundry/node_modules/esbuild/lib/main.js:628:17)
    at handleIncomingPacket (/mnt/data/Developpement/adonisjs-foundry/node_modules/esbuild/lib/main.js:653:7)
    at Socket.readFromStdout (/mnt/data/Developpement/adonisjs-foundry/node_modules/esbuild/lib/main.js:581:7)
    at Socket.emit (node:events:508:20)

  This error came from the "onResolve" callback registered here:

    node_modules/esbuild/lib/main.js:1141:20:
[37m      1141 │       let promise = [32m[37msetup({
           ╵                     [32m^[0m

    at setup (file:///mnt/data/Developpement/adonisjs-foundry/node_modules/vite/dist/node/chunks/config.js:31657:12)
    at handlePlugins (/mnt/data/Developpement/adonisjs-foundry/node_modules/esbuild/lib/main.js:1141:21)
    at buildOrContextImpl (/mnt/data/Developpement/adonisjs-foundry/node_modules/esbuild/lib/main.js:854:5)
    at Object.buildOrContext (/mnt/data/Developpement/adonisjs-foundry/node_modules/esbuild/lib/main.js:680:5)
    at /mnt/data/Developpement/adonisjs-foundry/node_modules/esbuild/lib/main.js:2035:68
    at new Promise (<anonymous>)
    at Object.context (/mnt/data/Developpement/adonisjs-foundry/node_modules/esbuild/lib/main.js:2035:27)
    at Object.context (/mnt/data/Developpement/adonisjs-foundry/node_modules/esbuild/lib/main.js:1877:58)
    at prepareEsbuildScanner (file:///mnt/data/Developpement/adonisjs-foundry/node_modules/vite/dist/node/chunks/config.js:31454:23)

  The plugin "vite:dep-scan" was triggered by this import

    inertia/pages/auth/front/define_password.tsx:7:23:
[37m      7 │ import { Button } from [32m'~/components/atoms/button'[37m
        ╵                        [32m~~~~~~~~~~~~~~~~~~~~~~~~~~~[0m


[31m✘ [41;31m[[41;97mERROR[41;31m][0m [1mThe server is being restarted or closed. Request is outdated[0m [1m[35m[plugin vite:dep-scan][0m

    node_modules/esbuild/lib/main.js:1217:27:
[37m      1217 │         let result = await [32m[37mcallback({
           ╵                            [32m^[0m

    at throwClosedServerError (file:///mnt/data/Developpement/adonisjs-foundry/node_modules/vite/dist/node/chunks/config.js:28559:32)
    at EnvironmentPluginContainer.resolveId (file:///mnt/data/Developpement/adonisjs-foundry/node_modules/vite/dist/node/chunks/config.js:28691:65)
    at resolveId (file:///mnt/data/Developpement/adonisjs-foundry/node_modules/vite/dist/node/chunks/config.js:31500:38)
    at resolve$4 (file:///mnt/data/Developpement/adonisjs-foundry/node_modules/vite/dist/node/chunks/config.js:31505:22)
    at file:///mnt/data/Developpement/adonisjs-foundry/node_modules/vite/dist/node/chunks/config.js:31658:28
    at requestCallbacks.on-resolve (/mnt/data/Developpement/adonisjs-foundry/node_modules/esbuild/lib/main.js:1217:28)
    at handleRequest (/mnt/data/Developpement/adonisjs-foundry/node_modules/esbuild/lib/main.js:628:17)
    at handleIncomingPacket (/mnt/data/Developpement/adonisjs-foundry/node_modules/esbuild/lib/main.js:653:7)
    at Socket.readFromStdout (/mnt/data/Developpement/adonisjs-foundry/node_modules/esbuild/lib/main.js:581:7)
    at Socket.emit (node:events:508:20)

  This error came from the "onResolve" callback registered here:

    node_modules/esbuild/lib/main.js:1141:20:
[37m      1141 │       let promise = [32m[37msetup({
           ╵                     [32m^[0m

    at setup (file:///mnt/data/Developpement/adonisjs-foundry/node_modules/vite/dist/node/chunks/config.js:31657:12)
    at handlePlugins (/mnt/data/Developpement/adonisjs-foundry/node_modules/esbuild/lib/main.js:1141:21)
    at buildOrContextImpl (/mnt/data/Developpement/adonisjs-foundry/node_modules/esbuild/lib/main.js:854:5)
    at Object.buildOrContext (/mnt/data/Developpement/adonisjs-foundry/node_modules/esbuild/lib/main.js:680:5)
    at /mnt/data/Developpement/adonisjs-foundry/node_modules/esbuild/lib/main.js:2035:68
    at new Promise (<anonymous>)
    at Object.context (/mnt/data/Developpement/adonisjs-foundry/node_modules/esbuild/lib/main.js:2035:27)
    at Object.context (/mnt/data/Developpement/adonisjs-foundry/node_modules/esbuild/lib/main.js:1877:58)
    at prepareEsbuildScanner (file:///mnt/data/Developpement/adonisjs-foundry/node_modules/vite/dist/node/chunks/config.js:31454:23)

  The plugin "vite:dep-scan" was triggered by this import

    inertia/pages/auth/front/register.tsx:7:26:
[37m      7 │ import { Paragraph } from [32m'~/components/atoms/paragraph'[37m
        ╵                           [32m~~~~~~~~~~~~~~~~~~~~~~~~~~~~~~[0m


[31m✘ [41;31m[[41;97mERROR[41;31m][0m [1mThe server is being restarted or closed. Request is outdated[0m [1m[35m[plugin vite:dep-scan][0m

    node_modules/esbuild/lib/main.js:1217:27:
[37m      1217 │         let result = await [32m[37mcallback({
           ╵                            [32m^[0m

    at throwClosedServerError (file:///mnt/data/Developpement/adonisjs-foundry/node_modules/vite/dist/node/chunks/config.js:28559:32)
    at EnvironmentPluginContainer.resolveId (file:///mnt/data/Developpement/adonisjs-foundry/node_modules/vite/dist/node/chunks/config.js:28691:65)
    at resolveId (file:///mnt/data/Developpement/adonisjs-foundry/node_modules/vite/dist/node/chunks/config.js:31500:38)
    at resolve$4 (file:///mnt/data/Developpement/adonisjs-foundry/node_modules/vite/dist/node/chunks/config.js:31505:22)
    at file:///mnt/data/Developpement/adonisjs-foundry/node_modules/vite/dist/node/chunks/config.js:31658:28
    at requestCallbacks.on-resolve (/mnt/data/Developpement/adonisjs-foundry/node_modules/esbuild/lib/main.js:1217:28)
    at handleRequest (/mnt/data/Developpement/adonisjs-foundry/node_modules/esbuild/lib/main.js:628:17)
    at handleIncomingPacket (/mnt/data/Developpement/adonisjs-foundry/node_modules/esbuild/lib/main.js:653:7)
    at Socket.readFromStdout (/mnt/data/Developpement/adonisjs-foundry/node_modules/esbuild/lib/main.js:581:7)
    at Socket.emit (node:events:508:20)

  This error came from the "onResolve" callback registered here:

    node_modules/esbuild/lib/main.js:1141:20:
[37m      1141 │       let promise = [32m[37msetup({
           ╵                     [32m^[0m

    at setup (file:///mnt/data/Developpement/adonisjs-foundry/node_modules/vite/dist/node/chunks/config.js:31657:12)
    at handlePlugins (/mnt/data/Developpement/adonisjs-foundry/node_modules/esbuild/lib/main.js:1141:21)
    at buildOrContextImpl (/mnt/data/Developpement/adonisjs-foundry/node_modules/esbuild/lib/main.js:854:5)
    at Object.buildOrContext (/mnt/data/Developpement/adonisjs-foundry/node_modules/esbuild/lib/main.js:680:5)
    at /mnt/data/Developpement/adonisjs-foundry/node_modules/esbuild/lib/main.js:2035:68
    at new Promise (<anonymous>)
    at Object.context (/mnt/data/Developpement/adonisjs-foundry/node_modules/esbuild/lib/main.js:2035:27)
    at Object.context (/mnt/data/Developpement/adonisjs-foundry/node_modules/esbuild/lib/main.js:1877:58)
    at prepareEsbuildScanner (file:///mnt/data/Developpement/adonisjs-foundry/node_modules/vite/dist/node/chunks/config.js:31454:23)

  The plugin "vite:dep-scan" was triggered by this import

    inertia/pages/auth/cms/index.tsx:11:21:
[37m      11 │ import { Card } from [32m'~/components/atoms/card'[37m
         ╵                      [32m~~~~~~~~~~~~~~~~~~~~~~~~~[0m


[31m✘ [41;31m[[41;97mERROR[41;31m][0m [1mThe server is being restarted or closed. Request is outdated[0m [1m[35m[plugin vite:dep-scan][0m

    node_modules/esbuild/lib/main.js:1217:27:
[37m      1217 │         let result = await [32m[37mcallback({
           ╵                            [32m^[0m

    at throwClosedServerError (file:///mnt/data/Developpement/adonisjs-foundry/node_modules/vite/dist/node/chunks/config.js:28559:32)
    at EnvironmentPluginContainer.resolveId (file:///mnt/data/Developpement/adonisjs-foundry/node_modules/vite/dist/node/chunks/config.js:28691:65)
    at resolveId (file:///mnt/data/Developpement/adonisjs-foundry/node_modules/vite/dist/node/chunks/config.js:31500:38)
    at resolve$4 (file:///mnt/data/Developpement/adonisjs-foundry/node_modules/vite/dist/node/chunks/config.js:31505:22)
    at file:///mnt/data/Developpement/adonisjs-foundry/node_modules/vite/dist/node/chunks/config.js:31658:28
    at requestCallbacks.on-resolve (/mnt/data/Developpement/adonisjs-foundry/node_modules/esbuild/lib/main.js:1217:28)
    at handleRequest (/mnt/data/Developpement/adonisjs-foundry/node_modules/esbuild/lib/main.js:628:17)
    at handleIncomingPacket (/mnt/data/Developpement/adonisjs-foundry/node_modules/esbuild/lib/main.js:653:7)
    at Socket.readFromStdout (/mnt/data/Developpement/adonisjs-foundry/node_modules/esbuild/lib/main.js:581:7)
    at Socket.emit (node:events:508:20)

  This error came from the "onResolve" callback registered here:

    node_modules/esbuild/lib/main.js:1141:20:
[37m      1141 │       let promise = [32m[37msetup({
           ╵                     [32m^[0m

    at setup (file:///mnt/data/Developpement/adonisjs-foundry/node_modules/vite/dist/node/chunks/config.js:31657:12)
    at handlePlugins (/mnt/data/Developpement/adonisjs-foundry/node_modules/esbuild/lib/main.js:1141:21)
    at buildOrContextImpl (/mnt/data/Developpement/adonisjs-foundry/node_modules/esbuild/lib/main.js:854:5)
    at Object.buildOrContext (/mnt/data/Developpement/adonisjs-foundry/node_modules/esbuild/lib/main.js:680:5)
    at /mnt/data/Developpement/adonisjs-foundry/node_modules/esbuild/lib/main.js:2035:68
    at new Promise (<anonymous>)
    at Object.context (/mnt/data/Developpement/adonisjs-foundry/node_modules/esbuild/lib/main.js:2035:27)
    at Object.context (/mnt/data/Developpement/adonisjs-foundry/node_modules/esbuild/lib/main.js:1877:58)
    at prepareEsbuildScanner (file:///mnt/data/Developpement/adonisjs-foundry/node_modules/vite/dist/node/chunks/config.js:31454:23)

  The plugin "vite:dep-scan" was triggered by this import

    inertia/pages/auth/front/login.tsx:8:22:
[37m      8 │ import { Field } from [32m'~/components/molecules/field'[37m
        ╵                       [32m~~~~~~~~~~~~~~~~~~~~~~~~~~~~~~[0m


[31m✘ [41;31m[[41;97mERROR[41;31m][0m [1mThe server is being restarted or closed. Request is outdated[0m [1m[35m[plugin vite:dep-scan][0m

    node_modules/esbuild/lib/main.js:1217:27:
[37m      1217 │         let result = await [32m[37mcallback({
           ╵                            [32m^[0m

    at throwClosedServerError (file:///mnt/data/Developpement/adonisjs-foundry/node_modules/vite/dist/node/chunks/config.js:28559:32)
    at EnvironmentPluginContainer.resolveId (file:///mnt/data/Developpement/adonisjs-foundry/node_modules/vite/dist/node/chunks/config.js:28691:65)
    at resolveId (file:///mnt/data/Developpement/adonisjs-foundry/node_modules/vite/dist/node/chunks/config.js:31500:38)
    at resolve$4 (file:///mnt/data/Developpement/adonisjs-foundry/node_modules/vite/dist/node/chunks/config.js:31505:22)
    at file:///mnt/data/Developpement/adonisjs-foundry/node_modules/vite/dist/node/chunks/config.js:31658:28
    at requestCallbacks.on-resolve (/mnt/data/Developpement/adonisjs-foundry/node_modules/esbuild/lib/main.js:1217:28)
    at handleRequest (/mnt/data/Developpement/adonisjs-foundry/node_modules/esbuild/lib/main.js:628:17)
    at handleIncomingPacket (/mnt/data/Developpement/adonisjs-foundry/node_modules/esbuild/lib/main.js:653:7)
    at Socket.readFromStdout (/mnt/data/Developpement/adonisjs-foundry/node_modules/esbuild/lib/main.js:581:7)
    at Socket.emit (node:events:508:20)

  This error came from the "onResolve" callback registered here:

    node_modules/esbuild/lib/main.js:1141:20:
[37m      1141 │       let promise = [32m[37msetup({
           ╵                     [32m^[0m

    at setup (file:///mnt/data/Developpement/adonisjs-foundry/node_modules/vite/dist/node/chunks/config.js:31657:12)
    at handlePlugins (/mnt/data/Developpement/adonisjs-foundry/node_modules/esbuild/lib/main.js:1141:21)
    at buildOrContextImpl (/mnt/data/Developpement/adonisjs-foundry/node_modules/esbuild/lib/main.js:854:5)
    at Object.buildOrContext (/mnt/data/Developpement/adonisjs-foundry/node_modules/esbuild/lib/main.js:680:5)
    at /mnt/data/Developpement/adonisjs-foundry/node_modules/esbuild/lib/main.js:2035:68
    at new Promise (<anonymous>)
    at Object.context (/mnt/data/Developpement/adonisjs-foundry/node_modules/esbuild/lib/main.js:2035:27)
    at Object.context (/mnt/data/Developpement/adonisjs-foundry/node_modules/esbuild/lib/main.js:1877:58)
    at prepareEsbuildScanner (file:///mnt/data/Developpement/adonisjs-foundry/node_modules/vite/dist/node/chunks/config.js:31454:23)

  The plugin "vite:dep-scan" was triggered by this import

    inertia/pages/auth/cms/form.tsx:11:21:
[37m      11 │ import { Icon } from [32m'~/components/atoms/icon'[37m
         ╵                      [32m~~~~~~~~~~~~~~~~~~~~~~~~~[0m


[31m✘ [41;31m[[41;97mERROR[41;31m][0m [1mThe server is being restarted or closed. Request is outdated[0m [1m[35m[plugin vite:dep-scan][0m

    node_modules/esbuild/lib/main.js:1217:27:
[37m      1217 │         let result = await [32m[37mcallback({
           ╵                            [32m^[0m

    at throwClosedServerError (file:///mnt/data/Developpement/adonisjs-foundry/node_modules/vite/dist/node/chunks/config.js:28559:32)
    at EnvironmentPluginContainer.resolveId (file:///mnt/data/Developpement/adonisjs-foundry/node_modules/vite/dist/node/chunks/config.js:28691:65)
    at resolveId (file:///mnt/data/Developpement/adonisjs-foundry/node_modules/vite/dist/node/chunks/config.js:31500:38)
    at resolve$4 (file:///mnt/data/Developpement/adonisjs-foundry/node_modules/vite/dist/node/chunks/config.js:31505:22)
    at file:///mnt/data/Developpement/adonisjs-foundry/node_modules/vite/dist/node/chunks/config.js:31658:28
    at requestCallbacks.on-resolve (/mnt/data/Developpement/adonisjs-foundry/node_modules/esbuild/lib/main.js:1217:28)
    at handleRequest (/mnt/data/Developpement/adonisjs-foundry/node_modules/esbuild/lib/main.js:628:17)
    at handleIncomingPacket (/mnt/data/Developpement/adonisjs-foundry/node_modules/esbuild/lib/main.js:653:7)
    at Socket.readFromStdout (/mnt/data/Developpement/adonisjs-foundry/node_modules/esbuild/lib/main.js:581:7)
    at Socket.emit (node:events:508:20)

  This error came from the "onResolve" callback registered here:

    node_modules/esbuild/lib/main.js:1141:20:
[37m      1141 │       let promise = [32m[37msetup({
           ╵                     [32m^[0m

    at setup (file:///mnt/data/Developpement/adonisjs-foundry/node_modules/vite/dist/node/chunks/config.js:31657:12)
    at handlePlugins (/mnt/data/Developpement/adonisjs-foundry/node_modules/esbuild/lib/main.js:1141:21)
    at buildOrContextImpl (/mnt/data/Developpement/adonisjs-foundry/node_modules/esbuild/lib/main.js:854:5)
    at Object.buildOrContext (/mnt/data/Developpement/adonisjs-foundry/node_modules/esbuild/lib/main.js:680:5)
    at /mnt/data/Developpement/adonisjs-foundry/node_modules/esbuild/lib/main.js:2035:68
    at new Promise (<anonymous>)
    at Object.context (/mnt/data/Developpement/adonisjs-foundry/node_modules/esbuild/lib/main.js:2035:27)
    at Object.context (/mnt/data/Developpement/adonisjs-foundry/node_modules/esbuild/lib/main.js:1877:58)
    at prepareEsbuildScanner (file:///mnt/data/Developpement/adonisjs-foundry/node_modules/vite/dist/node/chunks/config.js:31454:23)

  The plugin "vite:dep-scan" was triggered by this import

    inertia/pages/auth/cms/show.tsx:11:21:
[37m      11 │ import { Icon } from [32m'~/components/atoms/icon'[37m
         ╵                      [32m~~~~~~~~~~~~~~~~~~~~~~~~~[0m


[31m✘ [41;31m[[41;97mERROR[41;31m][0m [1mThe server is being restarted or closed. Request is outdated[0m [1m[35m[plugin vite:dep-scan][0m

    node_modules/esbuild/lib/main.js:1217:27:
[37m      1217 │         let result = await [32m[37mcallback({
           ╵                            [32m^[0m

    at throwClosedServerError (file:///mnt/data/Developpement/adonisjs-foundry/node_modules/vite/dist/node/chunks/config.js:28559:32)
    at EnvironmentPluginContainer.resolveId (file:///mnt/data/Developpement/adonisjs-foundry/node_modules/vite/dist/node/chunks/config.js:28691:65)
    at resolveId (file:///mnt/data/Developpement/adonisjs-foundry/node_modules/vite/dist/node/chunks/config.js:31500:38)
    at resolve$4 (file:///mnt/data/Developpement/adonisjs-foundry/node_modules/vite/dist/node/chunks/config.js:31505:22)
    at file:///mnt/data/Developpement/adonisjs-foundry/node_modules/vite/dist/node/chunks/config.js:31658:28
    at requestCallbacks.on-resolve (/mnt/data/Developpement/adonisjs-foundry/node_modules/esbuild/lib/main.js:1217:28)
    at handleRequest (/mnt/data/Developpement/adonisjs-foundry/node_modules/esbuild/lib/main.js:628:17)
    at handleIncomingPacket (/mnt/data/Developpement/adonisjs-foundry/node_modules/esbuild/lib/main.js:653:7)
    at Socket.readFromStdout (/mnt/data/Developpement/adonisjs-foundry/node_modules/esbuild/lib/main.js:581:7)
    at Socket.emit (node:events:508:20)

  This error came from the "onResolve" callback registered here:

    node_modules/esbuild/lib/main.js:1141:20:
[37m      1141 │       let promise = [32m[37msetup({
           ╵                     [32m^[0m

    at setup (file:///mnt/data/Developpement/adonisjs-foundry/node_modules/vite/dist/node/chunks/config.js:31657:12)
    at handlePlugins (/mnt/data/Developpement/adonisjs-foundry/node_modules/esbuild/lib/main.js:1141:21)
    at buildOrContextImpl (/mnt/data/Developpement/adonisjs-foundry/node_modules/esbuild/lib/main.js:854:5)
    at Object.buildOrContext (/mnt/data/Developpement/adonisjs-foundry/node_modules/esbuild/lib/main.js:680:5)
    at /mnt/data/Developpement/adonisjs-foundry/node_modules/esbuild/lib/main.js:2035:68
    at new Promise (<anonymous>)
    at Object.context (/mnt/data/Developpement/adonisjs-foundry/node_modules/esbuild/lib/main.js:2035:27)
    at Object.context (/mnt/data/Developpement/adonisjs-foundry/node_modules/esbuild/lib/main.js:1877:58)
    at prepareEsbuildScanner (file:///mnt/data/Developpement/adonisjs-foundry/node_modules/vite/dist/node/chunks/config.js:31454:23)

  The plugin "vite:dep-scan" was triggered by this import

    inertia/pages/settings/profile/front/index.tsx:8:23:
[37m      8 │ import { Button } from [32m'~/components/atoms/button'[37m
        ╵                        [32m~~~~~~~~~~~~~~~~~~~~~~~~~~~[0m


[31m✘ [41;31m[[41;97mERROR[41;31m][0m [1mThe server is being restarted or closed. Request is outdated[0m [1m[35m[plugin vite:dep-scan][0m

    node_modules/esbuild/lib/main.js:1217:27:
[37m      1217 │         let result = await [32m[37mcallback({
           ╵                            [32m^[0m

    at throwClosedServerError (file:///mnt/data/Developpement/adonisjs-foundry/node_modules/vite/dist/node/chunks/config.js:28559:32)
    at EnvironmentPluginContainer.resolveId (file:///mnt/data/Developpement/adonisjs-foundry/node_modules/vite/dist/node/chunks/config.js:28691:65)
    at resolveId (file:///mnt/data/Developpement/adonisjs-foundry/node_modules/vite/dist/node/chunks/config.js:31500:38)
    at resolve$4 (file:///mnt/data/Developpement/adonisjs-foundry/node_modules/vite/dist/node/chunks/config.js:31505:22)
    at file:///mnt/data/Developpement/adonisjs-foundry/node_modules/vite/dist/node/chunks/config.js:31658:28
    at requestCallbacks.on-resolve (/mnt/data/Developpement/adonisjs-foundry/node_modules/esbuild/lib/main.js:1217:28)
    at handleRequest (/mnt/data/Developpement/adonisjs-foundry/node_modules/esbuild/lib/main.js:628:17)
    at handleIncomingPacket (/mnt/data/Developpement/adonisjs-foundry/node_modules/esbuild/lib/main.js:653:7)
    at Socket.readFromStdout (/mnt/data/Developpement/adonisjs-foundry/node_modules/esbuild/lib/main.js:581:7)
    at Socket.emit (node:events:508:20)

  This error came from the "onResolve" callback registered here:

    node_modules/esbuild/lib/main.js:1141:20:
[37m      1141 │       let promise = [32m[37msetup({
           ╵                     [32m^[0m

    at setup (file:///mnt/data/Developpement/adonisjs-foundry/node_modules/vite/dist/node/chunks/config.js:31657:12)
    at handlePlugins (/mnt/data/Developpement/adonisjs-foundry/node_modules/esbuild/lib/main.js:1141:21)
    at buildOrContextImpl (/mnt/data/Developpement/adonisjs-foundry/node_modules/esbuild/lib/main.js:854:5)
    at Object.buildOrContext (/mnt/data/Developpement/adonisjs-foundry/node_modules/esbuild/lib/main.js:680:5)
    at /mnt/data/Developpement/adonisjs-foundry/node_modules/esbuild/lib/main.js:2035:68
    at new Promise (<anonymous>)
    at Object.context (/mnt/data/Developpement/adonisjs-foundry/node_modules/esbuild/lib/main.js:2035:27)
    at Object.context (/mnt/data/Developpement/adonisjs-foundry/node_modules/esbuild/lib/main.js:1877:58)
    at prepareEsbuildScanner (file:///mnt/data/Developpement/adonisjs-foundry/node_modules/vite/dist/node/chunks/config.js:31454:23)

  The plugin "vite:dep-scan" was triggered by this import

    inertia/pages/settings/preferences/front/index.tsx:8:22:
[37m      8 │ import { Field } from [32m'~/components/molecules/field'[37m
        ╵                       [32m~~~~~~~~~~~~~~~~~~~~~~~~~~~~~~[0m


[31m✘ [41;31m[[41;97mERROR[41;31m][0m [1mThe server is being restarted or closed. Request is outdated[0m [1m[35m[plugin vite:dep-scan][0m

    node_modules/esbuild/lib/main.js:1217:27:
[37m      1217 │         let result = await [32m[37mcallback({
           ╵                            [32m^[0m

    at throwClosedServerError (file:///mnt/data/Developpement/adonisjs-foundry/node_modules/vite/dist/node/chunks/config.js:28559:32)
    at EnvironmentPluginContainer.resolveId (file:///mnt/data/Developpement/adonisjs-foundry/node_modules/vite/dist/node/chunks/config.js:28691:65)
    at resolveId (file:///mnt/data/Developpement/adonisjs-foundry/node_modules/vite/dist/node/chunks/config.js:31500:38)
    at resolve$4 (file:///mnt/data/Developpement/adonisjs-foundry/node_modules/vite/dist/node/chunks/config.js:31505:22)
    at file:///mnt/data/Developpement/adonisjs-foundry/node_modules/vite/dist/node/chunks/config.js:31658:28
    at requestCallbacks.on-resolve (/mnt/data/Developpement/adonisjs-foundry/node_modules/esbuild/lib/main.js:1217:28)
    at handleRequest (/mnt/data/Developpement/adonisjs-foundry/node_modules/esbuild/lib/main.js:628:17)
    at handleIncomingPacket (/mnt/data/Developpement/adonisjs-foundry/node_modules/esbuild/lib/main.js:653:7)
    at Socket.readFromStdout (/mnt/data/Developpement/adonisjs-foundry/node_modules/esbuild/lib/main.js:581:7)
    at Socket.emit (node:events:508:20)

  This error came from the "onResolve" callback registered here:

    node_modules/esbuild/lib/main.js:1141:20:
[37m      1141 │       let promise = [32m[37msetup({
           ╵                     [32m^[0m

    at setup (file:///mnt/data/Developpement/adonisjs-foundry/node_modules/vite/dist/node/chunks/config.js:31657:12)
    at handlePlugins (/mnt/data/Developpement/adonisjs-foundry/node_modules/esbuild/lib/main.js:1141:21)
    at buildOrContextImpl (/mnt/data/Developpement/adonisjs-foundry/node_modules/esbuild/lib/main.js:854:5)
    at Object.buildOrContext (/mnt/data/Developpement/adonisjs-foundry/node_modules/esbuild/lib/main.js:680:5)
    at /mnt/data/Developpement/adonisjs-foundry/node_modules/esbuild/lib/main.js:2035:68
    at new Promise (<anonymous>)
    at Object.context (/mnt/data/Developpement/adonisjs-foundry/node_modules/esbuild/lib/main.js:2035:27)
    at Object.context (/mnt/data/Developpement/adonisjs-foundry/node_modules/esbuild/lib/main.js:1877:58)
    at prepareEsbuildScanner (file:///mnt/data/Developpement/adonisjs-foundry/node_modules/vite/dist/node/chunks/config.js:31454:23)

  The plugin "vite:dep-scan" was triggered by this import

    inertia/pages/settings/account/front/index.tsx:8:23:
[37m      8 │ import { Button } from [32m'~/components/atoms/button'[37m
        ╵                        [32m~~~~~~~~~~~~~~~~~~~~~~~~~~~[0m


[31m✘ [41;31m[[41;97mERROR[41;31m][0m [1mThe server is being restarted or closed. Request is outdated[0m [1m[35m[plugin vite:dep-scan][0m

    node_modules/esbuild/lib/main.js:1217:27:
[37m      1217 │         let result = await [32m[37mcallback({
           ╵                            [32m^[0m

    at throwClosedServerError (file:///mnt/data/Developpement/adonisjs-foundry/node_modules/vite/dist/node/chunks/config.js:28559:32)
    at EnvironmentPluginContainer.resolveId (file:///mnt/data/Developpement/adonisjs-foundry/node_modules/vite/dist/node/chunks/config.js:28691:65)
    at resolveId (file:///mnt/data/Developpement/adonisjs-foundry/node_modules/vite/dist/node/chunks/config.js:31500:38)
    at resolve$4 (file:///mnt/data/Developpement/adonisjs-foundry/node_modules/vite/dist/node/chunks/config.js:31505:22)
    at file:///mnt/data/Developpement/adonisjs-foundry/node_modules/vite/dist/node/chunks/config.js:31658:28
    at requestCallbacks.on-resolve (/mnt/data/Developpement/adonisjs-foundry/node_modules/esbuild/lib/main.js:1217:28)
    at handleRequest (/mnt/data/Developpement/adonisjs-foundry/node_modules/esbuild/lib/main.js:628:17)
    at handleIncomingPacket (/mnt/data/Developpement/adonisjs-foundry/node_modules/esbuild/lib/main.js:653:7)
    at Socket.readFromStdout (/mnt/data/Developpement/adonisjs-foundry/node_modules/esbuild/lib/main.js:581:7)
    at Socket.emit (node:events:508:20)

  This error came from the "onResolve" callback registered here:

    node_modules/esbuild/lib/main.js:1141:20:
[37m      1141 │       let promise = [32m[37msetup({
           ╵                     [32m^[0m

    at setup (file:///mnt/data/Developpement/adonisjs-foundry/node_modules/vite/dist/node/chunks/config.js:31657:12)
    at handlePlugins (/mnt/data/Developpement/adonisjs-foundry/node_modules/esbuild/lib/main.js:1141:21)
    at buildOrContextImpl (/mnt/data/Developpement/adonisjs-foundry/node_modules/esbuild/lib/main.js:854:5)
    at Object.buildOrContext (/mnt/data/Developpement/adonisjs-foundry/node_modules/esbuild/lib/main.js:680:5)
    at /mnt/data/Developpement/adonisjs-foundry/node_modules/esbuild/lib/main.js:2035:68
    at new Promise (<anonymous>)
    at Object.context (/mnt/data/Developpement/adonisjs-foundry/node_modules/esbuild/lib/main.js:2035:27)
    at Object.context (/mnt/data/Developpement/adonisjs-foundry/node_modules/esbuild/lib/main.js:1877:58)
    at prepareEsbuildScanner (file:///mnt/data/Developpement/adonisjs-foundry/node_modules/vite/dist/node/chunks/config.js:31454:23)

  The plugin "vite:dep-scan" was triggered by this import

    inertia/pages/auth/front/reset_password.tsx:8:34:
[37m      8 │ import { useFormValidation } from [32m'~/hooks/use_form_validation'[37m
        ╵                                   [32m~~~~~~~~~~~~~~~~~~~~~~~~~~~~~[0m


[31m✘ [41;31m[[41;97mERROR[41;31m][0m [1mThe server is being restarted or closed. Request is outdated[0m [1m[35m[plugin vite:dep-scan][0m

    node_modules/esbuild/lib/main.js:1217:27:
[37m      1217 │         let result = await [32m[37mcallback({
           ╵                            [32m^[0m

    at throwClosedServerError (file:///mnt/data/Developpement/adonisjs-foundry/node_modules/vite/dist/node/chunks/config.js:28559:32)
    at EnvironmentPluginContainer.resolveId (file:///mnt/data/Developpement/adonisjs-foundry/node_modules/vite/dist/node/chunks/config.js:28691:65)
    at resolveId (file:///mnt/data/Developpement/adonisjs-foundry/node_modules/vite/dist/node/chunks/config.js:31500:38)
    at resolve$4 (file:///mnt/data/Developpement/adonisjs-foundry/node_modules/vite/dist/node/chunks/config.js:31505:22)
    at file:///mnt/data/Developpement/adonisjs-foundry/node_modules/vite/dist/node/chunks/config.js:31658:28
    at requestCallbacks.on-resolve (/mnt/data/Developpement/adonisjs-foundry/node_modules/esbuild/lib/main.js:1217:28)
    at handleRequest (/mnt/data/Developpement/adonisjs-foundry/node_modules/esbuild/lib/main.js:628:17)
    at handleIncomingPacket (/mnt/data/Developpement/adonisjs-foundry/node_modules/esbuild/lib/main.js:653:7)
    at Socket.readFromStdout (/mnt/data/Developpement/adonisjs-foundry/node_modules/esbuild/lib/main.js:581:7)
    at Socket.emit (node:events:508:20)

  This error came from the "onResolve" callback registered here:

    node_modules/esbuild/lib/main.js:1141:20:
[37m      1141 │       let promise = [32m[37msetup({
           ╵                     [32m^[0m

    at setup (file:///mnt/data/Developpement/adonisjs-foundry/node_modules/vite/dist/node/chunks/config.js:31657:12)
    at handlePlugins (/mnt/data/Developpement/adonisjs-foundry/node_modules/esbuild/lib/main.js:1141:21)
    at buildOrContextImpl (/mnt/data/Developpement/adonisjs-foundry/node_modules/esbuild/lib/main.js:854:5)
    at Object.buildOrContext (/mnt/data/Developpement/adonisjs-foundry/node_modules/esbuild/lib/main.js:680:5)
    at /mnt/data/Developpement/adonisjs-foundry/node_modules/esbuild/lib/main.js:2035:68
    at new Promise (<anonymous>)
    at Object.context (/mnt/data/Developpement/adonisjs-foundry/node_modules/esbuild/lib/main.js:2035:27)
    at Object.context (/mnt/data/Developpement/adonisjs-foundry/node_modules/esbuild/lib/main.js:1877:58)
    at prepareEsbuildScanner (file:///mnt/data/Developpement/adonisjs-foundry/node_modules/vite/dist/node/chunks/config.js:31454:23)

  The plugin "vite:dep-scan" was triggered by this import

    inertia/pages/auth/front/accept_invitation.tsx:8:34:
[37m      8 │ import { useFormValidation } from [32m'~/hooks/use_form_validation'[37m
        ╵                                   [32m~~~~~~~~~~~~~~~~~~~~~~~~~~~~~[0m


[31m✘ [41;31m[[41;97mERROR[41;31m][0m [1mThe server is being restarted or closed. Request is outdated[0m [1m[35m[plugin vite:dep-scan][0m

    node_modules/esbuild/lib/main.js:1217:27:
[37m      1217 │         let result = await [32m[37mcallback({
           ╵                            [32m^[0m

    at throwClosedServerError (file:///mnt/data/Developpement/adonisjs-foundry/node_modules/vite/dist/node/chunks/config.js:28559:32)
    at EnvironmentPluginContainer.resolveId (file:///mnt/data/Developpement/adonisjs-foundry/node_modules/vite/dist/node/chunks/config.js:28691:65)
    at resolveId (file:///mnt/data/Developpement/adonisjs-foundry/node_modules/vite/dist/node/chunks/config.js:31500:38)
    at resolve$4 (file:///mnt/data/Developpement/adonisjs-foundry/node_modules/vite/dist/node/chunks/config.js:31505:22)
    at file:///mnt/data/Developpement/adonisjs-foundry/node_modules/vite/dist/node/chunks/config.js:31658:28
    at requestCallbacks.on-resolve (/mnt/data/Developpement/adonisjs-foundry/node_modules/esbuild/lib/main.js:1217:28)
    at handleRequest (/mnt/data/Developpement/adonisjs-foundry/node_modules/esbuild/lib/main.js:628:17)
    at handleIncomingPacket (/mnt/data/Developpement/adonisjs-foundry/node_modules/esbuild/lib/main.js:653:7)
    at Socket.readFromStdout (/mnt/data/Developpement/adonisjs-foundry/node_modules/esbuild/lib/main.js:581:7)
    at Socket.emit (node:events:508:20)

  This error came from the "onResolve" callback registered here:

    node_modules/esbuild/lib/main.js:1141:20:
[37m      1141 │       let promise = [32m[37msetup({
           ╵                     [32m^[0m

    at setup (file:///mnt/data/Developpement/adonisjs-foundry/node_modules/vite/dist/node/chunks/config.js:31657:12)
    at handlePlugins (/mnt/data/Developpement/adonisjs-foundry/node_modules/esbuild/lib/main.js:1141:21)
    at buildOrContextImpl (/mnt/data/Developpement/adonisjs-foundry/node_modules/esbuild/lib/main.js:854:5)
    at Object.buildOrContext (/mnt/data/Developpement/adonisjs-foundry/node_modules/esbuild/lib/main.js:680:5)
    at /mnt/data/Developpement/adonisjs-foundry/node_modules/esbuild/lib/main.js:2035:68
    at new Promise (<anonymous>)
    at Object.context (/mnt/data/Developpement/adonisjs-foundry/node_modules/esbuild/lib/main.js:2035:27)
    at Object.context (/mnt/data/Developpement/adonisjs-foundry/node_modules/esbuild/lib/main.js:1877:58)
    at prepareEsbuildScanner (file:///mnt/data/Developpement/adonisjs-foundry/node_modules/vite/dist/node/chunks/config.js:31454:23)

  The plugin "vite:dep-scan" was triggered by this import

    inertia/pages/settings/account/front/email_change.tsx:8:22:
[37m      8 │ import { rules } from [32m'~/helpers/validation_rules'[37m
        ╵                       [32m~~~~~~~~~~~~~~~~~~~~~~~~~~~~[0m


[31m✘ [41;31m[[41;97mERROR[41;31m][0m [1mThe server is being restarted or closed. Request is outdated[0m [1m[35m[plugin vite:dep-scan][0m

    node_modules/esbuild/lib/main.js:1217:27:
[37m      1217 │         let result = await [32m[37mcallback({
           ╵                            [32m^[0m

    at throwClosedServerError (file:///mnt/data/Developpement/adonisjs-foundry/node_modules/vite/dist/node/chunks/config.js:28559:32)
    at EnvironmentPluginContainer.resolveId (file:///mnt/data/Developpement/adonisjs-foundry/node_modules/vite/dist/node/chunks/config.js:28691:65)
    at resolveId (file:///mnt/data/Developpement/adonisjs-foundry/node_modules/vite/dist/node/chunks/config.js:31500:38)
    at resolve$4 (file:///mnt/data/Developpement/adonisjs-foundry/node_modules/vite/dist/node/chunks/config.js:31505:22)
    at file:///mnt/data/Developpement/adonisjs-foundry/node_modules/vite/dist/node/chunks/config.js:31658:28
    at requestCallbacks.on-resolve (/mnt/data/Developpement/adonisjs-foundry/node_modules/esbuild/lib/main.js:1217:28)
    at handleRequest (/mnt/data/Developpement/adonisjs-foundry/node_modules/esbuild/lib/main.js:628:17)
    at handleIncomingPacket (/mnt/data/Developpement/adonisjs-foundry/node_modules/esbuild/lib/main.js:653:7)
    at Socket.readFromStdout (/mnt/data/Developpement/adonisjs-foundry/node_modules/esbuild/lib/main.js:581:7)
    at Socket.emit (node:events:508:20)

  This error came from the "onResolve" callback registered here:

    node_modules/esbuild/lib/main.js:1141:20:
[37m      1141 │       let promise = [32m[37msetup({
           ╵                     [32m^[0m

    at setup (file:///mnt/data/Developpement/adonisjs-foundry/node_modules/vite/dist/node/chunks/config.js:31657:12)
    at handlePlugins (/mnt/data/Developpement/adonisjs-foundry/node_modules/esbuild/lib/main.js:1141:21)
    at buildOrContextImpl (/mnt/data/Developpement/adonisjs-foundry/node_modules/esbuild/lib/main.js:854:5)
    at Object.buildOrContext (/mnt/data/Developpement/adonisjs-foundry/node_modules/esbuild/lib/main.js:680:5)
    at /mnt/data/Developpement/adonisjs-foundry/node_modules/esbuild/lib/main.js:2035:68
    at new Promise (<anonymous>)
    at Object.context (/mnt/data/Developpement/adonisjs-foundry/node_modules/esbuild/lib/main.js:2035:27)
    at Object.context (/mnt/data/Developpement/adonisjs-foundry/node_modules/esbuild/lib/main.js:1877:58)
    at prepareEsbuildScanner (file:///mnt/data/Developpement/adonisjs-foundry/node_modules/vite/dist/node/chunks/config.js:31454:23)

  The plugin "vite:dep-scan" was triggered by this import

    inertia/pages/auth/front/forgot_password.tsx:8:34:
[37m      8 │ import { useFormValidation } from [32m'~/hooks/use_form_validation'[37m
        ╵                                   [32m~~~~~~~~~~~~~~~~~~~~~~~~~~~~~[0m


[31m✘ [41;31m[[41;97mERROR[41;31m][0m [1mThe server is being restarted or closed. Request is outdated[0m [1m[35m[plugin vite:dep-scan][0m

    node_modules/esbuild/lib/main.js:1217:27:
[37m      1217 │         let result = await [32m[37mcallback({
           ╵                            [32m^[0m

    at throwClosedServerError (file:///mnt/data/Developpement/adonisjs-foundry/node_modules/vite/dist/node/chunks/config.js:28559:32)
    at EnvironmentPluginContainer.resolveId (file:///mnt/data/Developpement/adonisjs-foundry/node_modules/vite/dist/node/chunks/config.js:28691:65)
    at resolveId (file:///mnt/data/Developpement/adonisjs-foundry/node_modules/vite/dist/node/chunks/config.js:31500:38)
    at resolve$4 (file:///mnt/data/Developpement/adonisjs-foundry/node_modules/vite/dist/node/chunks/config.js:31505:22)
    at file:///mnt/data/Developpement/adonisjs-foundry/node_modules/vite/dist/node/chunks/config.js:31658:28
    at requestCallbacks.on-resolve (/mnt/data/Developpement/adonisjs-foundry/node_modules/esbuild/lib/main.js:1217:28)
    at handleRequest (/mnt/data/Developpement/adonisjs-foundry/node_modules/esbuild/lib/main.js:628:17)
    at handleIncomingPacket (/mnt/data/Developpement/adonisjs-foundry/node_modules/esbuild/lib/main.js:653:7)
    at Socket.readFromStdout (/mnt/data/Developpement/adonisjs-foundry/node_modules/esbuild/lib/main.js:581:7)
    at Socket.emit (node:events:508:20)

  This error came from the "onResolve" callback registered here:

    node_modules/esbuild/lib/main.js:1141:20:
[37m      1141 │       let promise = [32m[37msetup({
           ╵                     [32m^[0m

    at setup (file:///mnt/data/Developpement/adonisjs-foundry/node_modules/vite/dist/node/chunks/config.js:31657:12)
    at handlePlugins (/mnt/data/Developpement/adonisjs-foundry/node_modules/esbuild/lib/main.js:1141:21)
    at buildOrContextImpl (/mnt/data/Developpement/adonisjs-foundry/node_modules/esbuild/lib/main.js:854:5)
    at Object.buildOrContext (/mnt/data/Developpement/adonisjs-foundry/node_modules/esbuild/lib/main.js:680:5)
    at /mnt/data/Developpement/adonisjs-foundry/node_modules/esbuild/lib/main.js:2035:68
    at new Promise (<anonymous>)
    at Object.context (/mnt/data/Developpement/adonisjs-foundry/node_modules/esbuild/lib/main.js:2035:27)
    at Object.context (/mnt/data/Developpement/adonisjs-foundry/node_modules/esbuild/lib/main.js:1877:58)
    at prepareEsbuildScanner (file:///mnt/data/Developpement/adonisjs-foundry/node_modules/vite/dist/node/chunks/config.js:31454:23)

  The plugin "vite:dep-scan" was triggered by this import

    inertia/pages/auth/front/define_password.tsx:8:34:
[37m      8 │ import { useFormValidation } from [32m'~/hooks/use_form_validation'[37m
        ╵                                   [32m~~~~~~~~~~~~~~~~~~~~~~~~~~~~~[0m


[31m✘ [41;31m[[41;97mERROR[41;31m][0m [1mThe server is being restarted or closed. Request is outdated[0m [1m[35m[plugin vite:dep-scan][0m

    node_modules/esbuild/lib/main.js:1217:27:
[37m      1217 │         let result = await [32m[37mcallback({
           ╵                            [32m^[0m

    at throwClosedServerError (file:///mnt/data/Developpement/adonisjs-foundry/node_modules/vite/dist/node/chunks/config.js:28559:32)
    at EnvironmentPluginContainer.resolveId (file:///mnt/data/Developpement/adonisjs-foundry/node_modules/vite/dist/node/chunks/config.js:28691:65)
    at resolveId (file:///mnt/data/Developpement/adonisjs-foundry/node_modules/vite/dist/node/chunks/config.js:31500:38)
    at resolve$4 (file:///mnt/data/Developpement/adonisjs-foundry/node_modules/vite/dist/node/chunks/config.js:31505:22)
    at file:///mnt/data/Developpement/adonisjs-foundry/node_modules/vite/dist/node/chunks/config.js:31658:28
    at requestCallbacks.on-resolve (/mnt/data/Developpement/adonisjs-foundry/node_modules/esbuild/lib/main.js:1217:28)
    at handleRequest (/mnt/data/Developpement/adonisjs-foundry/node_modules/esbuild/lib/main.js:628:17)
    at handleIncomingPacket (/mnt/data/Developpement/adonisjs-foundry/node_modules/esbuild/lib/main.js:653:7)
    at Socket.readFromStdout (/mnt/data/Developpement/adonisjs-foundry/node_modules/esbuild/lib/main.js:581:7)
    at Socket.emit (node:events:508:20)

  This error came from the "onResolve" callback registered here:

    node_modules/esbuild/lib/main.js:1141:20:
[37m      1141 │       let promise = [32m[37msetup({
           ╵                     [32m^[0m

    at setup (file:///mnt/data/Developpement/adonisjs-foundry/node_modules/vite/dist/node/chunks/config.js:31657:12)
    at handlePlugins (/mnt/data/Developpement/adonisjs-foundry/node_modules/esbuild/lib/main.js:1141:21)
    at buildOrContextImpl (/mnt/data/Developpement/adonisjs-foundry/node_modules/esbuild/lib/main.js:854:5)
    at Object.buildOrContext (/mnt/data/Developpement/adonisjs-foundry/node_modules/esbuild/lib/main.js:680:5)
    at /mnt/data/Developpement/adonisjs-foundry/node_modules/esbuild/lib/main.js:2035:68
    at new Promise (<anonymous>)
    at Object.context (/mnt/data/Developpement/adonisjs-foundry/node_modules/esbuild/lib/main.js:2035:27)
    at Object.context (/mnt/data/Developpement/adonisjs-foundry/node_modules/esbuild/lib/main.js:1877:58)
    at prepareEsbuildScanner (file:///mnt/data/Developpement/adonisjs-foundry/node_modules/vite/dist/node/chunks/config.js:31454:23)

  The plugin "vite:dep-scan" was triggered by this import

    inertia/pages/auth/front/register.tsx:8:24:
[37m      8 │ import { NavLink } from [32m'~/components/atoms/nav_link'[37m
        ╵                         [32m~~~~~~~~~~~~~~~~~~~~~~~~~~~~~[0m


[31m✘ [41;31m[[41;97mERROR[41;31m][0m [1mThe server is being restarted or closed. Request is outdated[0m [1m[35m[plugin vite:dep-scan][0m

    node_modules/esbuild/lib/main.js:1217:27:
[37m      1217 │         let result = await [32m[37mcallback({
           ╵                            [32m^[0m

    at throwClosedServerError (file:///mnt/data/Developpement/adonisjs-foundry/node_modules/vite/dist/node/chunks/config.js:28559:32)
    at EnvironmentPluginContainer.resolveId (file:///mnt/data/Developpement/adonisjs-foundry/node_modules/vite/dist/node/chunks/config.js:28691:65)
    at resolveId (file:///mnt/data/Developpement/adonisjs-foundry/node_modules/vite/dist/node/chunks/config.js:31500:38)
    at resolve$4 (file:///mnt/data/Developpement/adonisjs-foundry/node_modules/vite/dist/node/chunks/config.js:31505:22)
    at file:///mnt/data/Developpement/adonisjs-foundry/node_modules/vite/dist/node/chunks/config.js:31658:28
    at requestCallbacks.on-resolve (/mnt/data/Developpement/adonisjs-foundry/node_modules/esbuild/lib/main.js:1217:28)
    at handleRequest (/mnt/data/Developpement/adonisjs-foundry/node_modules/esbuild/lib/main.js:628:17)
    at handleIncomingPacket (/mnt/data/Developpement/adonisjs-foundry/node_modules/esbuild/lib/main.js:653:7)
    at Socket.readFromStdout (/mnt/data/Developpement/adonisjs-foundry/node_modules/esbuild/lib/main.js:581:7)
    at Socket.emit (node:events:508:20)

  This error came from the "onResolve" callback registered here:

    node_modules/esbuild/lib/main.js:1141:20:
[37m      1141 │       let promise = [32m[37msetup({
           ╵                     [32m^[0m

    at setup (file:///mnt/data/Developpement/adonisjs-foundry/node_modules/vite/dist/node/chunks/config.js:31657:12)
    at handlePlugins (/mnt/data/Developpement/adonisjs-foundry/node_modules/esbuild/lib/main.js:1141:21)
    at buildOrContextImpl (/mnt/data/Developpement/adonisjs-foundry/node_modules/esbuild/lib/main.js:854:5)
    at Object.buildOrContext (/mnt/data/Developpement/adonisjs-foundry/node_modules/esbuild/lib/main.js:680:5)
    at /mnt/data/Developpement/adonisjs-foundry/node_modules/esbuild/lib/main.js:2035:68
    at new Promise (<anonymous>)
    at Object.context (/mnt/data/Developpement/adonisjs-foundry/node_modules/esbuild/lib/main.js:2035:27)
    at Object.context (/mnt/data/Developpement/adonisjs-foundry/node_modules/esbuild/lib/main.js:1877:58)
    at prepareEsbuildScanner (file:///mnt/data/Developpement/adonisjs-foundry/node_modules/vite/dist/node/chunks/config.js:31454:23)

  The plugin "vite:dep-scan" was triggered by this import

    inertia/pages/auth/cms/index.tsx:12:23:
[37m      12 │ import { Button } from [32m'~/components/atoms/button'[37m
         ╵                        [32m~~~~~~~~~~~~~~~~~~~~~~~~~~~[0m


[31m✘ [41;31m[[41;97mERROR[41;31m][0m [1mThe server is being restarted or closed. Request is outdated[0m [1m[35m[plugin vite:dep-scan][0m

    node_modules/esbuild/lib/main.js:1217:27:
[37m      1217 │         let result = await [32m[37mcallback({
           ╵                            [32m^[0m

    at throwClosedServerError (file:///mnt/data/Developpement/adonisjs-foundry/node_modules/vite/dist/node/chunks/config.js:28559:32)
    at EnvironmentPluginContainer.resolveId (file:///mnt/data/Developpement/adonisjs-foundry/node_modules/vite/dist/node/chunks/config.js:28691:65)
    at resolveId (file:///mnt/data/Developpement/adonisjs-foundry/node_modules/vite/dist/node/chunks/config.js:31500:38)
    at resolve$4 (file:///mnt/data/Developpement/adonisjs-foundry/node_modules/vite/dist/node/chunks/config.js:31505:22)
    at file:///mnt/data/Developpement/adonisjs-foundry/node_modules/vite/dist/node/chunks/config.js:31658:28
    at requestCallbacks.on-resolve (/mnt/data/Developpement/adonisjs-foundry/node_modules/esbuild/lib/main.js:1217:28)
    at handleRequest (/mnt/data/Developpement/adonisjs-foundry/node_modules/esbuild/lib/main.js:628:17)
    at handleIncomingPacket (/mnt/data/Developpement/adonisjs-foundry/node_modules/esbuild/lib/main.js:653:7)
    at Socket.readFromStdout (/mnt/data/Developpement/adonisjs-foundry/node_modules/esbuild/lib/main.js:581:7)
    at Socket.emit (node:events:508:20)

  This error came from the "onResolve" callback registered here:

    node_modules/esbuild/lib/main.js:1141:20:
[37m      1141 │       let promise = [32m[37msetup({
           ╵                     [32m^[0m

    at setup (file:///mnt/data/Developpement/adonisjs-foundry/node_modules/vite/dist/node/chunks/config.js:31657:12)
    at handlePlugins (/mnt/data/Developpement/adonisjs-foundry/node_modules/esbuild/lib/main.js:1141:21)
    at buildOrContextImpl (/mnt/data/Developpement/adonisjs-foundry/node_modules/esbuild/lib/main.js:854:5)
    at Object.buildOrContext (/mnt/data/Developpement/adonisjs-foundry/node_modules/esbuild/lib/main.js:680:5)
    at /mnt/data/Developpement/adonisjs-foundry/node_modules/esbuild/lib/main.js:2035:68
    at new Promise (<anonymous>)
    at Object.context (/mnt/data/Developpement/adonisjs-foundry/node_modules/esbuild/lib/main.js:2035:27)
    at Object.context (/mnt/data/Developpement/adonisjs-foundry/node_modules/esbuild/lib/main.js:1877:58)
    at prepareEsbuildScanner (file:///mnt/data/Developpement/adonisjs-foundry/node_modules/vite/dist/node/chunks/config.js:31454:23)

  The plugin "vite:dep-scan" was triggered by this import

    inertia/pages/auth/front/login.tsx:9:23:
[37m      9 │ import { Button } from [32m'~/components/atoms/button'[37m
        ╵                        [32m~~~~~~~~~~~~~~~~~~~~~~~~~~~[0m


[31m✘ [41;31m[[41;97mERROR[41;31m][0m [1mThe server is being restarted or closed. Request is outdated[0m [1m[35m[plugin vite:dep-scan][0m

    node_modules/esbuild/lib/main.js:1217:27:
[37m      1217 │         let result = await [32m[37mcallback({
           ╵                            [32m^[0m

    at throwClosedServerError (file:///mnt/data/Developpement/adonisjs-foundry/node_modules/vite/dist/node/chunks/config.js:28559:32)
    at EnvironmentPluginContainer.resolveId (file:///mnt/data/Developpement/adonisjs-foundry/node_modules/vite/dist/node/chunks/config.js:28691:65)
    at resolveId (file:///mnt/data/Developpement/adonisjs-foundry/node_modules/vite/dist/node/chunks/config.js:31500:38)
    at resolve$4 (file:///mnt/data/Developpement/adonisjs-foundry/node_modules/vite/dist/node/chunks/config.js:31505:22)
    at file:///mnt/data/Developpement/adonisjs-foundry/node_modules/vite/dist/node/chunks/config.js:31658:28
    at requestCallbacks.on-resolve (/mnt/data/Developpement/adonisjs-foundry/node_modules/esbuild/lib/main.js:1217:28)
    at handleRequest (/mnt/data/Developpement/adonisjs-foundry/node_modules/esbuild/lib/main.js:628:17)
    at handleIncomingPacket (/mnt/data/Developpement/adonisjs-foundry/node_modules/esbuild/lib/main.js:653:7)
    at Socket.readFromStdout (/mnt/data/Developpement/adonisjs-foundry/node_modules/esbuild/lib/main.js:581:7)
    at Socket.emit (node:events:508:20)

  This error came from the "onResolve" callback registered here:

    node_modules/esbuild/lib/main.js:1141:20:
[37m      1141 │       let promise = [32m[37msetup({
           ╵                     [32m^[0m

    at setup (file:///mnt/data/Developpement/adonisjs-foundry/node_modules/vite/dist/node/chunks/config.js:31657:12)
    at handlePlugins (/mnt/data/Developpement/adonisjs-foundry/node_modules/esbuild/lib/main.js:1141:21)
    at buildOrContextImpl (/mnt/data/Developpement/adonisjs-foundry/node_modules/esbuild/lib/main.js:854:5)
    at Object.buildOrContext (/mnt/data/Developpement/adonisjs-foundry/node_modules/esbuild/lib/main.js:680:5)
    at /mnt/data/Developpement/adonisjs-foundry/node_modules/esbuild/lib/main.js:2035:68
    at new Promise (<anonymous>)
    at Object.context (/mnt/data/Developpement/adonisjs-foundry/node_modules/esbuild/lib/main.js:2035:27)
    at Object.context (/mnt/data/Developpement/adonisjs-foundry/node_modules/esbuild/lib/main.js:1877:58)
    at prepareEsbuildScanner (file:///mnt/data/Developpement/adonisjs-foundry/node_modules/vite/dist/node/chunks/config.js:31454:23)

  The plugin "vite:dep-scan" was triggered by this import

    inertia/pages/auth/cms/form.tsx:12:34:
[37m      12 │ import { useFormValidation } from [32m'~/hooks/use_form_validation'[37m
         ╵                                   [32m~~~~~~~~~~~~~~~~~~~~~~~~~~~~~[0m


[31m✘ [41;31m[[41;97mERROR[41;31m][0m [1mThe server is being restarted or closed. Request is outdated[0m [1m[35m[plugin vite:dep-scan][0m

    node_modules/esbuild/lib/main.js:1217:27:
[37m      1217 │         let result = await [32m[37mcallback({
           ╵                            [32m^[0m

    at throwClosedServerError (file:///mnt/data/Developpement/adonisjs-foundry/node_modules/vite/dist/node/chunks/config.js:28559:32)
    at EnvironmentPluginContainer.resolveId (file:///mnt/data/Developpement/adonisjs-foundry/node_modules/vite/dist/node/chunks/config.js:28691:65)
    at resolveId (file:///mnt/data/Developpement/adonisjs-foundry/node_modules/vite/dist/node/chunks/config.js:31500:38)
    at resolve$4 (file:///mnt/data/Developpement/adonisjs-foundry/node_modules/vite/dist/node/chunks/config.js:31505:22)
    at file:///mnt/data/Developpement/adonisjs-foundry/node_modules/vite/dist/node/chunks/config.js:31658:28
    at requestCallbacks.on-resolve (/mnt/data/Developpement/adonisjs-foundry/node_modules/esbuild/lib/main.js:1217:28)
    at handleRequest (/mnt/data/Developpement/adonisjs-foundry/node_modules/esbuild/lib/main.js:628:17)
    at handleIncomingPacket (/mnt/data/Developpement/adonisjs-foundry/node_modules/esbuild/lib/main.js:653:7)
    at Socket.readFromStdout (/mnt/data/Developpement/adonisjs-foundry/node_modules/esbuild/lib/main.js:581:7)
    at Socket.emit (node:events:508:20)

  This error came from the "onResolve" callback registered here:

    node_modules/esbuild/lib/main.js:1141:20:
[37m      1141 │       let promise = [32m[37msetup({
           ╵                     [32m^[0m

    at setup (file:///mnt/data/Developpement/adonisjs-foundry/node_modules/vite/dist/node/chunks/config.js:31657:12)
    at handlePlugins (/mnt/data/Developpement/adonisjs-foundry/node_modules/esbuild/lib/main.js:1141:21)
    at buildOrContextImpl (/mnt/data/Developpement/adonisjs-foundry/node_modules/esbuild/lib/main.js:854:5)
    at Object.buildOrContext (/mnt/data/Developpement/adonisjs-foundry/node_modules/esbuild/lib/main.js:680:5)
    at /mnt/data/Developpement/adonisjs-foundry/node_modules/esbuild/lib/main.js:2035:68
    at new Promise (<anonymous>)
    at Object.context (/mnt/data/Developpement/adonisjs-foundry/node_modules/esbuild/lib/main.js:2035:27)
    at Object.context (/mnt/data/Developpement/adonisjs-foundry/node_modules/esbuild/lib/main.js:1877:58)
    at prepareEsbuildScanner (file:///mnt/data/Developpement/adonisjs-foundry/node_modules/vite/dist/node/chunks/config.js:31454:23)

  The plugin "vite:dep-scan" was triggered by this import

    inertia/pages/auth/cms/show.tsx:12:24:
[37m      12 │ import { Heading } from [32m'~/components/atoms/heading'[37m
         ╵                         [32m~~~~~~~~~~~~~~~~~~~~~~~~~~~~[0m


[31m✘ [41;31m[[41;97mERROR[41;31m][0m [1mThe server is being restarted or closed. Request is outdated[0m [1m[35m[plugin vite:dep-scan][0m

    node_modules/esbuild/lib/main.js:1217:27:
[37m      1217 │         let result = await [32m[37mcallback({
           ╵                            [32m^[0m

    at throwClosedServerError (file:///mnt/data/Developpement/adonisjs-foundry/node_modules/vite/dist/node/chunks/config.js:28559:32)
    at EnvironmentPluginContainer.resolveId (file:///mnt/data/Developpement/adonisjs-foundry/node_modules/vite/dist/node/chunks/config.js:28691:65)
    at resolveId (file:///mnt/data/Developpement/adonisjs-foundry/node_modules/vite/dist/node/chunks/config.js:31500:38)
    at resolve$4 (file:///mnt/data/Developpement/adonisjs-foundry/node_modules/vite/dist/node/chunks/config.js:31505:22)
    at file:///mnt/data/Developpement/adonisjs-foundry/node_modules/vite/dist/node/chunks/config.js:31658:28
    at requestCallbacks.on-resolve (/mnt/data/Developpement/adonisjs-foundry/node_modules/esbuild/lib/main.js:1217:28)
    at handleRequest (/mnt/data/Developpement/adonisjs-foundry/node_modules/esbuild/lib/main.js:628:17)
    at handleIncomingPacket (/mnt/data/Developpement/adonisjs-foundry/node_modules/esbuild/lib/main.js:653:7)
    at Socket.readFromStdout (/mnt/data/Developpement/adonisjs-foundry/node_modules/esbuild/lib/main.js:581:7)
    at Socket.emit (node:events:508:20)

  This error came from the "onResolve" callback registered here:

    node_modules/esbuild/lib/main.js:1141:20:
[37m      1141 │       let promise = [32m[37msetup({
           ╵                     [32m^[0m

    at setup (file:///mnt/data/Developpement/adonisjs-foundry/node_modules/vite/dist/node/chunks/config.js:31657:12)
    at handlePlugins (/mnt/data/Developpement/adonisjs-foundry/node_modules/esbuild/lib/main.js:1141:21)
    at buildOrContextImpl (/mnt/data/Developpement/adonisjs-foundry/node_modules/esbuild/lib/main.js:854:5)
    at Object.buildOrContext (/mnt/data/Developpement/adonisjs-foundry/node_modules/esbuild/lib/main.js:680:5)
    at /mnt/data/Developpement/adonisjs-foundry/node_modules/esbuild/lib/main.js:2035:68
    at new Promise (<anonymous>)
    at Object.context (/mnt/data/Developpement/adonisjs-foundry/node_modules/esbuild/lib/main.js:2035:27)
    at Object.context (/mnt/data/Developpement/adonisjs-foundry/node_modules/esbuild/lib/main.js:1877:58)
    at prepareEsbuildScanner (file:///mnt/data/Developpement/adonisjs-foundry/node_modules/vite/dist/node/chunks/config.js:31454:23)

  The plugin "vite:dep-scan" was triggered by this import

    inertia/pages/settings/profile/front/index.tsx:9:23:
[37m      9 │ import { Avatar } from [32m'~/components/atoms/avatar'[37m
        ╵                        [32m~~~~~~~~~~~~~~~~~~~~~~~~~~~[0m


[31m✘ [41;31m[[41;97mERROR[41;31m][0m [1mThe server is being restarted or closed. Request is outdated[0m [1m[35m[plugin vite:dep-scan][0m

    node_modules/esbuild/lib/main.js:1217:27:
[37m      1217 │         let result = await [32m[37mcallback({
           ╵                            [32m^[0m

    at throwClosedServerError (file:///mnt/data/Developpement/adonisjs-foundry/node_modules/vite/dist/node/chunks/config.js:28559:32)
    at EnvironmentPluginContainer.resolveId (file:///mnt/data/Developpement/adonisjs-foundry/node_modules/vite/dist/node/chunks/config.js:28691:65)
    at resolveId (file:///mnt/data/Developpement/adonisjs-foundry/node_modules/vite/dist/node/chunks/config.js:31500:38)
    at resolve$4 (file:///mnt/data/Developpement/adonisjs-foundry/node_modules/vite/dist/node/chunks/config.js:31505:22)
    at file:///mnt/data/Developpement/adonisjs-foundry/node_modules/vite/dist/node/chunks/config.js:31658:28
    at requestCallbacks.on-resolve (/mnt/data/Developpement/adonisjs-foundry/node_modules/esbuild/lib/main.js:1217:28)
    at handleRequest (/mnt/data/Developpement/adonisjs-foundry/node_modules/esbuild/lib/main.js:628:17)
    at handleIncomingPacket (/mnt/data/Developpement/adonisjs-foundry/node_modules/esbuild/lib/main.js:653:7)
    at Socket.readFromStdout (/mnt/data/Developpement/adonisjs-foundry/node_modules/esbuild/lib/main.js:581:7)
    at Socket.emit (node:events:508:20)

  This error came from the "onResolve" callback registered here:

    node_modules/esbuild/lib/main.js:1141:20:
[37m      1141 │       let promise = [32m[37msetup({
           ╵                     [32m^[0m

    at setup (file:///mnt/data/Developpement/adonisjs-foundry/node_modules/vite/dist/node/chunks/config.js:31657:12)
    at handlePlugins (/mnt/data/Developpement/adonisjs-foundry/node_modules/esbuild/lib/main.js:1141:21)
    at buildOrContextImpl (/mnt/data/Developpement/adonisjs-foundry/node_modules/esbuild/lib/main.js:854:5)
    at Object.buildOrContext (/mnt/data/Developpement/adonisjs-foundry/node_modules/esbuild/lib/main.js:680:5)
    at /mnt/data/Developpement/adonisjs-foundry/node_modules/esbuild/lib/main.js:2035:68
    at new Promise (<anonymous>)
    at Object.context (/mnt/data/Developpement/adonisjs-foundry/node_modules/esbuild/lib/main.js:2035:27)
    at Object.context (/mnt/data/Developpement/adonisjs-foundry/node_modules/esbuild/lib/main.js:1877:58)
    at prepareEsbuildScanner (file:///mnt/data/Developpement/adonisjs-foundry/node_modules/vite/dist/node/chunks/config.js:31454:23)

  The plugin "vite:dep-scan" was triggered by this import

    inertia/pages/settings/account/front/index.tsx:11:27:
[37m      11 │ import { capitalize } from [32m'~/lib/string'[37m
         ╵                            [32m~~~~~~~~~~~~~~[0m


[31m✘ [41;31m[[41;97mERROR[41;31m][0m [1mThe server is being restarted or closed. Request is outdated[0m [1m[35m[plugin vite:dep-scan][0m

    node_modules/esbuild/lib/main.js:1217:27:
[37m      1217 │         let result = await [32m[37mcallback({
           ╵                            [32m^[0m

    at throwClosedServerError (file:///mnt/data/Developpement/adonisjs-foundry/node_modules/vite/dist/node/chunks/config.js:28559:32)
    at EnvironmentPluginContainer.resolveId (file:///mnt/data/Developpement/adonisjs-foundry/node_modules/vite/dist/node/chunks/config.js:28691:65)
    at resolveId (file:///mnt/data/Developpement/adonisjs-foundry/node_modules/vite/dist/node/chunks/config.js:31500:38)
    at resolve$4 (file:///mnt/data/Developpement/adonisjs-foundry/node_modules/vite/dist/node/chunks/config.js:31505:22)
    at file:///mnt/data/Developpement/adonisjs-foundry/node_modules/vite/dist/node/chunks/config.js:31658:28
    at requestCallbacks.on-resolve (/mnt/data/Developpement/adonisjs-foundry/node_modules/esbuild/lib/main.js:1217:28)
    at handleRequest (/mnt/data/Developpement/adonisjs-foundry/node_modules/esbuild/lib/main.js:628:17)
    at handleIncomingPacket (/mnt/data/Developpement/adonisjs-foundry/node_modules/esbuild/lib/main.js:653:7)
    at Socket.readFromStdout (/mnt/data/Developpement/adonisjs-foundry/node_modules/esbuild/lib/main.js:581:7)
    at Socket.emit (node:events:508:20)

  This error came from the "onResolve" callback registered here:

    node_modules/esbuild/lib/main.js:1141:20:
[37m      1141 │       let promise = [32m[37msetup({
           ╵                     [32m^[0m

    at setup (file:///mnt/data/Developpement/adonisjs-foundry/node_modules/vite/dist/node/chunks/config.js:31657:12)
    at handlePlugins (/mnt/data/Developpement/adonisjs-foundry/node_modules/esbuild/lib/main.js:1141:21)
    at buildOrContextImpl (/mnt/data/Developpement/adonisjs-foundry/node_modules/esbuild/lib/main.js:854:5)
    at Object.buildOrContext (/mnt/data/Developpement/adonisjs-foundry/node_modules/esbuild/lib/main.js:680:5)
    at /mnt/data/Developpement/adonisjs-foundry/node_modules/esbuild/lib/main.js:2035:68
    at new Promise (<anonymous>)
    at Object.context (/mnt/data/Developpement/adonisjs-foundry/node_modules/esbuild/lib/main.js:2035:27)
    at Object.context (/mnt/data/Developpement/adonisjs-foundry/node_modules/esbuild/lib/main.js:1877:58)
    at prepareEsbuildScanner (file:///mnt/data/Developpement/adonisjs-foundry/node_modules/vite/dist/node/chunks/config.js:31454:23)

  The plugin "vite:dep-scan" was triggered by this import

    inertia/pages/auth/front/reset_password.tsx:9:24:
[37m      9 │ import { presets } from [32m'~/helpers/validation_rules'[37m
        ╵                         [32m~~~~~~~~~~~~~~~~~~~~~~~~~~~~[0m


[31m✘ [41;31m[[41;97mERROR[41;31m][0m [1mThe server is being restarted or closed. Request is outdated[0m [1m[35m[plugin vite:dep-scan][0m

    node_modules/esbuild/lib/main.js:1217:27:
[37m      1217 │         let result = await [32m[37mcallback({
           ╵                            [32m^[0m

    at throwClosedServerError (file:///mnt/data/Developpement/adonisjs-foundry/node_modules/vite/dist/node/chunks/config.js:28559:32)
    at EnvironmentPluginContainer.resolveId (file:///mnt/data/Developpement/adonisjs-foundry/node_modules/vite/dist/node/chunks/config.js:28691:65)
    at resolveId (file:///mnt/data/Developpement/adonisjs-foundry/node_modules/vite/dist/node/chunks/config.js:31500:38)
    at resolve$4 (file:///mnt/data/Developpement/adonisjs-foundry/node_modules/vite/dist/node/chunks/config.js:31505:22)
    at file:///mnt/data/Developpement/adonisjs-foundry/node_modules/vite/dist/node/chunks/config.js:31658:28
    at requestCallbacks.on-resolve (/mnt/data/Developpement/adonisjs-foundry/node_modules/esbuild/lib/main.js:1217:28)
    at handleRequest (/mnt/data/Developpement/adonisjs-foundry/node_modules/esbuild/lib/main.js:628:17)
    at handleIncomingPacket (/mnt/data/Developpement/adonisjs-foundry/node_modules/esbuild/lib/main.js:653:7)
    at Socket.readFromStdout (/mnt/data/Developpement/adonisjs-foundry/node_modules/esbuild/lib/main.js:581:7)
    at Socket.emit (node:events:508:20)

  This error came from the "onResolve" callback registered here:

    node_modules/esbuild/lib/main.js:1141:20:
[37m      1141 │       let promise = [32m[37msetup({
           ╵                     [32m^[0m

    at setup (file:///mnt/data/Developpement/adonisjs-foundry/node_modules/vite/dist/node/chunks/config.js:31657:12)
    at handlePlugins (/mnt/data/Developpement/adonisjs-foundry/node_modules/esbuild/lib/main.js:1141:21)
    at buildOrContextImpl (/mnt/data/Developpement/adonisjs-foundry/node_modules/esbuild/lib/main.js:854:5)
    at Object.buildOrContext (/mnt/data/Developpement/adonisjs-foundry/node_modules/esbuild/lib/main.js:680:5)
    at /mnt/data/Developpement/adonisjs-foundry/node_modules/esbuild/lib/main.js:2035:68
    at new Promise (<anonymous>)
    at Object.context (/mnt/data/Developpement/adonisjs-foundry/node_modules/esbuild/lib/main.js:2035:27)
    at Object.context (/mnt/data/Developpement/adonisjs-foundry/node_modules/esbuild/lib/main.js:1877:58)
    at prepareEsbuildScanner (file:///mnt/data/Developpement/adonisjs-foundry/node_modules/vite/dist/node/chunks/config.js:31454:23)

  The plugin "vite:dep-scan" was triggered by this import

    inertia/pages/auth/front/accept_invitation.tsx:9:24:
[37m      9 │ import { presets } from [32m'~/helpers/validation_rules'[37m
        ╵                         [32m~~~~~~~~~~~~~~~~~~~~~~~~~~~~[0m


[31m✘ [41;31m[[41;97mERROR[41;31m][0m [1mThe server is being restarted or closed. Request is outdated[0m [1m[35m[plugin vite:dep-scan][0m

    node_modules/esbuild/lib/main.js:1217:27:
[37m      1217 │         let result = await [32m[37mcallback({
           ╵                            [32m^[0m

    at throwClosedServerError (file:///mnt/data/Developpement/adonisjs-foundry/node_modules/vite/dist/node/chunks/config.js:28559:32)
    at EnvironmentPluginContainer.resolveId (file:///mnt/data/Developpement/adonisjs-foundry/node_modules/vite/dist/node/chunks/config.js:28691:65)
    at resolveId (file:///mnt/data/Developpement/adonisjs-foundry/node_modules/vite/dist/node/chunks/config.js:31500:38)
    at resolve$4 (file:///mnt/data/Developpement/adonisjs-foundry/node_modules/vite/dist/node/chunks/config.js:31505:22)
    at file:///mnt/data/Developpement/adonisjs-foundry/node_modules/vite/dist/node/chunks/config.js:31658:28
    at requestCallbacks.on-resolve (/mnt/data/Developpement/adonisjs-foundry/node_modules/esbuild/lib/main.js:1217:28)
    at handleRequest (/mnt/data/Developpement/adonisjs-foundry/node_modules/esbuild/lib/main.js:628:17)
    at handleIncomingPacket (/mnt/data/Developpement/adonisjs-foundry/node_modules/esbuild/lib/main.js:653:7)
    at Socket.readFromStdout (/mnt/data/Developpement/adonisjs-foundry/node_modules/esbuild/lib/main.js:581:7)
    at Socket.emit (node:events:508:20)

  This error came from the "onResolve" callback registered here:

    node_modules/esbuild/lib/main.js:1141:20:
[37m      1141 │       let promise = [32m[37msetup({
           ╵                     [32m^[0m

    at setup (file:///mnt/data/Developpement/adonisjs-foundry/node_modules/vite/dist/node/chunks/config.js:31657:12)
    at handlePlugins (/mnt/data/Developpement/adonisjs-foundry/node_modules/esbuild/lib/main.js:1141:21)
    at buildOrContextImpl (/mnt/data/Developpement/adonisjs-foundry/node_modules/esbuild/lib/main.js:854:5)
    at Object.buildOrContext (/mnt/data/Developpement/adonisjs-foundry/node_modules/esbuild/lib/main.js:680:5)
    at /mnt/data/Developpement/adonisjs-foundry/node_modules/esbuild/lib/main.js:2035:68
    at new Promise (<anonymous>)
    at Object.context (/mnt/data/Developpement/adonisjs-foundry/node_modules/esbuild/lib/main.js:2035:27)
    at Object.context (/mnt/data/Developpement/adonisjs-foundry/node_modules/esbuild/lib/main.js:1877:58)
    at prepareEsbuildScanner (file:///mnt/data/Developpement/adonisjs-foundry/node_modules/vite/dist/node/chunks/config.js:31454:23)

  The plugin "vite:dep-scan" was triggered by this import

    inertia/pages/settings/account/front/email_change.tsx:9:26:
[37m      9 │ import { AuthIntro } from [32m'~/components/molecules/auth/auth_intro'[37m
        ╵                           [32m~~~~~~~~~~~~~~~~~~~~~~~~~~~~~~~~~~~~~~~~[0m


[31m✘ [41;31m[[41;97mERROR[41;31m][0m [1mThe server is being restarted or closed. Request is outdated[0m [1m[35m[plugin vite:dep-scan][0m

    node_modules/esbuild/lib/main.js:1217:27:
[37m      1217 │         let result = await [32m[37mcallback({
           ╵                            [32m^[0m

    at throwClosedServerError (file:///mnt/data/Developpement/adonisjs-foundry/node_modules/vite/dist/node/chunks/config.js:28559:32)
    at EnvironmentPluginContainer.resolveId (file:///mnt/data/Developpement/adonisjs-foundry/node_modules/vite/dist/node/chunks/config.js:28691:65)
    at resolveId (file:///mnt/data/Developpement/adonisjs-foundry/node_modules/vite/dist/node/chunks/config.js:31500:38)
    at resolve$4 (file:///mnt/data/Developpement/adonisjs-foundry/node_modules/vite/dist/node/chunks/config.js:31505:22)
    at file:///mnt/data/Developpement/adonisjs-foundry/node_modules/vite/dist/node/chunks/config.js:31658:28
    at requestCallbacks.on-resolve (/mnt/data/Developpement/adonisjs-foundry/node_modules/esbuild/lib/main.js:1217:28)
    at handleRequest (/mnt/data/Developpement/adonisjs-foundry/node_modules/esbuild/lib/main.js:628:17)
    at handleIncomingPacket (/mnt/data/Developpement/adonisjs-foundry/node_modules/esbuild/lib/main.js:653:7)
    at Socket.readFromStdout (/mnt/data/Developpement/adonisjs-foundry/node_modules/esbuild/lib/main.js:581:7)
    at Socket.emit (node:events:508:20)

  This error came from the "onResolve" callback registered here:

    node_modules/esbuild/lib/main.js:1141:20:
[37m      1141 │       let promise = [32m[37msetup({
           ╵                     [32m^[0m

    at setup (file:///mnt/data/Developpement/adonisjs-foundry/node_modules/vite/dist/node/chunks/config.js:31657:12)
    at handlePlugins (/mnt/data/Developpement/adonisjs-foundry/node_modules/esbuild/lib/main.js:1141:21)
    at buildOrContextImpl (/mnt/data/Developpement/adonisjs-foundry/node_modules/esbuild/lib/main.js:854:5)
    at Object.buildOrContext (/mnt/data/Developpement/adonisjs-foundry/node_modules/esbuild/lib/main.js:680:5)
    at /mnt/data/Developpement/adonisjs-foundry/node_modules/esbuild/lib/main.js:2035:68
    at new Promise (<anonymous>)
    at Object.context (/mnt/data/Developpement/adonisjs-foundry/node_modules/esbuild/lib/main.js:2035:27)
    at Object.context (/mnt/data/Developpement/adonisjs-foundry/node_modules/esbuild/lib/main.js:1877:58)
    at prepareEsbuildScanner (file:///mnt/data/Developpement/adonisjs-foundry/node_modules/vite/dist/node/chunks/config.js:31454:23)

  The plugin "vite:dep-scan" was triggered by this import

    inertia/pages/auth/front/forgot_password.tsx:9:24:
[37m      9 │ import { presets } from [32m'~/helpers/validation_rules'[37m
        ╵                         [32m~~~~~~~~~~~~~~~~~~~~~~~~~~~~[0m


[31m✘ [41;31m[[41;97mERROR[41;31m][0m [1mThe server is being restarted or closed. Request is outdated[0m [1m[35m[plugin vite:dep-scan][0m

    node_modules/esbuild/lib/main.js:1217:27:
[37m      1217 │         let result = await [32m[37mcallback({
           ╵                            [32m^[0m

    at throwClosedServerError (file:///mnt/data/Developpement/adonisjs-foundry/node_modules/vite/dist/node/chunks/config.js:28559:32)
    at EnvironmentPluginContainer.resolveId (file:///mnt/data/Developpement/adonisjs-foundry/node_modules/vite/dist/node/chunks/config.js:28691:65)
    at resolveId (file:///mnt/data/Developpement/adonisjs-foundry/node_modules/vite/dist/node/chunks/config.js:31500:38)
    at resolve$4 (file:///mnt/data/Developpement/adonisjs-foundry/node_modules/vite/dist/node/chunks/config.js:31505:22)
    at file:///mnt/data/Developpement/adonisjs-foundry/node_modules/vite/dist/node/chunks/config.js:31658:28
    at requestCallbacks.on-resolve (/mnt/data/Developpement/adonisjs-foundry/node_modules/esbuild/lib/main.js:1217:28)
    at handleRequest (/mnt/data/Developpement/adonisjs-foundry/node_modules/esbuild/lib/main.js:628:17)
    at handleIncomingPacket (/mnt/data/Developpement/adonisjs-foundry/node_modules/esbuild/lib/main.js:653:7)
    at Socket.readFromStdout (/mnt/data/Developpement/adonisjs-foundry/node_modules/esbuild/lib/main.js:581:7)
    at Socket.emit (node:events:508:20)

  This error came from the "onResolve" callback registered here:

    node_modules/esbuild/lib/main.js:1141:20:
[37m      1141 │       let promise = [32m[37msetup({
           ╵                     [32m^[0m

    at setup (file:///mnt/data/Developpement/adonisjs-foundry/node_modules/vite/dist/node/chunks/config.js:31657:12)
    at handlePlugins (/mnt/data/Developpement/adonisjs-foundry/node_modules/esbuild/lib/main.js:1141:21)
    at buildOrContextImpl (/mnt/data/Developpement/adonisjs-foundry/node_modules/esbuild/lib/main.js:854:5)
    at Object.buildOrContext (/mnt/data/Developpement/adonisjs-foundry/node_modules/esbuild/lib/main.js:680:5)
    at /mnt/data/Developpement/adonisjs-foundry/node_modules/esbuild/lib/main.js:2035:68
    at new Promise (<anonymous>)
    at Object.context (/mnt/data/Developpement/adonisjs-foundry/node_modules/esbuild/lib/main.js:2035:27)
    at Object.context (/mnt/data/Developpement/adonisjs-foundry/node_modules/esbuild/lib/main.js:1877:58)
    at prepareEsbuildScanner (file:///mnt/data/Developpement/adonisjs-foundry/node_modules/vite/dist/node/chunks/config.js:31454:23)

  The plugin "vite:dep-scan" was triggered by this import

    inertia/pages/auth/front/define_password.tsx:9:24:
[37m      9 │ import { presets } from [32m'~/helpers/validation_rules'[37m
        ╵                         [32m~~~~~~~~~~~~~~~~~~~~~~~~~~~~[0m


[31m✘ [41;31m[[41;97mERROR[41;31m][0m [1mThe server is being restarted or closed. Request is outdated[0m [1m[35m[plugin vite:dep-scan][0m

    node_modules/esbuild/lib/main.js:1217:27:
[37m      1217 │         let result = await [32m[37mcallback({
           ╵                            [32m^[0m

    at throwClosedServerError (file:///mnt/data/Developpement/adonisjs-foundry/node_modules/vite/dist/node/chunks/config.js:28559:32)
    at EnvironmentPluginContainer.resolveId (file:///mnt/data/Developpement/adonisjs-foundry/node_modules/vite/dist/node/chunks/config.js:28691:65)
    at resolveId (file:///mnt/data/Developpement/adonisjs-foundry/node_modules/vite/dist/node/chunks/config.js:31500:38)
    at resolve$4 (file:///mnt/data/Developpement/adonisjs-foundry/node_modules/vite/dist/node/chunks/config.js:31505:22)
    at file:///mnt/data/Developpement/adonisjs-foundry/node_modules/vite/dist/node/chunks/config.js:31658:28
    at requestCallbacks.on-resolve (/mnt/data/Developpement/adonisjs-foundry/node_modules/esbuild/lib/main.js:1217:28)
    at handleRequest (/mnt/data/Developpement/adonisjs-foundry/node_modules/esbuild/lib/main.js:628:17)
    at handleIncomingPacket (/mnt/data/Developpement/adonisjs-foundry/node_modules/esbuild/lib/main.js:653:7)
    at Socket.readFromStdout (/mnt/data/Developpement/adonisjs-foundry/node_modules/esbuild/lib/main.js:581:7)
    at Socket.emit (node:events:508:20)

  This error came from the "onResolve" callback registered here:

    node_modules/esbuild/lib/main.js:1141:20:
[37m      1141 │       let promise = [32m[37msetup({
           ╵                     [32m^[0m

    at setup (file:///mnt/data/Developpement/adonisjs-foundry/node_modules/vite/dist/node/chunks/config.js:31657:12)
    at handlePlugins (/mnt/data/Developpement/adonisjs-foundry/node_modules/esbuild/lib/main.js:1141:21)
    at buildOrContextImpl (/mnt/data/Developpement/adonisjs-foundry/node_modules/esbuild/lib/main.js:854:5)
    at Object.buildOrContext (/mnt/data/Developpement/adonisjs-foundry/node_modules/esbuild/lib/main.js:680:5)
    at /mnt/data/Developpement/adonisjs-foundry/node_modules/esbuild/lib/main.js:2035:68
    at new Promise (<anonymous>)
    at Object.context (/mnt/data/Developpement/adonisjs-foundry/node_modules/esbuild/lib/main.js:2035:27)
    at Object.context (/mnt/data/Developpement/adonisjs-foundry/node_modules/esbuild/lib/main.js:1877:58)
    at prepareEsbuildScanner (file:///mnt/data/Developpement/adonisjs-foundry/node_modules/vite/dist/node/chunks/config.js:31454:23)

  The plugin "vite:dep-scan" was triggered by this import

    inertia/pages/auth/front/register.tsx:9:34:
[37m      9 │ import { useFormValidation } from [32m'~/hooks/use_form_validation'[37m
        ╵                                   [32m~~~~~~~~~~~~~~~~~~~~~~~~~~~~~[0m


[31m✘ [41;31m[[41;97mERROR[41;31m][0m [1mThe server is being restarted or closed. Request is outdated[0m [1m[35m[plugin vite:dep-scan][0m

    node_modules/esbuild/lib/main.js:1217:27:
[37m      1217 │         let result = await [32m[37mcallback({
           ╵                            [32m^[0m

    at throwClosedServerError (file:///mnt/data/Developpement/adonisjs-foundry/node_modules/vite/dist/node/chunks/config.js:28559:32)
    at EnvironmentPluginContainer.resolveId (file:///mnt/data/Developpement/adonisjs-foundry/node_modules/vite/dist/node/chunks/config.js:28691:65)
    at resolveId (file:///mnt/data/Developpement/adonisjs-foundry/node_modules/vite/dist/node/chunks/config.js:31500:38)
    at resolve$4 (file:///mnt/data/Developpement/adonisjs-foundry/node_modules/vite/dist/node/chunks/config.js:31505:22)
    at file:///mnt/data/Developpement/adonisjs-foundry/node_modules/vite/dist/node/chunks/config.js:31658:28
    at requestCallbacks.on-resolve (/mnt/data/Developpement/adonisjs-foundry/node_modules/esbuild/lib/main.js:1217:28)
    at handleRequest (/mnt/data/Developpement/adonisjs-foundry/node_modules/esbuild/lib/main.js:628:17)
    at handleIncomingPacket (/mnt/data/Developpement/adonisjs-foundry/node_modules/esbuild/lib/main.js:653:7)
    at Socket.readFromStdout (/mnt/data/Developpement/adonisjs-foundry/node_modules/esbuild/lib/main.js:581:7)
    at Socket.emit (node:events:508:20)

  This error came from the "onResolve" callback registered here:

    node_modules/esbuild/lib/main.js:1141:20:
[37m      1141 │       let promise = [32m[37msetup({
           ╵                     [32m^[0m

    at setup (file:///mnt/data/Developpement/adonisjs-foundry/node_modules/vite/dist/node/chunks/config.js:31657:12)
    at handlePlugins (/mnt/data/Developpement/adonisjs-foundry/node_modules/esbuild/lib/main.js:1141:21)
    at buildOrContextImpl (/mnt/data/Developpement/adonisjs-foundry/node_modules/esbuild/lib/main.js:854:5)
    at Object.buildOrContext (/mnt/data/Developpement/adonisjs-foundry/node_modules/esbuild/lib/main.js:680:5)
    at /mnt/data/Developpement/adonisjs-foundry/node_modules/esbuild/lib/main.js:2035:68
    at new Promise (<anonymous>)
    at Object.context (/mnt/data/Developpement/adonisjs-foundry/node_modules/esbuild/lib/main.js:2035:27)
    at Object.context (/mnt/data/Developpement/adonisjs-foundry/node_modules/esbuild/lib/main.js:1877:58)
    at prepareEsbuildScanner (file:///mnt/data/Developpement/adonisjs-foundry/node_modules/vite/dist/node/chunks/config.js:31454:23)

  The plugin "vite:dep-scan" was triggered by this import

    inertia/pages/auth/cms/index.tsx:13:22:
[37m      13 │ import { Field } from [32m'~/components/molecules/field'[37m
         ╵                       [32m~~~~~~~~~~~~~~~~~~~~~~~~~~~~~~[0m


[31m✘ [41;31m[[41;97mERROR[41;31m][0m [1mThe server is being restarted or closed. Request is outdated[0m [1m[35m[plugin vite:dep-scan][0m

    node_modules/esbuild/lib/main.js:1217:27:
[37m      1217 │         let result = await [32m[37mcallback({
           ╵                            [32m^[0m

    at throwClosedServerError (file:///mnt/data/Developpement/adonisjs-foundry/node_modules/vite/dist/node/chunks/config.js:28559:32)
    at EnvironmentPluginContainer.resolveId (file:///mnt/data/Developpement/adonisjs-foundry/node_modules/vite/dist/node/chunks/config.js:28691:65)
    at resolveId (file:///mnt/data/Developpement/adonisjs-foundry/node_modules/vite/dist/node/chunks/config.js:31500:38)
    at resolve$4 (file:///mnt/data/Developpement/adonisjs-foundry/node_modules/vite/dist/node/chunks/config.js:31505:22)
    at file:///mnt/data/Developpement/adonisjs-foundry/node_modules/vite/dist/node/chunks/config.js:31658:28
    at requestCallbacks.on-resolve (/mnt/data/Developpement/adonisjs-foundry/node_modules/esbuild/lib/main.js:1217:28)
    at handleRequest (/mnt/data/Developpement/adonisjs-foundry/node_modules/esbuild/lib/main.js:628:17)
    at handleIncomingPacket (/mnt/data/Developpement/adonisjs-foundry/node_modules/esbuild/lib/main.js:653:7)
    at Socket.readFromStdout (/mnt/data/Developpement/adonisjs-foundry/node_modules/esbuild/lib/main.js:581:7)
    at Socket.emit (node:events:508:20)

  This error came from the "onResolve" callback registered here:

    node_modules/esbuild/lib/main.js:1141:20:
[37m      1141 │       let promise = [32m[37msetup({
           ╵                     [32m^[0m

    at setup (file:///mnt/data/Developpement/adonisjs-foundry/node_modules/vite/dist/node/chunks/config.js:31657:12)
    at handlePlugins (/mnt/data/Developpement/adonisjs-foundry/node_modules/esbuild/lib/main.js:1141:21)
    at buildOrContextImpl (/mnt/data/Developpement/adonisjs-foundry/node_modules/esbuild/lib/main.js:854:5)
    at Object.buildOrContext (/mnt/data/Developpement/adonisjs-foundry/node_modules/esbuild/lib/main.js:680:5)
    at /mnt/data/Developpement/adonisjs-foundry/node_modules/esbuild/lib/main.js:2035:68
    at new Promise (<anonymous>)
    at Object.context (/mnt/data/Developpement/adonisjs-foundry/node_modules/esbuild/lib/main.js:2035:27)
    at Object.context (/mnt/data/Developpement/adonisjs-foundry/node_modules/esbuild/lib/main.js:1877:58)
    at prepareEsbuildScanner (file:///mnt/data/Developpement/adonisjs-foundry/node_modules/vite/dist/node/chunks/config.js:31454:23)

  The plugin "vite:dep-scan" was triggered by this import

    inertia/pages/auth/front/login.tsx:10:34:
[37m      10 │ import { useFormValidation } from [32m'~/hooks/use_form_validation'[37m
         ╵                                   [32m~~~~~~~~~~~~~~~~~~~~~~~~~~~~~[0m


[31m✘ [41;31m[[41;97mERROR[41;31m][0m [1mThe server is being restarted or closed. Request is outdated[0m [1m[35m[plugin vite:dep-scan][0m

    node_modules/esbuild/lib/main.js:1217:27:
[37m      1217 │         let result = await [32m[37mcallback({
           ╵                            [32m^[0m

    at throwClosedServerError (file:///mnt/data/Developpement/adonisjs-foundry/node_modules/vite/dist/node/chunks/config.js:28559:32)
    at EnvironmentPluginContainer.resolveId (file:///mnt/data/Developpement/adonisjs-foundry/node_modules/vite/dist/node/chunks/config.js:28691:65)
    at resolveId (file:///mnt/data/Developpement/adonisjs-foundry/node_modules/vite/dist/node/chunks/config.js:31500:38)
    at resolve$4 (file:///mnt/data/Developpement/adonisjs-foundry/node_modules/vite/dist/node/chunks/config.js:31505:22)
    at file:///mnt/data/Developpement/adonisjs-foundry/node_modules/vite/dist/node/chunks/config.js:31658:28
    at requestCallbacks.on-resolve (/mnt/data/Developpement/adonisjs-foundry/node_modules/esbuild/lib/main.js:1217:28)
    at handleRequest (/mnt/data/Developpement/adonisjs-foundry/node_modules/esbuild/lib/main.js:628:17)
    at handleIncomingPacket (/mnt/data/Developpement/adonisjs-foundry/node_modules/esbuild/lib/main.js:653:7)
    at Socket.readFromStdout (/mnt/data/Developpement/adonisjs-foundry/node_modules/esbuild/lib/main.js:581:7)
    at Socket.emit (node:events:508:20)

  This error came from the "onResolve" callback registered here:

    node_modules/esbuild/lib/main.js:1141:20:
[37m      1141 │       let promise = [32m[37msetup({
           ╵                     [32m^[0m

    at setup (file:///mnt/data/Developpement/adonisjs-foundry/node_modules/vite/dist/node/chunks/config.js:31657:12)
    at handlePlugins (/mnt/data/Developpement/adonisjs-foundry/node_modules/esbuild/lib/main.js:1141:21)
    at buildOrContextImpl (/mnt/data/Developpement/adonisjs-foundry/node_modules/esbuild/lib/main.js:854:5)
    at Object.buildOrContext (/mnt/data/Developpement/adonisjs-foundry/node_modules/esbuild/lib/main.js:680:5)
    at /mnt/data/Developpement/adonisjs-foundry/node_modules/esbuild/lib/main.js:2035:68
    at new Promise (<anonymous>)
    at Object.context (/mnt/data/Developpement/adonisjs-foundry/node_modules/esbuild/lib/main.js:2035:27)
    at Object.context (/mnt/data/Developpement/adonisjs-foundry/node_modules/esbuild/lib/main.js:1877:58)
    at prepareEsbuildScanner (file:///mnt/data/Developpement/adonisjs-foundry/node_modules/vite/dist/node/chunks/config.js:31454:23)

  The plugin "vite:dep-scan" was triggered by this import

    inertia/pages/auth/cms/form.tsx:13:31:
[37m      13 │ import { presets, rules } from [32m'~/helpers/validation_rules'[37m
         ╵                                [32m~~~~~~~~~~~~~~~~~~~~~~~~~~~~[0m


[31m✘ [41;31m[[41;97mERROR[41;31m][0m [1mThe server is being restarted or closed. Request is outdated[0m [1m[35m[plugin vite:dep-scan][0m

    node_modules/esbuild/lib/main.js:1217:27:
[37m      1217 │         let result = await [32m[37mcallback({
           ╵                            [32m^[0m

    at throwClosedServerError (file:///mnt/data/Developpement/adonisjs-foundry/node_modules/vite/dist/node/chunks/config.js:28559:32)
    at EnvironmentPluginContainer.resolveId (file:///mnt/data/Developpement/adonisjs-foundry/node_modules/vite/dist/node/chunks/config.js:28691:65)
    at resolveId (file:///mnt/data/Developpement/adonisjs-foundry/node_modules/vite/dist/node/chunks/config.js:31500:38)
    at resolve$4 (file:///mnt/data/Developpement/adonisjs-foundry/node_modules/vite/dist/node/chunks/config.js:31505:22)
    at file:///mnt/data/Developpement/adonisjs-foundry/node_modules/vite/dist/node/chunks/config.js:31658:28
    at requestCallbacks.on-resolve (/mnt/data/Developpement/adonisjs-foundry/node_modules/esbuild/lib/main.js:1217:28)
    at handleRequest (/mnt/data/Developpement/adonisjs-foundry/node_modules/esbuild/lib/main.js:628:17)
    at handleIncomingPacket (/mnt/data/Developpement/adonisjs-foundry/node_modules/esbuild/lib/main.js:653:7)
    at Socket.readFromStdout (/mnt/data/Developpement/adonisjs-foundry/node_modules/esbuild/lib/main.js:581:7)
    at Socket.emit (node:events:508:20)

  This error came from the "onResolve" callback registered here:

    node_modules/esbuild/lib/main.js:1141:20:
[37m      1141 │       let promise = [32m[37msetup({
           ╵                     [32m^[0m

    at setup (file:///mnt/data/Developpement/adonisjs-foundry/node_modules/vite/dist/node/chunks/config.js:31657:12)
    at handlePlugins (/mnt/data/Developpement/adonisjs-foundry/node_modules/esbuild/lib/main.js:1141:21)
    at buildOrContextImpl (/mnt/data/Developpement/adonisjs-foundry/node_modules/esbuild/lib/main.js:854:5)
    at Object.buildOrContext (/mnt/data/Developpement/adonisjs-foundry/node_modules/esbuild/lib/main.js:680:5)
    at /mnt/data/Developpement/adonisjs-foundry/node_modules/esbuild/lib/main.js:2035:68
    at new Promise (<anonymous>)
    at Object.context (/mnt/data/Developpement/adonisjs-foundry/node_modules/esbuild/lib/main.js:2035:27)
    at Object.context (/mnt/data/Developpement/adonisjs-foundry/node_modules/esbuild/lib/main.js:1877:58)
    at prepareEsbuildScanner (file:///mnt/data/Developpement/adonisjs-foundry/node_modules/vite/dist/node/chunks/config.js:31454:23)

  The plugin "vite:dep-scan" was triggered by this import

    inertia/pages/settings/preferences/front/index.tsx:11:29:
[37m      11 │ import { SelectOption } from [32m'~/components/atoms/select_option'[37m
         ╵                              [32m~~~~~~~~~~~~~~~~~~~~~~~~~~~~~~~~~~[0m


[31m✘ [41;31m[[41;97mERROR[41;31m][0m [1mThe server is being restarted or closed. Request is outdated[0m [1m[35m[plugin vite:dep-scan][0m

    node_modules/esbuild/lib/main.js:1217:27:
[37m      1217 │         let result = await [32m[37mcallback({
           ╵                            [32m^[0m

    at throwClosedServerError (file:///mnt/data/Developpement/adonisjs-foundry/node_modules/vite/dist/node/chunks/config.js:28559:32)
    at EnvironmentPluginContainer.resolveId (file:///mnt/data/Developpement/adonisjs-foundry/node_modules/vite/dist/node/chunks/config.js:28691:65)
    at resolveId (file:///mnt/data/Developpement/adonisjs-foundry/node_modules/vite/dist/node/chunks/config.js:31500:38)
    at resolve$4 (file:///mnt/data/Developpement/adonisjs-foundry/node_modules/vite/dist/node/chunks/config.js:31505:22)
    at file:///mnt/data/Developpement/adonisjs-foundry/node_modules/vite/dist/node/chunks/config.js:31658:28
    at requestCallbacks.on-resolve (/mnt/data/Developpement/adonisjs-foundry/node_modules/esbuild/lib/main.js:1217:28)
    at handleRequest (/mnt/data/Developpement/adonisjs-foundry/node_modules/esbuild/lib/main.js:628:17)
    at handleIncomingPacket (/mnt/data/Developpement/adonisjs-foundry/node_modules/esbuild/lib/main.js:653:7)
    at Socket.readFromStdout (/mnt/data/Developpement/adonisjs-foundry/node_modules/esbuild/lib/main.js:581:7)
    at Socket.emit (node:events:508:20)

  This error came from the "onResolve" callback registered here:

    node_modules/esbuild/lib/main.js:1141:20:
[37m      1141 │       let promise = [32m[37msetup({
           ╵                     [32m^[0m

    at setup (file:///mnt/data/Developpement/adonisjs-foundry/node_modules/vite/dist/node/chunks/config.js:31657:12)
    at handlePlugins (/mnt/data/Developpement/adonisjs-foundry/node_modules/esbuild/lib/main.js:1141:21)
    at buildOrContextImpl (/mnt/data/Developpement/adonisjs-foundry/node_modules/esbuild/lib/main.js:854:5)
    at Object.buildOrContext (/mnt/data/Developpement/adonisjs-foundry/node_modules/esbuild/lib/main.js:680:5)
    at /mnt/data/Developpement/adonisjs-foundry/node_modules/esbuild/lib/main.js:2035:68
    at new Promise (<anonymous>)
    at Object.context (/mnt/data/Developpement/adonisjs-foundry/node_modules/esbuild/lib/main.js:2035:27)
    at Object.context (/mnt/data/Developpement/adonisjs-foundry/node_modules/esbuild/lib/main.js:1877:58)
    at prepareEsbuildScanner (file:///mnt/data/Developpement/adonisjs-foundry/node_modules/vite/dist/node/chunks/config.js:31454:23)

  The plugin "vite:dep-scan" was triggered by this import

    inertia/pages/auth/cms/show.tsx:13:39:
[37m      13 │ ...t { StatusEnum, UserStatus } from [32m'~/components/atoms/user_status'[37m
         ╵                                      [32m~~~~~~~~~~~~~~~~~~~~~~~~~~~~~~~~[0m


[31m✘ [41;31m[[41;97mERROR[41;31m][0m [1mThe server is being restarted or closed. Request is outdated[0m [1m[35m[plugin vite:dep-scan][0m

    node_modules/esbuild/lib/main.js:1217:27:
[37m      1217 │         let result = await [32m[37mcallback({
           ╵                            [32m^[0m

    at throwClosedServerError (file:///mnt/data/Developpement/adonisjs-foundry/node_modules/vite/dist/node/chunks/config.js:28559:32)
    at EnvironmentPluginContainer.resolveId (file:///mnt/data/Developpement/adonisjs-foundry/node_modules/vite/dist/node/chunks/config.js:28691:65)
    at resolveId (file:///mnt/data/Developpement/adonisjs-foundry/node_modules/vite/dist/node/chunks/config.js:31500:38)
    at resolve$4 (file:///mnt/data/Developpement/adonisjs-foundry/node_modules/vite/dist/node/chunks/config.js:31505:22)
    at file:///mnt/data/Developpement/adonisjs-foundry/node_modules/vite/dist/node/chunks/config.js:31658:28
    at requestCallbacks.on-resolve (/mnt/data/Developpement/adonisjs-foundry/node_modules/esbuild/lib/main.js:1217:28)
    at handleRequest (/mnt/data/Developpement/adonisjs-foundry/node_modules/esbuild/lib/main.js:628:17)
    at handleIncomingPacket (/mnt/data/Developpement/adonisjs-foundry/node_modules/esbuild/lib/main.js:653:7)
    at Socket.readFromStdout (/mnt/data/Developpement/adonisjs-foundry/node_modules/esbuild/lib/main.js:581:7)
    at Socket.emit (node:events:508:20)

  This error came from the "onResolve" callback registered here:

    node_modules/esbuild/lib/main.js:1141:20:
[37m      1141 │       let promise = [32m[37msetup({
           ╵                     [32m^[0m

    at setup (file:///mnt/data/Developpement/adonisjs-foundry/node_modules/vite/dist/node/chunks/config.js:31657:12)
    at handlePlugins (/mnt/data/Developpement/adonisjs-foundry/node_modules/esbuild/lib/main.js:1141:21)
    at buildOrContextImpl (/mnt/data/Developpement/adonisjs-foundry/node_modules/esbuild/lib/main.js:854:5)
    at Object.buildOrContext (/mnt/data/Developpement/adonisjs-foundry/node_modules/esbuild/lib/main.js:680:5)
    at /mnt/data/Developpement/adonisjs-foundry/node_modules/esbuild/lib/main.js:2035:68
    at new Promise (<anonymous>)
    at Object.context (/mnt/data/Developpement/adonisjs-foundry/node_modules/esbuild/lib/main.js:2035:27)
    at Object.context (/mnt/data/Developpement/adonisjs-foundry/node_modules/esbuild/lib/main.js:1877:58)
    at prepareEsbuildScanner (file:///mnt/data/Developpement/adonisjs-foundry/node_modules/vite/dist/node/chunks/config.js:31454:23)

  The plugin "vite:dep-scan" was triggered by this import

    inertia/pages/settings/profile/front/index.tsx:10:22:
[37m      10 │ import { Label } from [32m'~/components/atoms/label'[37m
         ╵                       [32m~~~~~~~~~~~~~~~~~~~~~~~~~~[0m


[31m✘ [41;31m[[41;97mERROR[41;31m][0m [1mThe server is being restarted or closed. Request is outdated[0m [1m[35m[plugin vite:dep-scan][0m

    node_modules/esbuild/lib/main.js:1217:27:
[37m      1217 │         let result = await [32m[37mcallback({
           ╵                            [32m^[0m

    at throwClosedServerError (file:///mnt/data/Developpement/adonisjs-foundry/node_modules/vite/dist/node/chunks/config.js:28559:32)
    at EnvironmentPluginContainer.resolveId (file:///mnt/data/Developpement/adonisjs-foundry/node_modules/vite/dist/node/chunks/config.js:28691:65)
    at resolveId (file:///mnt/data/Developpement/adonisjs-foundry/node_modules/vite/dist/node/chunks/config.js:31500:38)
    at resolve$4 (file:///mnt/data/Developpement/adonisjs-foundry/node_modules/vite/dist/node/chunks/config.js:31505:22)
    at file:///mnt/data/Developpement/adonisjs-foundry/node_modules/vite/dist/node/chunks/config.js:31658:28
    at requestCallbacks.on-resolve (/mnt/data/Developpement/adonisjs-foundry/node_modules/esbuild/lib/main.js:1217:28)
    at handleRequest (/mnt/data/Developpement/adonisjs-foundry/node_modules/esbuild/lib/main.js:628:17)
    at handleIncomingPacket (/mnt/data/Developpement/adonisjs-foundry/node_modules/esbuild/lib/main.js:653:7)
    at Socket.readFromStdout (/mnt/data/Developpement/adonisjs-foundry/node_modules/esbuild/lib/main.js:581:7)
    at Socket.emit (node:events:508:20)

  This error came from the "onResolve" callback registered here:

    node_modules/esbuild/lib/main.js:1141:20:
[37m      1141 │       let promise = [32m[37msetup({
           ╵                     [32m^[0m

    at setup (file:///mnt/data/Developpement/adonisjs-foundry/node_modules/vite/dist/node/chunks/config.js:31657:12)
    at handlePlugins (/mnt/data/Developpement/adonisjs-foundry/node_modules/esbuild/lib/main.js:1141:21)
    at buildOrContextImpl (/mnt/data/Developpement/adonisjs-foundry/node_modules/esbuild/lib/main.js:854:5)
    at Object.buildOrContext (/mnt/data/Developpement/adonisjs-foundry/node_modules/esbuild/lib/main.js:680:5)
    at /mnt/data/Developpement/adonisjs-foundry/node_modules/esbuild/lib/main.js:2035:68
    at new Promise (<anonymous>)
    at Object.context (/mnt/data/Developpement/adonisjs-foundry/node_modules/esbuild/lib/main.js:2035:27)
    at Object.context (/mnt/data/Developpement/adonisjs-foundry/node_modules/esbuild/lib/main.js:1877:58)
    at prepareEsbuildScanner (file:///mnt/data/Developpement/adonisjs-foundry/node_modules/vite/dist/node/chunks/config.js:31454:23)

  The plugin "vite:dep-scan" was triggered by this import

    inertia/pages/settings/account/front/index.tsx:12:23:
[37m      12 │ import { urlFor } from [32m'~/client'[37m
         ╵                        [32m~~~~~~~~~~[0m


[31m✘ [41;31m[[41;97mERROR[41;31m][0m [1mThe server is being restarted or closed. Request is outdated[0m [1m[35m[plugin vite:dep-scan][0m

    node_modules/esbuild/lib/main.js:1217:27:
[37m      1217 │         let result = await [32m[37mcallback({
           ╵                            [32m^[0m

    at throwClosedServerError (file:///mnt/data/Developpement/adonisjs-foundry/node_modules/vite/dist/node/chunks/config.js:28559:32)
    at EnvironmentPluginContainer.resolveId (file:///mnt/data/Developpement/adonisjs-foundry/node_modules/vite/dist/node/chunks/config.js:28691:65)
    at resolveId (file:///mnt/data/Developpement/adonisjs-foundry/node_modules/vite/dist/node/chunks/config.js:31500:38)
    at resolve$4 (file:///mnt/data/Developpement/adonisjs-foundry/node_modules/vite/dist/node/chunks/config.js:31505:22)
    at file:///mnt/data/Developpement/adonisjs-foundry/node_modules/vite/dist/node/chunks/config.js:31658:28
    at requestCallbacks.on-resolve (/mnt/data/Developpement/adonisjs-foundry/node_modules/esbuild/lib/main.js:1217:28)
    at handleRequest (/mnt/data/Developpement/adonisjs-foundry/node_modules/esbuild/lib/main.js:628:17)
    at handleIncomingPacket (/mnt/data/Developpement/adonisjs-foundry/node_modules/esbuild/lib/main.js:653:7)
    at Socket.readFromStdout (/mnt/data/Developpement/adonisjs-foundry/node_modules/esbuild/lib/main.js:581:7)
    at Socket.emit (node:events:508:20)

  This error came from the "onResolve" callback registered here:

    node_modules/esbuild/lib/main.js:1141:20:
[37m      1141 │       let promise = [32m[37msetup({
           ╵                     [32m^[0m

    at setup (file:///mnt/data/Developpement/adonisjs-foundry/node_modules/vite/dist/node/chunks/config.js:31657:12)
    at handlePlugins (/mnt/data/Developpement/adonisjs-foundry/node_modules/esbuild/lib/main.js:1141:21)
    at buildOrContextImpl (/mnt/data/Developpement/adonisjs-foundry/node_modules/esbuild/lib/main.js:854:5)
    at Object.buildOrContext (/mnt/data/Developpement/adonisjs-foundry/node_modules/esbuild/lib/main.js:680:5)
    at /mnt/data/Developpement/adonisjs-foundry/node_modules/esbuild/lib/main.js:2035:68
    at new Promise (<anonymous>)
    at Object.context (/mnt/data/Developpement/adonisjs-foundry/node_modules/esbuild/lib/main.js:2035:27)
    at Object.context (/mnt/data/Developpement/adonisjs-foundry/node_modules/esbuild/lib/main.js:1877:58)
    at prepareEsbuildScanner (file:///mnt/data/Developpement/adonisjs-foundry/node_modules/vite/dist/node/chunks/config.js:31454:23)

  The plugin "vite:dep-scan" was triggered by this import

    inertia/pages/auth/front/reset_password.tsx:10:26:
[37m      10 │ import { AuthIntro } from [32m'~/components/molecules/auth/auth_intro'[37m
         ╵                           [32m~~~~~~~~~~~~~~~~~~~~~~~~~~~~~~~~~~~~~~~~[0m


[31m✘ [41;31m[[41;97mERROR[41;31m][0m [1mThe server is being restarted or closed. Request is outdated[0m [1m[35m[plugin vite:dep-scan][0m

    node_modules/esbuild/lib/main.js:1217:27:
[37m      1217 │         let result = await [32m[37mcallback({
           ╵                            [32m^[0m

    at throwClosedServerError (file:///mnt/data/Developpement/adonisjs-foundry/node_modules/vite/dist/node/chunks/config.js:28559:32)
    at EnvironmentPluginContainer.resolveId (file:///mnt/data/Developpement/adonisjs-foundry/node_modules/vite/dist/node/chunks/config.js:28691:65)
    at resolveId (file:///mnt/data/Developpement/adonisjs-foundry/node_modules/vite/dist/node/chunks/config.js:31500:38)
    at resolve$4 (file:///mnt/data/Developpement/adonisjs-foundry/node_modules/vite/dist/node/chunks/config.js:31505:22)
    at file:///mnt/data/Developpement/adonisjs-foundry/node_modules/vite/dist/node/chunks/config.js:31658:28
    at requestCallbacks.on-resolve (/mnt/data/Developpement/adonisjs-foundry/node_modules/esbuild/lib/main.js:1217:28)
    at handleRequest (/mnt/data/Developpement/adonisjs-foundry/node_modules/esbuild/lib/main.js:628:17)
    at handleIncomingPacket (/mnt/data/Developpement/adonisjs-foundry/node_modules/esbuild/lib/main.js:653:7)
    at Socket.readFromStdout (/mnt/data/Developpement/adonisjs-foundry/node_modules/esbuild/lib/main.js:581:7)
    at Socket.emit (node:events:508:20)

  This error came from the "onResolve" callback registered here:

    node_modules/esbuild/lib/main.js:1141:20:
[37m      1141 │       let promise = [32m[37msetup({
           ╵                     [32m^[0m

    at setup (file:///mnt/data/Developpement/adonisjs-foundry/node_modules/vite/dist/node/chunks/config.js:31657:12)
    at handlePlugins (/mnt/data/Developpement/adonisjs-foundry/node_modules/esbuild/lib/main.js:1141:21)
    at buildOrContextImpl (/mnt/data/Developpement/adonisjs-foundry/node_modules/esbuild/lib/main.js:854:5)
    at Object.buildOrContext (/mnt/data/Developpement/adonisjs-foundry/node_modules/esbuild/lib/main.js:680:5)
    at /mnt/data/Developpement/adonisjs-foundry/node_modules/esbuild/lib/main.js:2035:68
    at new Promise (<anonymous>)
    at Object.context (/mnt/data/Developpement/adonisjs-foundry/node_modules/esbuild/lib/main.js:2035:27)
    at Object.context (/mnt/data/Developpement/adonisjs-foundry/node_modules/esbuild/lib/main.js:1877:58)
    at prepareEsbuildScanner (file:///mnt/data/Developpement/adonisjs-foundry/node_modules/vite/dist/node/chunks/config.js:31454:23)

  The plugin "vite:dep-scan" was triggered by this import

    inertia/pages/auth/front/accept_invitation.tsx:10:26:
[37m      10 │ import { AuthIntro } from [32m'~/components/molecules/auth/auth_intro'[37m
         ╵                           [32m~~~~~~~~~~~~~~~~~~~~~~~~~~~~~~~~~~~~~~~~[0m


[31m✘ [41;31m[[41;97mERROR[41;31m][0m [1mThe server is being restarted or closed. Request is outdated[0m [1m[35m[plugin vite:dep-scan][0m

    node_modules/esbuild/lib/main.js:1217:27:
[37m      1217 │         let result = await [32m[37mcallback({
           ╵                            [32m^[0m

    at throwClosedServerError (file:///mnt/data/Developpement/adonisjs-foundry/node_modules/vite/dist/node/chunks/config.js:28559:32)
    at EnvironmentPluginContainer.resolveId (file:///mnt/data/Developpement/adonisjs-foundry/node_modules/vite/dist/node/chunks/config.js:28691:65)
    at resolveId (file:///mnt/data/Developpement/adonisjs-foundry/node_modules/vite/dist/node/chunks/config.js:31500:38)
    at resolve$4 (file:///mnt/data/Developpement/adonisjs-foundry/node_modules/vite/dist/node/chunks/config.js:31505:22)
    at file:///mnt/data/Developpement/adonisjs-foundry/node_modules/vite/dist/node/chunks/config.js:31658:28
    at requestCallbacks.on-resolve (/mnt/data/Developpement/adonisjs-foundry/node_modules/esbuild/lib/main.js:1217:28)
    at handleRequest (/mnt/data/Developpement/adonisjs-foundry/node_modules/esbuild/lib/main.js:628:17)
    at handleIncomingPacket (/mnt/data/Developpement/adonisjs-foundry/node_modules/esbuild/lib/main.js:653:7)
    at Socket.readFromStdout (/mnt/data/Developpement/adonisjs-foundry/node_modules/esbuild/lib/main.js:581:7)
    at Socket.emit (node:events:508:20)

  This error came from the "onResolve" callback registered here:

    node_modules/esbuild/lib/main.js:1141:20:
[37m      1141 │       let promise = [32m[37msetup({
           ╵                     [32m^[0m

    at setup (file:///mnt/data/Developpement/adonisjs-foundry/node_modules/vite/dist/node/chunks/config.js:31657:12)
    at handlePlugins (/mnt/data/Developpement/adonisjs-foundry/node_modules/esbuild/lib/main.js:1141:21)
    at buildOrContextImpl (/mnt/data/Developpement/adonisjs-foundry/node_modules/esbuild/lib/main.js:854:5)
    at Object.buildOrContext (/mnt/data/Developpement/adonisjs-foundry/node_modules/esbuild/lib/main.js:680:5)
    at /mnt/data/Developpement/adonisjs-foundry/node_modules/esbuild/lib/main.js:2035:68
    at new Promise (<anonymous>)
    at Object.context (/mnt/data/Developpement/adonisjs-foundry/node_modules/esbuild/lib/main.js:2035:27)
    at Object.context (/mnt/data/Developpement/adonisjs-foundry/node_modules/esbuild/lib/main.js:1877:58)
    at prepareEsbuildScanner (file:///mnt/data/Developpement/adonisjs-foundry/node_modules/vite/dist/node/chunks/config.js:31454:23)

  The plugin "vite:dep-scan" was triggered by this import

    inertia/pages/settings/account/front/email_change.tsx:10:22:
[37m      10 │ import { Field } from [32m'~/components/molecules/field'[37m
         ╵                       [32m~~~~~~~~~~~~~~~~~~~~~~~~~~~~~~[0m


[31m✘ [41;31m[[41;97mERROR[41;31m][0m [1mThe server is being restarted or closed. Request is outdated[0m [1m[35m[plugin vite:dep-scan][0m

    node_modules/esbuild/lib/main.js:1217:27:
[37m      1217 │         let result = await [32m[37mcallback({
           ╵                            [32m^[0m

    at throwClosedServerError (file:///mnt/data/Developpement/adonisjs-foundry/node_modules/vite/dist/node/chunks/config.js:28559:32)
    at EnvironmentPluginContainer.resolveId (file:///mnt/data/Developpement/adonisjs-foundry/node_modules/vite/dist/node/chunks/config.js:28691:65)
    at resolveId (file:///mnt/data/Developpement/adonisjs-foundry/node_modules/vite/dist/node/chunks/config.js:31500:38)
    at resolve$4 (file:///mnt/data/Developpement/adonisjs-foundry/node_modules/vite/dist/node/chunks/config.js:31505:22)
    at file:///mnt/data/Developpement/adonisjs-foundry/node_modules/vite/dist/node/chunks/config.js:31658:28
    at requestCallbacks.on-resolve (/mnt/data/Developpement/adonisjs-foundry/node_modules/esbuild/lib/main.js:1217:28)
    at handleRequest (/mnt/data/Developpement/adonisjs-foundry/node_modules/esbuild/lib/main.js:628:17)
    at handleIncomingPacket (/mnt/data/Developpement/adonisjs-foundry/node_modules/esbuild/lib/main.js:653:7)
    at Socket.readFromStdout (/mnt/data/Developpement/adonisjs-foundry/node_modules/esbuild/lib/main.js:581:7)
    at Socket.emit (node:events:508:20)

  This error came from the "onResolve" callback registered here:

    node_modules/esbuild/lib/main.js:1141:20:
[37m      1141 │       let promise = [32m[37msetup({
           ╵                     [32m^[0m

    at setup (file:///mnt/data/Developpement/adonisjs-foundry/node_modules/vite/dist/node/chunks/config.js:31657:12)
    at handlePlugins (/mnt/data/Developpement/adonisjs-foundry/node_modules/esbuild/lib/main.js:1141:21)
    at buildOrContextImpl (/mnt/data/Developpement/adonisjs-foundry/node_modules/esbuild/lib/main.js:854:5)
    at Object.buildOrContext (/mnt/data/Developpement/adonisjs-foundry/node_modules/esbuild/lib/main.js:680:5)
    at /mnt/data/Developpement/adonisjs-foundry/node_modules/esbuild/lib/main.js:2035:68
    at new Promise (<anonymous>)
    at Object.context (/mnt/data/Developpement/adonisjs-foundry/node_modules/esbuild/lib/main.js:2035:27)
    at Object.context (/mnt/data/Developpement/adonisjs-foundry/node_modules/esbuild/lib/main.js:1877:58)
    at prepareEsbuildScanner (file:///mnt/data/Developpement/adonisjs-foundry/node_modules/vite/dist/node/chunks/config.js:31454:23)

  The plugin "vite:dep-scan" was triggered by this import

    inertia/pages/auth/front/forgot_password.tsx:10:26:
[37m      10 │ import { AuthIntro } from [32m'~/components/molecules/auth/auth_intro'[37m
         ╵                           [32m~~~~~~~~~~~~~~~~~~~~~~~~~~~~~~~~~~~~~~~~[0m


[31m✘ [41;31m[[41;97mERROR[41;31m][0m [1mThe server is being restarted or closed. Request is outdated[0m [1m[35m[plugin vite:dep-scan][0m

    node_modules/esbuild/lib/main.js:1217:27:
[37m      1217 │         let result = await [32m[37mcallback({
           ╵                            [32m^[0m

    at throwClosedServerError (file:///mnt/data/Developpement/adonisjs-foundry/node_modules/vite/dist/node/chunks/config.js:28559:32)
    at EnvironmentPluginContainer.resolveId (file:///mnt/data/Developpement/adonisjs-foundry/node_modules/vite/dist/node/chunks/config.js:28691:65)
    at resolveId (file:///mnt/data/Developpement/adonisjs-foundry/node_modules/vite/dist/node/chunks/config.js:31500:38)
    at resolve$4 (file:///mnt/data/Developpement/adonisjs-foundry/node_modules/vite/dist/node/chunks/config.js:31505:22)
    at file:///mnt/data/Developpement/adonisjs-foundry/node_modules/vite/dist/node/chunks/config.js:31658:28
    at requestCallbacks.on-resolve (/mnt/data/Developpement/adonisjs-foundry/node_modules/esbuild/lib/main.js:1217:28)
    at handleRequest (/mnt/data/Developpement/adonisjs-foundry/node_modules/esbuild/lib/main.js:628:17)
    at handleIncomingPacket (/mnt/data/Developpement/adonisjs-foundry/node_modules/esbuild/lib/main.js:653:7)
    at Socket.readFromStdout (/mnt/data/Developpement/adonisjs-foundry/node_modules/esbuild/lib/main.js:581:7)
    at Socket.emit (node:events:508:20)

  This error came from the "onResolve" callback registered here:

    node_modules/esbuild/lib/main.js:1141:20:
[37m      1141 │       let promise = [32m[37msetup({
           ╵                     [32m^[0m

    at setup (file:///mnt/data/Developpement/adonisjs-foundry/node_modules/vite/dist/node/chunks/config.js:31657:12)
    at handlePlugins (/mnt/data/Developpement/adonisjs-foundry/node_modules/esbuild/lib/main.js:1141:21)
    at buildOrContextImpl (/mnt/data/Developpement/adonisjs-foundry/node_modules/esbuild/lib/main.js:854:5)
    at Object.buildOrContext (/mnt/data/Developpement/adonisjs-foundry/node_modules/esbuild/lib/main.js:680:5)
    at /mnt/data/Developpement/adonisjs-foundry/node_modules/esbuild/lib/main.js:2035:68
    at new Promise (<anonymous>)
    at Object.context (/mnt/data/Developpement/adonisjs-foundry/node_modules/esbuild/lib/main.js:2035:27)
    at Object.context (/mnt/data/Developpement/adonisjs-foundry/node_modules/esbuild/lib/main.js:1877:58)
    at prepareEsbuildScanner (file:///mnt/data/Developpement/adonisjs-foundry/node_modules/vite/dist/node/chunks/config.js:31454:23)

  The plugin "vite:dep-scan" was triggered by this import

    inertia/pages/auth/front/define_password.tsx:10:26:
[37m      10 │ import { AuthIntro } from [32m'~/components/molecules/auth/auth_intro'[37m
         ╵                           [32m~~~~~~~~~~~~~~~~~~~~~~~~~~~~~~~~~~~~~~~~[0m


[31m✘ [41;31m[[41;97mERROR[41;31m][0m [1mThe server is being restarted or closed. Request is outdated[0m [1m[35m[plugin vite:dep-scan][0m

    node_modules/esbuild/lib/main.js:1217:27:
[37m      1217 │         let result = await [32m[37mcallback({
           ╵                            [32m^[0m

    at throwClosedServerError (file:///mnt/data/Developpement/adonisjs-foundry/node_modules/vite/dist/node/chunks/config.js:28559:32)
    at EnvironmentPluginContainer.resolveId (file:///mnt/data/Developpement/adonisjs-foundry/node_modules/vite/dist/node/chunks/config.js:28691:65)
    at resolveId (file:///mnt/data/Developpement/adonisjs-foundry/node_modules/vite/dist/node/chunks/config.js:31500:38)
    at resolve$4 (file:///mnt/data/Developpement/adonisjs-foundry/node_modules/vite/dist/node/chunks/config.js:31505:22)
    at file:///mnt/data/Developpement/adonisjs-foundry/node_modules/vite/dist/node/chunks/config.js:31658:28
    at requestCallbacks.on-resolve (/mnt/data/Developpement/adonisjs-foundry/node_modules/esbuild/lib/main.js:1217:28)
    at handleRequest (/mnt/data/Developpement/adonisjs-foundry/node_modules/esbuild/lib/main.js:628:17)
    at handleIncomingPacket (/mnt/data/Developpement/adonisjs-foundry/node_modules/esbuild/lib/main.js:653:7)
    at Socket.readFromStdout (/mnt/data/Developpement/adonisjs-foundry/node_modules/esbuild/lib/main.js:581:7)
    at Socket.emit (node:events:508:20)

  This error came from the "onResolve" callback registered here:

    node_modules/esbuild/lib/main.js:1141:20:
[37m      1141 │       let promise = [32m[37msetup({
           ╵                     [32m^[0m

    at setup (file:///mnt/data/Developpement/adonisjs-foundry/node_modules/vite/dist/node/chunks/config.js:31657:12)
    at handlePlugins (/mnt/data/Developpement/adonisjs-foundry/node_modules/esbuild/lib/main.js:1141:21)
    at buildOrContextImpl (/mnt/data/Developpement/adonisjs-foundry/node_modules/esbuild/lib/main.js:854:5)
    at Object.buildOrContext (/mnt/data/Developpement/adonisjs-foundry/node_modules/esbuild/lib/main.js:680:5)
    at /mnt/data/Developpement/adonisjs-foundry/node_modules/esbuild/lib/main.js:2035:68
    at new Promise (<anonymous>)
    at Object.context (/mnt/data/Developpement/adonisjs-foundry/node_modules/esbuild/lib/main.js:2035:27)
    at Object.context (/mnt/data/Developpement/adonisjs-foundry/node_modules/esbuild/lib/main.js:1877:58)
    at prepareEsbuildScanner (file:///mnt/data/Developpement/adonisjs-foundry/node_modules/vite/dist/node/chunks/config.js:31454:23)

  The plugin "vite:dep-scan" was triggered by this import

    inertia/pages/auth/front/register.tsx:10:24:
[37m      10 │ import { presets } from [32m'~/helpers/validation_rules'[37m
         ╵                         [32m~~~~~~~~~~~~~~~~~~~~~~~~~~~~[0m


[31m✘ [41;31m[[41;97mERROR[41;31m][0m [1mThe server is being restarted or closed. Request is outdated[0m [1m[35m[plugin vite:dep-scan][0m

    node_modules/esbuild/lib/main.js:1217:27:
[37m      1217 │         let result = await [32m[37mcallback({
           ╵                            [32m^[0m

    at throwClosedServerError (file:///mnt/data/Developpement/adonisjs-foundry/node_modules/vite/dist/node/chunks/config.js:28559:32)
    at EnvironmentPluginContainer.resolveId (file:///mnt/data/Developpement/adonisjs-foundry/node_modules/vite/dist/node/chunks/config.js:28691:65)
    at resolveId (file:///mnt/data/Developpement/adonisjs-foundry/node_modules/vite/dist/node/chunks/config.js:31500:38)
    at resolve$4 (file:///mnt/data/Developpement/adonisjs-foundry/node_modules/vite/dist/node/chunks/config.js:31505:22)
    at file:///mnt/data/Developpement/adonisjs-foundry/node_modules/vite/dist/node/chunks/config.js:31658:28
    at requestCallbacks.on-resolve (/mnt/data/Developpement/adonisjs-foundry/node_modules/esbuild/lib/main.js:1217:28)
    at handleRequest (/mnt/data/Developpement/adonisjs-foundry/node_modules/esbuild/lib/main.js:628:17)
    at handleIncomingPacket (/mnt/data/Developpement/adonisjs-foundry/node_modules/esbuild/lib/main.js:653:7)
    at Socket.readFromStdout (/mnt/data/Developpement/adonisjs-foundry/node_modules/esbuild/lib/main.js:581:7)
    at Socket.emit (node:events:508:20)

  This error came from the "onResolve" callback registered here:

    node_modules/esbuild/lib/main.js:1141:20:
[37m      1141 │       let promise = [32m[37msetup({
           ╵                     [32m^[0m

    at setup (file:///mnt/data/Developpement/adonisjs-foundry/node_modules/vite/dist/node/chunks/config.js:31657:12)
    at handlePlugins (/mnt/data/Developpement/adonisjs-foundry/node_modules/esbuild/lib/main.js:1141:21)
    at buildOrContextImpl (/mnt/data/Developpement/adonisjs-foundry/node_modules/esbuild/lib/main.js:854:5)
    at Object.buildOrContext (/mnt/data/Developpement/adonisjs-foundry/node_modules/esbuild/lib/main.js:680:5)
    at /mnt/data/Developpement/adonisjs-foundry/node_modules/esbuild/lib/main.js:2035:68
    at new Promise (<anonymous>)
    at Object.context (/mnt/data/Developpement/adonisjs-foundry/node_modules/esbuild/lib/main.js:2035:27)
    at Object.context (/mnt/data/Developpement/adonisjs-foundry/node_modules/esbuild/lib/main.js:1877:58)
    at prepareEsbuildScanner (file:///mnt/data/Developpement/adonisjs-foundry/node_modules/vite/dist/node/chunks/config.js:31454:23)

  The plugin "vite:dep-scan" was triggered by this import

    inertia/pages/auth/cms/index.tsx:14:29:
[37m      14 │ import { SelectOption } from [32m'~/components/atoms/select_option'[37m
         ╵                              [32m~~~~~~~~~~~~~~~~~~~~~~~~~~~~~~~~~~[0m


[31m✘ [41;31m[[41;97mERROR[41;31m][0m [1mThe server is being restarted or closed. Request is outdated[0m [1m[35m[plugin vite:dep-scan][0m

    node_modules/esbuild/lib/main.js:1217:27:
[37m      1217 │         let result = await [32m[37mcallback({
           ╵                            [32m^[0m

    at throwClosedServerError (file:///mnt/data/Developpement/adonisjs-foundry/node_modules/vite/dist/node/chunks/config.js:28559:32)
    at EnvironmentPluginContainer.resolveId (file:///mnt/data/Developpement/adonisjs-foundry/node_modules/vite/dist/node/chunks/config.js:28691:65)
    at resolveId (file:///mnt/data/Developpement/adonisjs-foundry/node_modules/vite/dist/node/chunks/config.js:31500:38)
    at resolve$4 (file:///mnt/data/Developpement/adonisjs-foundry/node_modules/vite/dist/node/chunks/config.js:31505:22)
    at file:///mnt/data/Developpement/adonisjs-foundry/node_modules/vite/dist/node/chunks/config.js:31658:28
    at requestCallbacks.on-resolve (/mnt/data/Developpement/adonisjs-foundry/node_modules/esbuild/lib/main.js:1217:28)
    at handleRequest (/mnt/data/Developpement/adonisjs-foundry/node_modules/esbuild/lib/main.js:628:17)
    at handleIncomingPacket (/mnt/data/Developpement/adonisjs-foundry/node_modules/esbuild/lib/main.js:653:7)
    at Socket.readFromStdout (/mnt/data/Developpement/adonisjs-foundry/node_modules/esbuild/lib/main.js:581:7)
    at Socket.emit (node:events:508:20)

  This error came from the "onResolve" callback registered here:

    node_modules/esbuild/lib/main.js:1141:20:
[37m      1141 │       let promise = [32m[37msetup({
           ╵                     [32m^[0m

    at setup (file:///mnt/data/Developpement/adonisjs-foundry/node_modules/vite/dist/node/chunks/config.js:31657:12)
    at handlePlugins (/mnt/data/Developpement/adonisjs-foundry/node_modules/esbuild/lib/main.js:1141:21)
    at buildOrContextImpl (/mnt/data/Developpement/adonisjs-foundry/node_modules/esbuild/lib/main.js:854:5)
    at Object.buildOrContext (/mnt/data/Developpement/adonisjs-foundry/node_modules/esbuild/lib/main.js:680:5)
    at /mnt/data/Developpement/adonisjs-foundry/node_modules/esbuild/lib/main.js:2035:68
    at new Promise (<anonymous>)
    at Object.context (/mnt/data/Developpement/adonisjs-foundry/node_modules/esbuild/lib/main.js:2035:27)
    at Object.context (/mnt/data/Developpement/adonisjs-foundry/node_modules/esbuild/lib/main.js:1877:58)
    at prepareEsbuildScanner (file:///mnt/data/Developpement/adonisjs-foundry/node_modules/vite/dist/node/chunks/config.js:31454:23)

  The plugin "vite:dep-scan" was triggered by this import

    inertia/pages/auth/front/login.tsx:11:24:
[37m      11 │ import { presets } from [32m'~/helpers/validation_rules'[37m
         ╵                         [32m~~~~~~~~~~~~~~~~~~~~~~~~~~~~[0m


[31m✘ [41;31m[[41;97mERROR[41;31m][0m [1mThe server is being restarted or closed. Request is outdated[0m [1m[35m[plugin vite:dep-scan][0m

    node_modules/esbuild/lib/main.js:1217:27:
[37m      1217 │         let result = await [32m[37mcallback({
           ╵                            [32m^[0m

    at throwClosedServerError (file:///mnt/data/Developpement/adonisjs-foundry/node_modules/vite/dist/node/chunks/config.js:28559:32)
    at EnvironmentPluginContainer.resolveId (file:///mnt/data/Developpement/adonisjs-foundry/node_modules/vite/dist/node/chunks/config.js:28691:65)
    at resolveId (file:///mnt/data/Developpement/adonisjs-foundry/node_modules/vite/dist/node/chunks/config.js:31500:38)
    at resolve$4 (file:///mnt/data/Developpement/adonisjs-foundry/node_modules/vite/dist/node/chunks/config.js:31505:22)
    at file:///mnt/data/Developpement/adonisjs-foundry/node_modules/vite/dist/node/chunks/config.js:31658:28
    at requestCallbacks.on-resolve (/mnt/data/Developpement/adonisjs-foundry/node_modules/esbuild/lib/main.js:1217:28)
    at handleRequest (/mnt/data/Developpement/adonisjs-foundry/node_modules/esbuild/lib/main.js:628:17)
    at handleIncomingPacket (/mnt/data/Developpement/adonisjs-foundry/node_modules/esbuild/lib/main.js:653:7)
    at Socket.readFromStdout (/mnt/data/Developpement/adonisjs-foundry/node_modules/esbuild/lib/main.js:581:7)
    at Socket.emit (node:events:508:20)

  This error came from the "onResolve" callback registered here:

    node_modules/esbuild/lib/main.js:1141:20:
[37m      1141 │       let promise = [32m[37msetup({
           ╵                     [32m^[0m

    at setup (file:///mnt/data/Developpement/adonisjs-foundry/node_modules/vite/dist/node/chunks/config.js:31657:12)
    at handlePlugins (/mnt/data/Developpement/adonisjs-foundry/node_modules/esbuild/lib/main.js:1141:21)
    at buildOrContextImpl (/mnt/data/Developpement/adonisjs-foundry/node_modules/esbuild/lib/main.js:854:5)
    at Object.buildOrContext (/mnt/data/Developpement/adonisjs-foundry/node_modules/esbuild/lib/main.js:680:5)
    at /mnt/data/Developpement/adonisjs-foundry/node_modules/esbuild/lib/main.js:2035:68
    at new Promise (<anonymous>)
    at Object.context (/mnt/data/Developpement/adonisjs-foundry/node_modules/esbuild/lib/main.js:2035:27)
    at Object.context (/mnt/data/Developpement/adonisjs-foundry/node_modules/esbuild/lib/main.js:1877:58)
    at prepareEsbuildScanner (file:///mnt/data/Developpement/adonisjs-foundry/node_modules/vite/dist/node/chunks/config.js:31454:23)

  The plugin "vite:dep-scan" was triggered by this import

    inertia/pages/auth/cms/form.tsx:14:22:
[37m      14 │ import { Field } from [32m'~/components/molecules/field'[37m
         ╵                       [32m~~~~~~~~~~~~~~~~~~~~~~~~~~~~~~[0m


[31m✘ [41;31m[[41;97mERROR[41;31m][0m [1mThe server is being restarted or closed. Request is outdated[0m [1m[35m[plugin vite:dep-scan][0m

    node_modules/esbuild/lib/main.js:1217:27:
[37m      1217 │         let result = await [32m[37mcallback({
           ╵                            [32m^[0m

    at throwClosedServerError (file:///mnt/data/Developpement/adonisjs-foundry/node_modules/vite/dist/node/chunks/config.js:28559:32)
    at EnvironmentPluginContainer.resolveId (file:///mnt/data/Developpement/adonisjs-foundry/node_modules/vite/dist/node/chunks/config.js:28691:65)
    at resolveId (file:///mnt/data/Developpement/adonisjs-foundry/node_modules/vite/dist/node/chunks/config.js:31500:38)
    at resolve$4 (file:///mnt/data/Developpement/adonisjs-foundry/node_modules/vite/dist/node/chunks/config.js:31505:22)
    at file:///mnt/data/Developpement/adonisjs-foundry/node_modules/vite/dist/node/chunks/config.js:31630:28
    at requestCallbacks.on-resolve (/mnt/data/Developpement/adonisjs-foundry/node_modules/esbuild/lib/main.js:1217:28)
    at handleRequest (/mnt/data/Developpement/adonisjs-foundry/node_modules/esbuild/lib/main.js:628:17)
    at handleIncomingPacket (/mnt/data/Developpement/adonisjs-foundry/node_modules/esbuild/lib/main.js:653:7)
    at Socket.readFromStdout (/mnt/data/Developpement/adonisjs-foundry/node_modules/esbuild/lib/main.js:581:7)
    at Socket.emit (node:events:508:20)

  This error came from the "onResolve" callback registered here:

    node_modules/esbuild/lib/main.js:1141:20:
[37m      1141 │       let promise = [32m[37msetup({
           ╵                     [32m^[0m

    at setup (file:///mnt/data/Developpement/adonisjs-foundry/node_modules/vite/dist/node/chunks/config.js:31627:12)
    at handlePlugins (/mnt/data/Developpement/adonisjs-foundry/node_modules/esbuild/lib/main.js:1141:21)
    at buildOrContextImpl (/mnt/data/Developpement/adonisjs-foundry/node_modules/esbuild/lib/main.js:854:5)
    at Object.buildOrContext (/mnt/data/Developpement/adonisjs-foundry/node_modules/esbuild/lib/main.js:680:5)
    at /mnt/data/Developpement/adonisjs-foundry/node_modules/esbuild/lib/main.js:2035:68
    at new Promise (<anonymous>)
    at Object.context (/mnt/data/Developpement/adonisjs-foundry/node_modules/esbuild/lib/main.js:2035:27)
    at Object.context (/mnt/data/Developpement/adonisjs-foundry/node_modules/esbuild/lib/main.js:1877:58)
    at prepareEsbuildScanner (file:///mnt/data/Developpement/adonisjs-foundry/node_modules/vite/dist/node/chunks/config.js:31454:23)

  The plugin "vite:dep-scan" was triggered by this import

    inertia/pages/settings/preferences/front/index.tsx:12:17:
[37m      12 │ import i18n from [32m'i18next'[37m
         ╵                  [32m~~~~~~~~~[0m


[31m✘ [41;31m[[41;97mERROR[41;31m][0m [1mThe server is being restarted or closed. Request is outdated[0m [1m[35m[plugin vite:dep-scan][0m

    node_modules/esbuild/lib/main.js:1217:27:
[37m      1217 │         let result = await [32m[37mcallback({
           ╵                            [32m^[0m

    at throwClosedServerError (file:///mnt/data/Developpement/adonisjs-foundry/node_modules/vite/dist/node/chunks/config.js:28559:32)
    at EnvironmentPluginContainer.resolveId (file:///mnt/data/Developpement/adonisjs-foundry/node_modules/vite/dist/node/chunks/config.js:28691:65)
    at resolveId (file:///mnt/data/Developpement/adonisjs-foundry/node_modules/vite/dist/node/chunks/config.js:31500:38)
    at resolve$4 (file:///mnt/data/Developpement/adonisjs-foundry/node_modules/vite/dist/node/chunks/config.js:31505:22)
    at file:///mnt/data/Developpement/adonisjs-foundry/node_modules/vite/dist/node/chunks/config.js:31658:28
    at requestCallbacks.on-resolve (/mnt/data/Developpement/adonisjs-foundry/node_modules/esbuild/lib/main.js:1217:28)
    at handleRequest (/mnt/data/Developpement/adonisjs-foundry/node_modules/esbuild/lib/main.js:628:17)
    at handleIncomingPacket (/mnt/data/Developpement/adonisjs-foundry/node_modules/esbuild/lib/main.js:653:7)
    at Socket.readFromStdout (/mnt/data/Developpement/adonisjs-foundry/node_modules/esbuild/lib/main.js:581:7)
    at Socket.emit (node:events:508:20)

  This error came from the "onResolve" callback registered here:

    node_modules/esbuild/lib/main.js:1141:20:
[37m      1141 │       let promise = [32m[37msetup({
           ╵                     [32m^[0m

    at setup (file:///mnt/data/Developpement/adonisjs-foundry/node_modules/vite/dist/node/chunks/config.js:31657:12)
    at handlePlugins (/mnt/data/Developpement/adonisjs-foundry/node_modules/esbuild/lib/main.js:1141:21)
    at buildOrContextImpl (/mnt/data/Developpement/adonisjs-foundry/node_modules/esbuild/lib/main.js:854:5)
    at Object.buildOrContext (/mnt/data/Developpement/adonisjs-foundry/node_modules/esbuild/lib/main.js:680:5)
    at /mnt/data/Developpement/adonisjs-foundry/node_modules/esbuild/lib/main.js:2035:68
    at new Promise (<anonymous>)
    at Object.context (/mnt/data/Developpement/adonisjs-foundry/node_modules/esbuild/lib/main.js:2035:27)
    at Object.context (/mnt/data/Developpement/adonisjs-foundry/node_modules/esbuild/lib/main.js:1877:58)
    at prepareEsbuildScanner (file:///mnt/data/Developpement/adonisjs-foundry/node_modules/vite/dist/node/chunks/config.js:31454:23)

  The plugin "vite:dep-scan" was triggered by this import

    inertia/pages/auth/cms/show.tsx:15:24:
[37m      15 │ import { getIcon } from [32m'~/helpers/oauth'[37m
         ╵                         [32m~~~~~~~~~~~~~~~~~[0m


[31m✘ [41;31m[[41;97mERROR[41;31m][0m [1mThe server is being restarted or closed. Request is outdated[0m [1m[35m[plugin vite:dep-scan][0m

    node_modules/esbuild/lib/main.js:1217:27:
[37m      1217 │         let result = await [32m[37mcallback({
           ╵                            [32m^[0m

    at throwClosedServerError (file:///mnt/data/Developpement/adonisjs-foundry/node_modules/vite/dist/node/chunks/config.js:28559:32)
    at EnvironmentPluginContainer.resolveId (file:///mnt/data/Developpement/adonisjs-foundry/node_modules/vite/dist/node/chunks/config.js:28691:65)
    at resolveId (file:///mnt/data/Developpement/adonisjs-foundry/node_modules/vite/dist/node/chunks/config.js:31500:38)
    at resolve$4 (file:///mnt/data/Developpement/adonisjs-foundry/node_modules/vite/dist/node/chunks/config.js:31505:22)
    at file:///mnt/data/Developpement/adonisjs-foundry/node_modules/vite/dist/node/chunks/config.js:31630:28
    at requestCallbacks.on-resolve (/mnt/data/Developpement/adonisjs-foundry/node_modules/esbuild/lib/main.js:1217:28)
    at handleRequest (/mnt/data/Developpement/adonisjs-foundry/node_modules/esbuild/lib/main.js:628:17)
    at handleIncomingPacket (/mnt/data/Developpement/adonisjs-foundry/node_modules/esbuild/lib/main.js:653:7)
    at Socket.readFromStdout (/mnt/data/Developpement/adonisjs-foundry/node_modules/esbuild/lib/main.js:581:7)
    at Socket.emit (node:events:508:20)

  This error came from the "onResolve" callback registered here:

    node_modules/esbuild/lib/main.js:1141:20:
[37m      1141 │       let promise = [32m[37msetup({
           ╵                     [32m^[0m

    at setup (file:///mnt/data/Developpement/adonisjs-foundry/node_modules/vite/dist/node/chunks/config.js:31627:12)
    at handlePlugins (/mnt/data/Developpement/adonisjs-foundry/node_modules/esbuild/lib/main.js:1141:21)
    at buildOrContextImpl (/mnt/data/Developpement/adonisjs-foundry/node_modules/esbuild/lib/main.js:854:5)
    at Object.buildOrContext (/mnt/data/Developpement/adonisjs-foundry/node_modules/esbuild/lib/main.js:680:5)
    at /mnt/data/Developpement/adonisjs-foundry/node_modules/esbuild/lib/main.js:2035:68
    at new Promise (<anonymous>)
    at Object.context (/mnt/data/Developpement/adonisjs-foundry/node_modules/esbuild/lib/main.js:2035:27)
    at Object.context (/mnt/data/Developpement/adonisjs-foundry/node_modules/esbuild/lib/main.js:1877:58)
    at prepareEsbuildScanner (file:///mnt/data/Developpement/adonisjs-foundry/node_modules/vite/dist/node/chunks/config.js:31454:23)

  The plugin "vite:dep-scan" was triggered by this import

    inertia/pages/settings/account/front/index.tsx:13:25:
[37m      13 │ import { useState } from [32m'react'[37m
         ╵                          [32m~~~~~~~[0m


[31m✘ [41;31m[[41;97mERROR[41;31m][0m [1mThe server is being restarted or closed. Request is outdated[0m [1m[35m[plugin vite:dep-scan][0m

    node_modules/esbuild/lib/main.js:1217:27:
[37m      1217 │         let result = await [32m[37mcallback({
           ╵                            [32m^[0m

    at throwClosedServerError (file:///mnt/data/Developpement/adonisjs-foundry/node_modules/vite/dist/node/chunks/config.js:28559:32)
    at EnvironmentPluginContainer.resolveId (file:///mnt/data/Developpement/adonisjs-foundry/node_modules/vite/dist/node/chunks/config.js:28691:65)
    at resolveId (file:///mnt/data/Developpement/adonisjs-foundry/node_modules/vite/dist/node/chunks/config.js:31500:38)
    at resolve$4 (file:///mnt/data/Developpement/adonisjs-foundry/node_modules/vite/dist/node/chunks/config.js:31505:22)
    at file:///mnt/data/Developpement/adonisjs-foundry/node_modules/vite/dist/node/chunks/config.js:31630:28
    at requestCallbacks.on-resolve (/mnt/data/Developpement/adonisjs-foundry/node_modules/esbuild/lib/main.js:1217:28)
    at handleRequest (/mnt/data/Developpement/adonisjs-foundry/node_modules/esbuild/lib/main.js:628:17)
    at handleIncomingPacket (/mnt/data/Developpement/adonisjs-foundry/node_modules/esbuild/lib/main.js:653:7)
    at Socket.readFromStdout (/mnt/data/Developpement/adonisjs-foundry/node_modules/esbuild/lib/main.js:581:7)
    at Socket.emit (node:events:508:20)

  This error came from the "onResolve" callback registered here:

    node_modules/esbuild/lib/main.js:1141:20:
[37m      1141 │       let promise = [32m[37msetup({
           ╵                     [32m^[0m

    at setup (file:///mnt/data/Developpement/adonisjs-foundry/node_modules/vite/dist/node/chunks/config.js:31627:12)
    at handlePlugins (/mnt/data/Developpement/adonisjs-foundry/node_modules/esbuild/lib/main.js:1141:21)
    at buildOrContextImpl (/mnt/data/Developpement/adonisjs-foundry/node_modules/esbuild/lib/main.js:854:5)
    at Object.buildOrContext (/mnt/data/Developpement/adonisjs-foundry/node_modules/esbuild/lib/main.js:680:5)
    at /mnt/data/Developpement/adonisjs-foundry/node_modules/esbuild/lib/main.js:2035:68
    at new Promise (<anonymous>)
    at Object.context (/mnt/data/Developpement/adonisjs-foundry/node_modules/esbuild/lib/main.js:2035:27)
    at Object.context (/mnt/data/Developpement/adonisjs-foundry/node_modules/esbuild/lib/main.js:1877:58)
    at prepareEsbuildScanner (file:///mnt/data/Developpement/adonisjs-foundry/node_modules/vite/dist/node/chunks/config.js:31454:23)

  The plugin "vite:dep-scan" was triggered by this import

    inertia/pages/auth/front/reset_password.tsx:11:25:
[37m      11 │ import { useState } from [32m'react'[37m
         ╵                          [32m~~~~~~~[0m


[31m✘ [41;31m[[41;97mERROR[41;31m][0m [1mThe server is being restarted or closed. Request is outdated[0m [1m[35m[plugin vite:dep-scan][0m

    node_modules/esbuild/lib/main.js:1217:27:
[37m      1217 │         let result = await [32m[37mcallback({
           ╵                            [32m^[0m

    at throwClosedServerError (file:///mnt/data/Developpement/adonisjs-foundry/node_modules/vite/dist/node/chunks/config.js:28559:32)
    at EnvironmentPluginContainer.resolveId (file:///mnt/data/Developpement/adonisjs-foundry/node_modules/vite/dist/node/chunks/config.js:28691:65)
    at resolveId (file:///mnt/data/Developpement/adonisjs-foundry/node_modules/vite/dist/node/chunks/config.js:31500:38)
    at resolve$4 (file:///mnt/data/Developpement/adonisjs-foundry/node_modules/vite/dist/node/chunks/config.js:31505:22)
    at file:///mnt/data/Developpement/adonisjs-foundry/node_modules/vite/dist/node/chunks/config.js:31630:28
    at requestCallbacks.on-resolve (/mnt/data/Developpement/adonisjs-foundry/node_modules/esbuild/lib/main.js:1217:28)
    at handleRequest (/mnt/data/Developpement/adonisjs-foundry/node_modules/esbuild/lib/main.js:628:17)
    at handleIncomingPacket (/mnt/data/Developpement/adonisjs-foundry/node_modules/esbuild/lib/main.js:653:7)
    at Socket.readFromStdout (/mnt/data/Developpement/adonisjs-foundry/node_modules/esbuild/lib/main.js:581:7)
    at Socket.emit (node:events:508:20)

  This error came from the "onResolve" callback registered here:

    node_modules/esbuild/lib/main.js:1141:20:
[37m      1141 │       let promise = [32m[37msetup({
           ╵                     [32m^[0m

    at setup (file:///mnt/data/Developpement/adonisjs-foundry/node_modules/vite/dist/node/chunks/config.js:31627:12)
    at handlePlugins (/mnt/data/Developpement/adonisjs-foundry/node_modules/esbuild/lib/main.js:1141:21)
    at buildOrContextImpl (/mnt/data/Developpement/adonisjs-foundry/node_modules/esbuild/lib/main.js:854:5)
    at Object.buildOrContext (/mnt/data/Developpement/adonisjs-foundry/node_modules/esbuild/lib/main.js:680:5)
    at /mnt/data/Developpement/adonisjs-foundry/node_modules/esbuild/lib/main.js:2035:68
    at new Promise (<anonymous>)
    at Object.context (/mnt/data/Developpement/adonisjs-foundry/node_modules/esbuild/lib/main.js:2035:27)
    at Object.context (/mnt/data/Developpement/adonisjs-foundry/node_modules/esbuild/lib/main.js:1877:58)
    at prepareEsbuildScanner (file:///mnt/data/Developpement/adonisjs-foundry/node_modules/vite/dist/node/chunks/config.js:31454:23)

  The plugin "vite:dep-scan" was triggered by this import

    inertia/pages/auth/front/accept_invitation.tsx:11:25:
[37m      11 │ import { useState } from [32m'react'[37m
         ╵                          [32m~~~~~~~[0m


[31m✘ [41;31m[[41;97mERROR[41;31m][0m [1mThe server is being restarted or closed. Request is outdated[0m [1m[35m[plugin vite:dep-scan][0m

    node_modules/esbuild/lib/main.js:1217:27:
[37m      1217 │         let result = await [32m[37mcallback({
           ╵                            [32m^[0m

    at throwClosedServerError (file:///mnt/data/Developpement/adonisjs-foundry/node_modules/vite/dist/node/chunks/config.js:28559:32)
    at EnvironmentPluginContainer.resolveId (file:///mnt/data/Developpement/adonisjs-foundry/node_modules/vite/dist/node/chunks/config.js:28691:65)
    at resolveId (file:///mnt/data/Developpement/adonisjs-foundry/node_modules/vite/dist/node/chunks/config.js:31500:38)
    at resolve$4 (file:///mnt/data/Developpement/adonisjs-foundry/node_modules/vite/dist/node/chunks/config.js:31505:22)
    at file:///mnt/data/Developpement/adonisjs-foundry/node_modules/vite/dist/node/chunks/config.js:31658:28
    at requestCallbacks.on-resolve (/mnt/data/Developpement/adonisjs-foundry/node_modules/esbuild/lib/main.js:1217:28)
    at handleRequest (/mnt/data/Developpement/adonisjs-foundry/node_modules/esbuild/lib/main.js:628:17)
    at handleIncomingPacket (/mnt/data/Developpement/adonisjs-foundry/node_modules/esbuild/lib/main.js:653:7)
    at Socket.readFromStdout (/mnt/data/Developpement/adonisjs-foundry/node_modules/esbuild/lib/main.js:581:7)
    at Socket.emit (node:events:508:20)

  This error came from the "onResolve" callback registered here:

    node_modules/esbuild/lib/main.js:1141:20:
[37m      1141 │       let promise = [32m[37msetup({
           ╵                     [32m^[0m

    at setup (file:///mnt/data/Developpement/adonisjs-foundry/node_modules/vite/dist/node/chunks/config.js:31657:12)
    at handlePlugins (/mnt/data/Developpement/adonisjs-foundry/node_modules/esbuild/lib/main.js:1141:21)
    at buildOrContextImpl (/mnt/data/Developpement/adonisjs-foundry/node_modules/esbuild/lib/main.js:854:5)
    at Object.buildOrContext (/mnt/data/Developpement/adonisjs-foundry/node_modules/esbuild/lib/main.js:680:5)
    at /mnt/data/Developpement/adonisjs-foundry/node_modules/esbuild/lib/main.js:2035:68
    at new Promise (<anonymous>)
    at Object.context (/mnt/data/Developpement/adonisjs-foundry/node_modules/esbuild/lib/main.js:2035:27)
    at Object.context (/mnt/data/Developpement/adonisjs-foundry/node_modules/esbuild/lib/main.js:1877:58)
    at prepareEsbuildScanner (file:///mnt/data/Developpement/adonisjs-foundry/node_modules/vite/dist/node/chunks/config.js:31454:23)

  The plugin "vite:dep-scan" was triggered by this import

    inertia/pages/settings/account/front/email_change.tsx:11:23:
[37m      11 │ import { Banner } from [32m'~/components/molecules/banner'[37m
         ╵                        [32m~~~~~~~~~~~~~~~~~~~~~~~~~~~~~~~[0m


[31m✘ [41;31m[[41;97mERROR[41;31m][0m [1mThe server is being restarted or closed. Request is outdated[0m [1m[35m[plugin vite:dep-scan][0m

    node_modules/esbuild/lib/main.js:1217:27:
[37m      1217 │         let result = await [32m[37mcallback({
           ╵                            [32m^[0m

    at throwClosedServerError (file:///mnt/data/Developpement/adonisjs-foundry/node_modules/vite/dist/node/chunks/config.js:28559:32)
    at EnvironmentPluginContainer.resolveId (file:///mnt/data/Developpement/adonisjs-foundry/node_modules/vite/dist/node/chunks/config.js:28691:65)
    at resolveId (file:///mnt/data/Developpement/adonisjs-foundry/node_modules/vite/dist/node/chunks/config.js:31500:38)
    at resolve$4 (file:///mnt/data/Developpement/adonisjs-foundry/node_modules/vite/dist/node/chunks/config.js:31505:22)
    at file:///mnt/data/Developpement/adonisjs-foundry/node_modules/vite/dist/node/chunks/config.js:31630:28
    at requestCallbacks.on-resolve (/mnt/data/Developpement/adonisjs-foundry/node_modules/esbuild/lib/main.js:1217:28)
    at handleRequest (/mnt/data/Developpement/adonisjs-foundry/node_modules/esbuild/lib/main.js:628:17)
    at handleIncomingPacket (/mnt/data/Developpement/adonisjs-foundry/node_modules/esbuild/lib/main.js:653:7)
    at Socket.readFromStdout (/mnt/data/Developpement/adonisjs-foundry/node_modules/esbuild/lib/main.js:581:7)
    at Socket.emit (node:events:508:20)

  This error came from the "onResolve" callback registered here:

    node_modules/esbuild/lib/main.js:1141:20:
[37m      1141 │       let promise = [32m[37msetup({
           ╵                     [32m^[0m

    at setup (file:///mnt/data/Developpement/adonisjs-foundry/node_modules/vite/dist/node/chunks/config.js:31627:12)
    at handlePlugins (/mnt/data/Developpement/adonisjs-foundry/node_modules/esbuild/lib/main.js:1141:21)
    at buildOrContextImpl (/mnt/data/Developpement/adonisjs-foundry/node_modules/esbuild/lib/main.js:854:5)
    at Object.buildOrContext (/mnt/data/Developpement/adonisjs-foundry/node_modules/esbuild/lib/main.js:680:5)
    at /mnt/data/Developpement/adonisjs-foundry/node_modules/esbuild/lib/main.js:2035:68
    at new Promise (<anonymous>)
    at Object.context (/mnt/data/Developpement/adonisjs-foundry/node_modules/esbuild/lib/main.js:2035:27)
    at Object.context (/mnt/data/Developpement/adonisjs-foundry/node_modules/esbuild/lib/main.js:1877:58)
    at prepareEsbuildScanner (file:///mnt/data/Developpement/adonisjs-foundry/node_modules/vite/dist/node/chunks/config.js:31454:23)

  The plugin "vite:dep-scan" was triggered by this import

    inertia/pages/auth/front/define_password.tsx:11:25:
[37m      11 │ import { useState } from [32m'react'[37m
         ╵                          [32m~~~~~~~[0m


[31m✘ [41;31m[[41;97mERROR[41;31m][0m [1mThe server is being restarted or closed. Request is outdated[0m [1m[35m[plugin vite:dep-scan][0m

    node_modules/esbuild/lib/main.js:1217:27:
[37m      1217 │         let result = await [32m[37mcallback({
           ╵                            [32m^[0m

    at throwClosedServerError (file:///mnt/data/Developpement/adonisjs-foundry/node_modules/vite/dist/node/chunks/config.js:28559:32)
    at EnvironmentPluginContainer.resolveId (file:///mnt/data/Developpement/adonisjs-foundry/node_modules/vite/dist/node/chunks/config.js:28691:65)
    at resolveId (file:///mnt/data/Developpement/adonisjs-foundry/node_modules/vite/dist/node/chunks/config.js:31500:38)
    at resolve$4 (file:///mnt/data/Developpement/adonisjs-foundry/node_modules/vite/dist/node/chunks/config.js:31505:22)
    at file:///mnt/data/Developpement/adonisjs-foundry/node_modules/vite/dist/node/chunks/config.js:31658:28
    at requestCallbacks.on-resolve (/mnt/data/Developpement/adonisjs-foundry/node_modules/esbuild/lib/main.js:1217:28)
    at handleRequest (/mnt/data/Developpement/adonisjs-foundry/node_modules/esbuild/lib/main.js:628:17)
    at handleIncomingPacket (/mnt/data/Developpement/adonisjs-foundry/node_modules/esbuild/lib/main.js:653:7)
    at Socket.readFromStdout (/mnt/data/Developpement/adonisjs-foundry/node_modules/esbuild/lib/main.js:581:7)
    at Socket.emit (node:events:508:20)

  This error came from the "onResolve" callback registered here:

    node_modules/esbuild/lib/main.js:1141:20:
[37m      1141 │       let promise = [32m[37msetup({
           ╵                     [32m^[0m

    at setup (file:///mnt/data/Developpement/adonisjs-foundry/node_modules/vite/dist/node/chunks/config.js:31657:12)
    at handlePlugins (/mnt/data/Developpement/adonisjs-foundry/node_modules/esbuild/lib/main.js:1141:21)
    at buildOrContextImpl (/mnt/data/Developpement/adonisjs-foundry/node_modules/esbuild/lib/main.js:854:5)
    at Object.buildOrContext (/mnt/data/Developpement/adonisjs-foundry/node_modules/esbuild/lib/main.js:680:5)
    at /mnt/data/Developpement/adonisjs-foundry/node_modules/esbuild/lib/main.js:2035:68
    at new Promise (<anonymous>)
    at Object.context (/mnt/data/Developpement/adonisjs-foundry/node_modules/esbuild/lib/main.js:2035:27)
    at Object.context (/mnt/data/Developpement/adonisjs-foundry/node_modules/esbuild/lib/main.js:1877:58)
    at prepareEsbuildScanner (file:///mnt/data/Developpement/adonisjs-foundry/node_modules/vite/dist/node/chunks/config.js:31454:23)

  The plugin "vite:dep-scan" was triggered by this import

    inertia/pages/auth/front/register.tsx:11:22:
[37m      11 │ import { Field } from [32m'~/components/molecules/field'[37m
         ╵                       [32m~~~~~~~~~~~~~~~~~~~~~~~~~~~~~~[0m


[31m✘ [41;31m[[41;97mERROR[41;31m][0m [1mThe server is being restarted or closed. Request is outdated[0m [1m[35m[plugin vite:dep-scan][0m

    node_modules/esbuild/lib/main.js:1217:27:
[37m      1217 │         let result = await [32m[37mcallback({
           ╵                            [32m^[0m

    at throwClosedServerError (file:///mnt/data/Developpement/adonisjs-foundry/node_modules/vite/dist/node/chunks/config.js:28559:32)
    at EnvironmentPluginContainer.resolveId (file:///mnt/data/Developpement/adonisjs-foundry/node_modules/vite/dist/node/chunks/config.js:28691:65)
    at resolveId (file:///mnt/data/Developpement/adonisjs-foundry/node_modules/vite/dist/node/chunks/config.js:31500:38)
    at resolve$4 (file:///mnt/data/Developpement/adonisjs-foundry/node_modules/vite/dist/node/chunks/config.js:31505:22)
    at file:///mnt/data/Developpement/adonisjs-foundry/node_modules/vite/dist/node/chunks/config.js:31658:28
    at requestCallbacks.on-resolve (/mnt/data/Developpement/adonisjs-foundry/node_modules/esbuild/lib/main.js:1217:28)
    at handleRequest (/mnt/data/Developpement/adonisjs-foundry/node_modules/esbuild/lib/main.js:628:17)
    at handleIncomingPacket (/mnt/data/Developpement/adonisjs-foundry/node_modules/esbuild/lib/main.js:653:7)
    at Socket.readFromStdout (/mnt/data/Developpement/adonisjs-foundry/node_modules/esbuild/lib/main.js:581:7)
    at Socket.emit (node:events:508:20)

  This error came from the "onResolve" callback registered here:

    node_modules/esbuild/lib/main.js:1141:20:
[37m      1141 │       let promise = [32m[37msetup({
           ╵                     [32m^[0m

    at setup (file:///mnt/data/Developpement/adonisjs-foundry/node_modules/vite/dist/node/chunks/config.js:31657:12)
    at handlePlugins (/mnt/data/Developpement/adonisjs-foundry/node_modules/esbuild/lib/main.js:1141:21)
    at buildOrContextImpl (/mnt/data/Developpement/adonisjs-foundry/node_modules/esbuild/lib/main.js:854:5)
    at Object.buildOrContext (/mnt/data/Developpement/adonisjs-foundry/node_modules/esbuild/lib/main.js:680:5)
    at /mnt/data/Developpement/adonisjs-foundry/node_modules/esbuild/lib/main.js:2035:68
    at new Promise (<anonymous>)
    at Object.context (/mnt/data/Developpement/adonisjs-foundry/node_modules/esbuild/lib/main.js:2035:27)
    at Object.context (/mnt/data/Developpement/adonisjs-foundry/node_modules/esbuild/lib/main.js:1877:58)
    at prepareEsbuildScanner (file:///mnt/data/Developpement/adonisjs-foundry/node_modules/vite/dist/node/chunks/config.js:31454:23)

  The plugin "vite:dep-scan" was triggered by this import

    inertia/pages/auth/cms/index.tsx:15:27:
[37m      15 │ import { Pagination } from [32m'~/components/molecules/pagination'[37m
         ╵                            [32m~~~~~~~~~~~~~~~~~~~~~~~~~~~~~~~~~~~[0m


[31m✘ [41;31m[[41;97mERROR[41;31m][0m [1mThe server is being restarted or closed. Request is outdated[0m [1m[35m[plugin vite:dep-scan][0m

    node_modules/esbuild/lib/main.js:1217:27:
[37m      1217 │         let result = await [32m[37mcallback({
           ╵                            [32m^[0m

    at throwClosedServerError (file:///mnt/data/Developpement/adonisjs-foundry/node_modules/vite/dist/node/chunks/config.js:28559:32)
    at EnvironmentPluginContainer.resolveId (file:///mnt/data/Developpement/adonisjs-foundry/node_modules/vite/dist/node/chunks/config.js:28691:65)
    at resolveId (file:///mnt/data/Developpement/adonisjs-foundry/node_modules/vite/dist/node/chunks/config.js:31500:38)
    at resolve$4 (file:///mnt/data/Developpement/adonisjs-foundry/node_modules/vite/dist/node/chunks/config.js:31505:22)
    at file:///mnt/data/Developpement/adonisjs-foundry/node_modules/vite/dist/node/chunks/config.js:31658:28
    at requestCallbacks.on-resolve (/mnt/data/Developpement/adonisjs-foundry/node_modules/esbuild/lib/main.js:1217:28)
    at handleRequest (/mnt/data/Developpement/adonisjs-foundry/node_modules/esbuild/lib/main.js:628:17)
    at handleIncomingPacket (/mnt/data/Developpement/adonisjs-foundry/node_modules/esbuild/lib/main.js:653:7)
    at Socket.readFromStdout (/mnt/data/Developpement/adonisjs-foundry/node_modules/esbuild/lib/main.js:581:7)
    at Socket.emit (node:events:508:20)

  This error came from the "onResolve" callback registered here:

    node_modules/esbuild/lib/main.js:1141:20:
[37m      1141 │       let promise = [32m[37msetup({
           ╵                     [32m^[0m

    at setup (file:///mnt/data/Developpement/adonisjs-foundry/node_modules/vite/dist/node/chunks/config.js:31657:12)
    at handlePlugins (/mnt/data/Developpement/adonisjs-foundry/node_modules/esbuild/lib/main.js:1141:21)
    at buildOrContextImpl (/mnt/data/Developpement/adonisjs-foundry/node_modules/esbuild/lib/main.js:854:5)
    at Object.buildOrContext (/mnt/data/Developpement/adonisjs-foundry/node_modules/esbuild/lib/main.js:680:5)
    at /mnt/data/Developpement/adonisjs-foundry/node_modules/esbuild/lib/main.js:2035:68
    at new Promise (<anonymous>)
    at Object.context (/mnt/data/Developpement/adonisjs-foundry/node_modules/esbuild/lib/main.js:2035:27)
    at Object.context (/mnt/data/Developpement/adonisjs-foundry/node_modules/esbuild/lib/main.js:1877:58)
    at prepareEsbuildScanner (file:///mnt/data/Developpement/adonisjs-foundry/node_modules/vite/dist/node/chunks/config.js:31454:23)

  The plugin "vite:dep-scan" was triggered by this import

    inertia/pages/auth/front/login.tsx:12:26:
[37m      12 │ import { AuthIntro } from [32m'~/components/molecules/auth/auth_intro'[37m
         ╵                           [32m~~~~~~~~~~~~~~~~~~~~~~~~~~~~~~~~~~~~~~~~[0m


[31m✘ [41;31m[[41;97mERROR[41;31m][0m [1mThe server is being restarted or closed. Request is outdated[0m [1m[35m[plugin vite:dep-scan][0m

    node_modules/esbuild/lib/main.js:1217:27:
[37m      1217 │         let result = await [32m[37mcallback({
           ╵                            [32m^[0m

    at throwClosedServerError (file:///mnt/data/Developpement/adonisjs-foundry/node_modules/vite/dist/node/chunks/config.js:28559:32)
    at EnvironmentPluginContainer.resolveId (file:///mnt/data/Developpement/adonisjs-foundry/node_modules/vite/dist/node/chunks/config.js:28691:65)
    at resolveId (file:///mnt/data/Developpement/adonisjs-foundry/node_modules/vite/dist/node/chunks/config.js:31500:38)
    at resolve$4 (file:///mnt/data/Developpement/adonisjs-foundry/node_modules/vite/dist/node/chunks/config.js:31505:22)
    at file:///mnt/data/Developpement/adonisjs-foundry/node_modules/vite/dist/node/chunks/config.js:31658:28
    at requestCallbacks.on-resolve (/mnt/data/Developpement/adonisjs-foundry/node_modules/esbuild/lib/main.js:1217:28)
    at handleRequest (/mnt/data/Developpement/adonisjs-foundry/node_modules/esbuild/lib/main.js:628:17)
    at handleIncomingPacket (/mnt/data/Developpement/adonisjs-foundry/node_modules/esbuild/lib/main.js:653:7)
    at Socket.readFromStdout (/mnt/data/Developpement/adonisjs-foundry/node_modules/esbuild/lib/main.js:581:7)
    at Socket.emit (node:events:508:20)

  This error came from the "onResolve" callback registered here:

    node_modules/esbuild/lib/main.js:1141:20:
[37m      1141 │       let promise = [32m[37msetup({
           ╵                     [32m^[0m

    at setup (file:///mnt/data/Developpement/adonisjs-foundry/node_modules/vite/dist/node/chunks/config.js:31657:12)
    at handlePlugins (/mnt/data/Developpement/adonisjs-foundry/node_modules/esbuild/lib/main.js:1141:21)
    at buildOrContextImpl (/mnt/data/Developpement/adonisjs-foundry/node_modules/esbuild/lib/main.js:854:5)
    at Object.buildOrContext (/mnt/data/Developpement/adonisjs-foundry/node_modules/esbuild/lib/main.js:680:5)
    at /mnt/data/Developpement/adonisjs-foundry/node_modules/esbuild/lib/main.js:2035:68
    at new Promise (<anonymous>)
    at Object.context (/mnt/data/Developpement/adonisjs-foundry/node_modules/esbuild/lib/main.js:2035:27)
    at Object.context (/mnt/data/Developpement/adonisjs-foundry/node_modules/esbuild/lib/main.js:1877:58)
    at prepareEsbuildScanner (file:///mnt/data/Developpement/adonisjs-foundry/node_modules/vite/dist/node/chunks/config.js:31454:23)

  The plugin "vite:dep-scan" was triggered by this import

    inertia/pages/settings/preferences/front/index.tsx:14:28:
[37m      14 │ import { ThemeToggle } from [32m'~/components/molecules/theme_toggle'[37m
         ╵                             [32m~~~~~~~~~~~~~~~~~~~~~~~~~~~~~~~~~~~~~[0m


[31m✘ [41;31m[[41;97mERROR[41;31m][0m [1mThe server is being restarted or closed. Request is outdated[0m [1m[35m[plugin vite:dep-scan][0m

    node_modules/esbuild/lib/main.js:1217:27:
[37m      1217 │         let result = await [32m[37mcallback({
           ╵                            [32m^[0m

    at throwClosedServerError (file:///mnt/data/Developpement/adonisjs-foundry/node_modules/vite/dist/node/chunks/config.js:28559:32)
    at EnvironmentPluginContainer.resolveId (file:///mnt/data/Developpement/adonisjs-foundry/node_modules/vite/dist/node/chunks/config.js:28691:65)
    at resolveId (file:///mnt/data/Developpement/adonisjs-foundry/node_modules/vite/dist/node/chunks/config.js:31500:38)
    at resolve$4 (file:///mnt/data/Developpement/adonisjs-foundry/node_modules/vite/dist/node/chunks/config.js:31505:22)
    at file:///mnt/data/Developpement/adonisjs-foundry/node_modules/vite/dist/node/chunks/config.js:31658:28
    at requestCallbacks.on-resolve (/mnt/data/Developpement/adonisjs-foundry/node_modules/esbuild/lib/main.js:1217:28)
    at handleRequest (/mnt/data/Developpement/adonisjs-foundry/node_modules/esbuild/lib/main.js:628:17)
    at handleIncomingPacket (/mnt/data/Developpement/adonisjs-foundry/node_modules/esbuild/lib/main.js:653:7)
    at Socket.readFromStdout (/mnt/data/Developpement/adonisjs-foundry/node_modules/esbuild/lib/main.js:581:7)
    at Socket.emit (node:events:508:20)

  This error came from the "onResolve" callback registered here:

    node_modules/esbuild/lib/main.js:1141:20:
[37m      1141 │       let promise = [32m[37msetup({
           ╵                     [32m^[0m

    at setup (file:///mnt/data/Developpement/adonisjs-foundry/node_modules/vite/dist/node/chunks/config.js:31657:12)
    at handlePlugins (/mnt/data/Developpement/adonisjs-foundry/node_modules/esbuild/lib/main.js:1141:21)
    at buildOrContextImpl (/mnt/data/Developpement/adonisjs-foundry/node_modules/esbuild/lib/main.js:854:5)
    at Object.buildOrContext (/mnt/data/Developpement/adonisjs-foundry/node_modules/esbuild/lib/main.js:680:5)
    at /mnt/data/Developpement/adonisjs-foundry/node_modules/esbuild/lib/main.js:2035:68
    at new Promise (<anonymous>)
    at Object.context (/mnt/data/Developpement/adonisjs-foundry/node_modules/esbuild/lib/main.js:2035:27)
    at Object.context (/mnt/data/Developpement/adonisjs-foundry/node_modules/esbuild/lib/main.js:1877:58)
    at prepareEsbuildScanner (file:///mnt/data/Developpement/adonisjs-foundry/node_modules/vite/dist/node/chunks/config.js:31454:23)

  The plugin "vite:dep-scan" was triggered by this import

    inertia/pages/auth/cms/show.tsx:16:27:
[37m      16 │ import { capitalize } from [32m'~/lib/string'[37m
         ╵                            [32m~~~~~~~~~~~~~~[0m


[31m✘ [41;31m[[41;97mERROR[41;31m][0m [1mThe server is being restarted or closed. Request is outdated[0m [1m[35m[plugin vite:dep-scan][0m

    node_modules/esbuild/lib/main.js:1217:27:
[37m      1217 │         let result = await [32m[37mcallback({
           ╵                            [32m^[0m

    at throwClosedServerError (file:///mnt/data/Developpement/adonisjs-foundry/node_modules/vite/dist/node/chunks/config.js:28559:32)
    at EnvironmentPluginContainer.resolveId (file:///mnt/data/Developpement/adonisjs-foundry/node_modules/vite/dist/node/chunks/config.js:28691:65)
    at resolveId (file:///mnt/data/Developpement/adonisjs-foundry/node_modules/vite/dist/node/chunks/config.js:31500:38)
    at resolve$4 (file:///mnt/data/Developpement/adonisjs-foundry/node_modules/vite/dist/node/chunks/config.js:31505:22)
    at file:///mnt/data/Developpement/adonisjs-foundry/node_modules/vite/dist/node/chunks/config.js:31658:28
    at requestCallbacks.on-resolve (/mnt/data/Developpement/adonisjs-foundry/node_modules/esbuild/lib/main.js:1217:28)
    at handleRequest (/mnt/data/Developpement/adonisjs-foundry/node_modules/esbuild/lib/main.js:628:17)
    at handleIncomingPacket (/mnt/data/Developpement/adonisjs-foundry/node_modules/esbuild/lib/main.js:653:7)
    at Socket.readFromStdout (/mnt/data/Developpement/adonisjs-foundry/node_modules/esbuild/lib/main.js:581:7)
    at Socket.emit (node:events:508:20)

  This error came from the "onResolve" callback registered here:

    node_modules/esbuild/lib/main.js:1141:20:
[37m      1141 │       let promise = [32m[37msetup({
           ╵                     [32m^[0m

    at setup (file:///mnt/data/Developpement/adonisjs-foundry/node_modules/vite/dist/node/chunks/config.js:31657:12)
    at handlePlugins (/mnt/data/Developpement/adonisjs-foundry/node_modules/esbuild/lib/main.js:1141:21)
    at buildOrContextImpl (/mnt/data/Developpement/adonisjs-foundry/node_modules/esbuild/lib/main.js:854:5)
    at Object.buildOrContext (/mnt/data/Developpement/adonisjs-foundry/node_modules/esbuild/lib/main.js:680:5)
    at /mnt/data/Developpement/adonisjs-foundry/node_modules/esbuild/lib/main.js:2035:68
    at new Promise (<anonymous>)
    at Object.context (/mnt/data/Developpement/adonisjs-foundry/node_modules/esbuild/lib/main.js:2035:27)
    at Object.context (/mnt/data/Developpement/adonisjs-foundry/node_modules/esbuild/lib/main.js:1877:58)
    at prepareEsbuildScanner (file:///mnt/data/Developpement/adonisjs-foundry/node_modules/vite/dist/node/chunks/config.js:31454:23)

  The plugin "vite:dep-scan" was triggered by this import

    inertia/pages/settings/account/front/index.tsx:14:23:
[37m      14 │ import { Banner } from [32m'~/components/molecules/banner'[37m
         ╵                        [32m~~~~~~~~~~~~~~~~~~~~~~~~~~~~~~~[0m


[31m✘ [41;31m[[41;97mERROR[41;31m][0m [1mThe server is being restarted or closed. Request is outdated[0m [1m[35m[plugin vite:dep-scan][0m

    node_modules/esbuild/lib/main.js:1217:27:
[37m      1217 │         let result = await [32m[37mcallback({
           ╵                            [32m^[0m

    at throwClosedServerError (file:///mnt/data/Developpement/adonisjs-foundry/node_modules/vite/dist/node/chunks/config.js:28559:32)
    at EnvironmentPluginContainer.resolveId (file:///mnt/data/Developpement/adonisjs-foundry/node_modules/vite/dist/node/chunks/config.js:28691:65)
    at resolveId (file:///mnt/data/Developpement/adonisjs-foundry/node_modules/vite/dist/node/chunks/config.js:31500:38)
    at resolve$4 (file:///mnt/data/Developpement/adonisjs-foundry/node_modules/vite/dist/node/chunks/config.js:31505:22)
    at file:///mnt/data/Developpement/adonisjs-foundry/node_modules/vite/dist/node/chunks/config.js:31658:28
    at requestCallbacks.on-resolve (/mnt/data/Developpement/adonisjs-foundry/node_modules/esbuild/lib/main.js:1217:28)
    at handleRequest (/mnt/data/Developpement/adonisjs-foundry/node_modules/esbuild/lib/main.js:628:17)
    at handleIncomingPacket (/mnt/data/Developpement/adonisjs-foundry/node_modules/esbuild/lib/main.js:653:7)
    at Socket.readFromStdout (/mnt/data/Developpement/adonisjs-foundry/node_modules/esbuild/lib/main.js:581:7)
    at Socket.emit (node:events:508:20)

  This error came from the "onResolve" callback registered here:

    node_modules/esbuild/lib/main.js:1141:20:
[37m      1141 │       let promise = [32m[37msetup({
           ╵                     [32m^[0m

    at setup (file:///mnt/data/Developpement/adonisjs-foundry/node_modules/vite/dist/node/chunks/config.js:31657:12)
    at handlePlugins (/mnt/data/Developpement/adonisjs-foundry/node_modules/esbuild/lib/main.js:1141:21)
    at buildOrContextImpl (/mnt/data/Developpement/adonisjs-foundry/node_modules/esbuild/lib/main.js:854:5)
    at Object.buildOrContext (/mnt/data/Developpement/adonisjs-foundry/node_modules/esbuild/lib/main.js:680:5)
    at /mnt/data/Developpement/adonisjs-foundry/node_modules/esbuild/lib/main.js:2035:68
    at new Promise (<anonymous>)
    at Object.context (/mnt/data/Developpement/adonisjs-foundry/node_modules/esbuild/lib/main.js:2035:27)
    at Object.context (/mnt/data/Developpement/adonisjs-foundry/node_modules/esbuild/lib/main.js:1877:58)
    at prepareEsbuildScanner (file:///mnt/data/Developpement/adonisjs-foundry/node_modules/vite/dist/node/chunks/config.js:31454:23)

  The plugin "vite:dep-scan" was triggered by this import

    inertia/pages/auth/front/accept_invitation.tsx:13:23:
[37m      13 │ import { Banner } from [32m'~/components/molecules/banner'[37m
         ╵                        [32m~~~~~~~~~~~~~~~~~~~~~~~~~~~~~~~[0m


[31m✘ [41;31m[[41;97mERROR[41;31m][0m [1mThe server is being restarted or closed. Request is outdated[0m [1m[35m[plugin vite:dep-scan][0m

    node_modules/esbuild/lib/main.js:1217:27:
[37m      1217 │         let result = await [32m[37mcallback({
           ╵                            [32m^[0m

    at throwClosedServerError (file:///mnt/data/Developpement/adonisjs-foundry/node_modules/vite/dist/node/chunks/config.js:28559:32)
    at EnvironmentPluginContainer.resolveId (file:///mnt/data/Developpement/adonisjs-foundry/node_modules/vite/dist/node/chunks/config.js:28691:65)
    at resolveId (file:///mnt/data/Developpement/adonisjs-foundry/node_modules/vite/dist/node/chunks/config.js:31500:38)
    at resolve$4 (file:///mnt/data/Developpement/adonisjs-foundry/node_modules/vite/dist/node/chunks/config.js:31505:22)
    at file:///mnt/data/Developpement/adonisjs-foundry/node_modules/vite/dist/node/chunks/config.js:31658:28
    at requestCallbacks.on-resolve (/mnt/data/Developpement/adonisjs-foundry/node_modules/esbuild/lib/main.js:1217:28)
    at handleRequest (/mnt/data/Developpement/adonisjs-foundry/node_modules/esbuild/lib/main.js:628:17)
    at handleIncomingPacket (/mnt/data/Developpement/adonisjs-foundry/node_modules/esbuild/lib/main.js:653:7)
    at Socket.readFromStdout (/mnt/data/Developpement/adonisjs-foundry/node_modules/esbuild/lib/main.js:581:7)
    at Socket.emit (node:events:508:20)

  This error came from the "onResolve" callback registered here:

    node_modules/esbuild/lib/main.js:1141:20:
[37m      1141 │       let promise = [32m[37msetup({
           ╵                     [32m^[0m

    at setup (file:///mnt/data/Developpement/adonisjs-foundry/node_modules/vite/dist/node/chunks/config.js:31657:12)
    at handlePlugins (/mnt/data/Developpement/adonisjs-foundry/node_modules/esbuild/lib/main.js:1141:21)
    at buildOrContextImpl (/mnt/data/Developpement/adonisjs-foundry/node_modules/esbuild/lib/main.js:854:5)
    at Object.buildOrContext (/mnt/data/Developpement/adonisjs-foundry/node_modules/esbuild/lib/main.js:680:5)
    at /mnt/data/Developpement/adonisjs-foundry/node_modules/esbuild/lib/main.js:2035:68
    at new Promise (<anonymous>)
    at Object.context (/mnt/data/Developpement/adonisjs-foundry/node_modules/esbuild/lib/main.js:2035:27)
    at Object.context (/mnt/data/Developpement/adonisjs-foundry/node_modules/esbuild/lib/main.js:1877:58)
    at prepareEsbuildScanner (file:///mnt/data/Developpement/adonisjs-foundry/node_modules/vite/dist/node/chunks/config.js:31454:23)

  The plugin "vite:dep-scan" was triggered by this import

    inertia/pages/auth/front/register.tsx:12:23:
[37m      12 │ import { Button } from [32m'~/components/atoms/button'[37m
         ╵                        [32m~~~~~~~~~~~~~~~~~~~~~~~~~~~[0m


[31m✘ [41;31m[[41;97mERROR[41;31m][0m [1mThe server is being restarted or closed. Request is outdated[0m [1m[35m[plugin vite:dep-scan][0m

    node_modules/esbuild/lib/main.js:1217:27:
[37m      1217 │         let result = await [32m[37mcallback({
           ╵                            [32m^[0m

    at throwClosedServerError (file:///mnt/data/Developpement/adonisjs-foundry/node_modules/vite/dist/node/chunks/config.js:28559:32)
    at EnvironmentPluginContainer.resolveId (file:///mnt/data/Developpement/adonisjs-foundry/node_modules/vite/dist/node/chunks/config.js:28691:65)
    at resolveId (file:///mnt/data/Developpement/adonisjs-foundry/node_modules/vite/dist/node/chunks/config.js:31500:38)
    at resolve$4 (file:///mnt/data/Developpement/adonisjs-foundry/node_modules/vite/dist/node/chunks/config.js:31505:22)
    at file:///mnt/data/Developpement/adonisjs-foundry/node_modules/vite/dist/node/chunks/config.js:31658:28
    at requestCallbacks.on-resolve (/mnt/data/Developpement/adonisjs-foundry/node_modules/esbuild/lib/main.js:1217:28)
    at handleRequest (/mnt/data/Developpement/adonisjs-foundry/node_modules/esbuild/lib/main.js:628:17)
    at handleIncomingPacket (/mnt/data/Developpement/adonisjs-foundry/node_modules/esbuild/lib/main.js:653:7)
    at Socket.readFromStdout (/mnt/data/Developpement/adonisjs-foundry/node_modules/esbuild/lib/main.js:581:7)
    at Socket.emit (node:events:508:20)

  This error came from the "onResolve" callback registered here:

    node_modules/esbuild/lib/main.js:1141:20:
[37m      1141 │       let promise = [32m[37msetup({
           ╵                     [32m^[0m

    at setup (file:///mnt/data/Developpement/adonisjs-foundry/node_modules/vite/dist/node/chunks/config.js:31657:12)
    at handlePlugins (/mnt/data/Developpement/adonisjs-foundry/node_modules/esbuild/lib/main.js:1141:21)
    at buildOrContextImpl (/mnt/data/Developpement/adonisjs-foundry/node_modules/esbuild/lib/main.js:854:5)
    at Object.buildOrContext (/mnt/data/Developpement/adonisjs-foundry/node_modules/esbuild/lib/main.js:680:5)
    at /mnt/data/Developpement/adonisjs-foundry/node_modules/esbuild/lib/main.js:2035:68
    at new Promise (<anonymous>)
    at Object.context (/mnt/data/Developpement/adonisjs-foundry/node_modules/esbuild/lib/main.js:2035:27)
    at Object.context (/mnt/data/Developpement/adonisjs-foundry/node_modules/esbuild/lib/main.js:1877:58)
    at prepareEsbuildScanner (file:///mnt/data/Developpement/adonisjs-foundry/node_modules/vite/dist/node/chunks/config.js:31454:23)

  The plugin "vite:dep-scan" was triggered by this import

    inertia/pages/auth/cms/index.tsx:16:18:
[37m      16 │ import Table from [32m'~/components/atoms/table/table'[37m
         ╵                   [32m~~~~~~~~~~~~~~~~~~~~~~~~~~~~~~~~[0m


[31m✘ [41;31m[[41;97mERROR[41;31m][0m [1mThe server is being restarted or closed. Request is outdated[0m [1m[35m[plugin vite:dep-scan][0m

    node_modules/esbuild/lib/main.js:1217:27:
[37m      1217 │         let result = await [32m[37mcallback({
           ╵                            [32m^[0m

    at throwClosedServerError (file:///mnt/data/Developpement/adonisjs-foundry/node_modules/vite/dist/node/chunks/config.js:28559:32)
    at EnvironmentPluginContainer.resolveId (file:///mnt/data/Developpement/adonisjs-foundry/node_modules/vite/dist/node/chunks/config.js:28691:65)
    at resolveId (file:///mnt/data/Developpement/adonisjs-foundry/node_modules/vite/dist/node/chunks/config.js:31500:38)
    at resolve$4 (file:///mnt/data/Developpement/adonisjs-foundry/node_modules/vite/dist/node/chunks/config.js:31505:22)
    at file:///mnt/data/Developpement/adonisjs-foundry/node_modules/vite/dist/node/chunks/config.js:31658:28
    at requestCallbacks.on-resolve (/mnt/data/Developpement/adonisjs-foundry/node_modules/esbuild/lib/main.js:1217:28)
    at handleRequest (/mnt/data/Developpement/adonisjs-foundry/node_modules/esbuild/lib/main.js:628:17)
    at handleIncomingPacket (/mnt/data/Developpement/adonisjs-foundry/node_modules/esbuild/lib/main.js:653:7)
    at Socket.readFromStdout (/mnt/data/Developpement/adonisjs-foundry/node_modules/esbuild/lib/main.js:581:7)
    at Socket.emit (node:events:508:20)

  This error came from the "onResolve" callback registered here:

    node_modules/esbuild/lib/main.js:1141:20:
[37m      1141 │       let promise = [32m[37msetup({
           ╵                     [32m^[0m

    at setup (file:///mnt/data/Developpement/adonisjs-foundry/node_modules/vite/dist/node/chunks/config.js:31657:12)
    at handlePlugins (/mnt/data/Developpement/adonisjs-foundry/node_modules/esbuild/lib/main.js:1141:21)
    at buildOrContextImpl (/mnt/data/Developpement/adonisjs-foundry/node_modules/esbuild/lib/main.js:854:5)
    at Object.buildOrContext (/mnt/data/Developpement/adonisjs-foundry/node_modules/esbuild/lib/main.js:680:5)
    at /mnt/data/Developpement/adonisjs-foundry/node_modules/esbuild/lib/main.js:2035:68
    at new Promise (<anonymous>)
    at Object.context (/mnt/data/Developpement/adonisjs-foundry/node_modules/esbuild/lib/main.js:2035:27)
    at Object.context (/mnt/data/Developpement/adonisjs-foundry/node_modules/esbuild/lib/main.js:1877:58)
    at prepareEsbuildScanner (file:///mnt/data/Developpement/adonisjs-foundry/node_modules/vite/dist/node/chunks/config.js:31454:23)

  The plugin "vite:dep-scan" was triggered by this import

    inertia/pages/auth/front/login.tsx:14:30:
[37m      14 │ ... AuthProviders } from [32m'~/components/molecules/auth/auth_providers'[37m
         ╵                          [32m~~~~~~~~~~~~~~~~~~~~~~~~~~~~~~~~~~~~~~~~~~~~[0m


[31m✘ [41;31m[[41;97mERROR[41;31m][0m [1mThe server is being restarted or closed. Request is outdated[0m [1m[35m[plugin vite:dep-scan][0m

    node_modules/esbuild/lib/main.js:1217:27:
[37m      1217 │         let result = await [32m[37mcallback({
           ╵                            [32m^[0m

    at throwClosedServerError (file:///mnt/data/Developpement/adonisjs-foundry/node_modules/vite/dist/node/chunks/config.js:28559:32)
    at EnvironmentPluginContainer.resolveId (file:///mnt/data/Developpement/adonisjs-foundry/node_modules/vite/dist/node/chunks/config.js:28691:65)
    at resolveId (file:///mnt/data/Developpement/adonisjs-foundry/node_modules/vite/dist/node/chunks/config.js:31500:38)
    at resolve$4 (file:///mnt/data/Developpement/adonisjs-foundry/node_modules/vite/dist/node/chunks/config.js:31505:22)
    at file:///mnt/data/Developpement/adonisjs-foundry/node_modules/vite/dist/node/chunks/config.js:31658:28
    at requestCallbacks.on-resolve (/mnt/data/Developpement/adonisjs-foundry/node_modules/esbuild/lib/main.js:1217:28)
    at handleRequest (/mnt/data/Developpement/adonisjs-foundry/node_modules/esbuild/lib/main.js:628:17)
    at handleIncomingPacket (/mnt/data/Developpement/adonisjs-foundry/node_modules/esbuild/lib/main.js:653:7)
    at Socket.readFromStdout (/mnt/data/Developpement/adonisjs-foundry/node_modules/esbuild/lib/main.js:581:7)
    at Socket.emit (node:events:508:20)

  This error came from the "onResolve" callback registered here:

    node_modules/esbuild/lib/main.js:1141:20:
[37m      1141 │       let promise = [32m[37msetup({
           ╵                     [32m^[0m

    at setup (file:///mnt/data/Developpement/adonisjs-foundry/node_modules/vite/dist/node/chunks/config.js:31657:12)
    at handlePlugins (/mnt/data/Developpement/adonisjs-foundry/node_modules/esbuild/lib/main.js:1141:21)
    at buildOrContextImpl (/mnt/data/Developpement/adonisjs-foundry/node_modules/esbuild/lib/main.js:854:5)
    at Object.buildOrContext (/mnt/data/Developpement/adonisjs-foundry/node_modules/esbuild/lib/main.js:680:5)
    at /mnt/data/Developpement/adonisjs-foundry/node_modules/esbuild/lib/main.js:2035:68
    at new Promise (<anonymous>)
    at Object.context (/mnt/data/Developpement/adonisjs-foundry/node_modules/esbuild/lib/main.js:2035:27)
    at Object.context (/mnt/data/Developpement/adonisjs-foundry/node_modules/esbuild/lib/main.js:1877:58)
    at prepareEsbuildScanner (file:///mnt/data/Developpement/adonisjs-foundry/node_modules/vite/dist/node/chunks/config.js:31454:23)

  The plugin "vite:dep-scan" was triggered by this import

    inertia/pages/auth/cms/form.tsx:16:29:
[37m      16 │ import { SelectOption } from [32m'~/components/atoms/select_option'[37m
         ╵                              [32m~~~~~~~~~~~~~~~~~~~~~~~~~~~~~~~~~~[0m


[31m✘ [41;31m[[41;97mERROR[41;31m][0m [1mThe server is being restarted or closed. Request is outdated[0m [1m[35m[plugin vite:dep-scan][0m

    node_modules/esbuild/lib/main.js:1217:27:
[37m      1217 │         let result = await [32m[37mcallback({
           ╵                            [32m^[0m

    at throwClosedServerError (file:///mnt/data/Developpement/adonisjs-foundry/node_modules/vite/dist/node/chunks/config.js:28559:32)
    at EnvironmentPluginContainer.resolveId (file:///mnt/data/Developpement/adonisjs-foundry/node_modules/vite/dist/node/chunks/config.js:28691:65)
    at resolveId (file:///mnt/data/Developpement/adonisjs-foundry/node_modules/vite/dist/node/chunks/config.js:31500:38)
    at resolve$4 (file:///mnt/data/Developpement/adonisjs-foundry/node_modules/vite/dist/node/chunks/config.js:31505:22)
    at file:///mnt/data/Developpement/adonisjs-foundry/node_modules/vite/dist/node/chunks/config.js:31658:28
    at requestCallbacks.on-resolve (/mnt/data/Developpement/adonisjs-foundry/node_modules/esbuild/lib/main.js:1217:28)
    at handleRequest (/mnt/data/Developpement/adonisjs-foundry/node_modules/esbuild/lib/main.js:628:17)
    at handleIncomingPacket (/mnt/data/Developpement/adonisjs-foundry/node_modules/esbuild/lib/main.js:653:7)
    at Socket.readFromStdout (/mnt/data/Developpement/adonisjs-foundry/node_modules/esbuild/lib/main.js:581:7)
    at Socket.emit (node:events:508:20)

  This error came from the "onResolve" callback registered here:

    node_modules/esbuild/lib/main.js:1141:20:
[37m      1141 │       let promise = [32m[37msetup({
           ╵                     [32m^[0m

    at setup (file:///mnt/data/Developpement/adonisjs-foundry/node_modules/vite/dist/node/chunks/config.js:31657:12)
    at handlePlugins (/mnt/data/Developpement/adonisjs-foundry/node_modules/esbuild/lib/main.js:1141:21)
    at buildOrContextImpl (/mnt/data/Developpement/adonisjs-foundry/node_modules/esbuild/lib/main.js:854:5)
    at Object.buildOrContext (/mnt/data/Developpement/adonisjs-foundry/node_modules/esbuild/lib/main.js:680:5)
    at /mnt/data/Developpement/adonisjs-foundry/node_modules/esbuild/lib/main.js:2035:68
    at new Promise (<anonymous>)
    at Object.context (/mnt/data/Developpement/adonisjs-foundry/node_modules/esbuild/lib/main.js:2035:27)
    at Object.context (/mnt/data/Developpement/adonisjs-foundry/node_modules/esbuild/lib/main.js:1877:58)
    at prepareEsbuildScanner (file:///mnt/data/Developpement/adonisjs-foundry/node_modules/vite/dist/node/chunks/config.js:31454:23)

  The plugin "vite:dep-scan" was triggered by this import

    inertia/pages/settings/preferences/front/index.tsx:15:22:
[37m      15 │ import { Label } from [32m'~/components/atoms/label'[37m
         ╵                       [32m~~~~~~~~~~~~~~~~~~~~~~~~~~[0m


[31m✘ [41;31m[[41;97mERROR[41;31m][0m [1mThe server is being restarted or closed. Request is outdated[0m [1m[35m[plugin vite:dep-scan][0m

    node_modules/esbuild/lib/main.js:1217:27:
[37m      1217 │         let result = await [32m[37mcallback({
           ╵                            [32m^[0m

    at throwClosedServerError (file:///mnt/data/Developpement/adonisjs-foundry/node_modules/vite/dist/node/chunks/config.js:28559:32)
    at EnvironmentPluginContainer.resolveId (file:///mnt/data/Developpement/adonisjs-foundry/node_modules/vite/dist/node/chunks/config.js:28691:65)
    at resolveId (file:///mnt/data/Developpement/adonisjs-foundry/node_modules/vite/dist/node/chunks/config.js:31500:38)
    at resolve$4 (file:///mnt/data/Developpement/adonisjs-foundry/node_modules/vite/dist/node/chunks/config.js:31505:22)
    at file:///mnt/data/Developpement/adonisjs-foundry/node_modules/vite/dist/node/chunks/config.js:31658:28
    at requestCallbacks.on-resolve (/mnt/data/Developpement/adonisjs-foundry/node_modules/esbuild/lib/main.js:1217:28)
    at handleRequest (/mnt/data/Developpement/adonisjs-foundry/node_modules/esbuild/lib/main.js:628:17)
    at handleIncomingPacket (/mnt/data/Developpement/adonisjs-foundry/node_modules/esbuild/lib/main.js:653:7)
    at Socket.readFromStdout (/mnt/data/Developpement/adonisjs-foundry/node_modules/esbuild/lib/main.js:581:7)
    at Socket.emit (node:events:508:20)

  This error came from the "onResolve" callback registered here:

    node_modules/esbuild/lib/main.js:1141:20:
[37m      1141 │       let promise = [32m[37msetup({
           ╵                     [32m^[0m

    at setup (file:///mnt/data/Developpement/adonisjs-foundry/node_modules/vite/dist/node/chunks/config.js:31657:12)
    at handlePlugins (/mnt/data/Developpement/adonisjs-foundry/node_modules/esbuild/lib/main.js:1141:21)
    at buildOrContextImpl (/mnt/data/Developpement/adonisjs-foundry/node_modules/esbuild/lib/main.js:854:5)
    at Object.buildOrContext (/mnt/data/Developpement/adonisjs-foundry/node_modules/esbuild/lib/main.js:680:5)
    at /mnt/data/Developpement/adonisjs-foundry/node_modules/esbuild/lib/main.js:2035:68
    at new Promise (<anonymous>)
    at Object.context (/mnt/data/Developpement/adonisjs-foundry/node_modules/esbuild/lib/main.js:2035:27)
    at Object.context (/mnt/data/Developpement/adonisjs-foundry/node_modules/esbuild/lib/main.js:1877:58)
    at prepareEsbuildScanner (file:///mnt/data/Developpement/adonisjs-foundry/node_modules/vite/dist/node/chunks/config.js:31454:23)

  The plugin "vite:dep-scan" was triggered by this import

    inertia/pages/settings/account/front/index.tsx:15:24:
[37m      15 │ import { getIcon } from [32m'~/helpers/oauth'[37m
         ╵                         [32m~~~~~~~~~~~~~~~~~[0m


[31m✘ [41;31m[[41;97mERROR[41;31m][0m [1mThe server is being restarted or closed. Request is outdated[0m [1m[35m[plugin vite:dep-scan][0m

    node_modules/esbuild/lib/main.js:1217:27:
[37m      1217 │         let result = await [32m[37mcallback({
           ╵                            [32m^[0m

    at throwClosedServerError (file:///mnt/data/Developpement/adonisjs-foundry/node_modules/vite/dist/node/chunks/config.js:28559:32)
    at EnvironmentPluginContainer.resolveId (file:///mnt/data/Developpement/adonisjs-foundry/node_modules/vite/dist/node/chunks/config.js:28691:65)
    at resolveId (file:///mnt/data/Developpement/adonisjs-foundry/node_modules/vite/dist/node/chunks/config.js:31500:38)
    at resolve$4 (file:///mnt/data/Developpement/adonisjs-foundry/node_modules/vite/dist/node/chunks/config.js:31505:22)
    at file:///mnt/data/Developpement/adonisjs-foundry/node_modules/vite/dist/node/chunks/config.js:31630:28
    at requestCallbacks.on-resolve (/mnt/data/Developpement/adonisjs-foundry/node_modules/esbuild/lib/main.js:1217:28)
    at handleRequest (/mnt/data/Developpement/adonisjs-foundry/node_modules/esbuild/lib/main.js:628:17)
    at handleIncomingPacket (/mnt/data/Developpement/adonisjs-foundry/node_modules/esbuild/lib/main.js:653:7)
    at Socket.readFromStdout (/mnt/data/Developpement/adonisjs-foundry/node_modules/esbuild/lib/main.js:581:7)
    at Socket.emit (node:events:508:20)

  This error came from the "onResolve" callback registered here:

    node_modules/esbuild/lib/main.js:1141:20:
[37m      1141 │       let promise = [32m[37msetup({
           ╵                     [32m^[0m

    at setup (file:///mnt/data/Developpement/adonisjs-foundry/node_modules/vite/dist/node/chunks/config.js:31627:12)
    at handlePlugins (/mnt/data/Developpement/adonisjs-foundry/node_modules/esbuild/lib/main.js:1141:21)
    at buildOrContextImpl (/mnt/data/Developpement/adonisjs-foundry/node_modules/esbuild/lib/main.js:854:5)
    at Object.buildOrContext (/mnt/data/Developpement/adonisjs-foundry/node_modules/esbuild/lib/main.js:680:5)
    at /mnt/data/Developpement/adonisjs-foundry/node_modules/esbuild/lib/main.js:2035:68
    at new Promise (<anonymous>)
    at Object.context (/mnt/data/Developpement/adonisjs-foundry/node_modules/esbuild/lib/main.js:2035:27)
    at Object.context (/mnt/data/Developpement/adonisjs-foundry/node_modules/esbuild/lib/main.js:1877:58)
    at prepareEsbuildScanner (file:///mnt/data/Developpement/adonisjs-foundry/node_modules/vite/dist/node/chunks/config.js:31454:23)

  The plugin "vite:dep-scan" was triggered by this import

    inertia/pages/auth/front/register.tsx:13:25:
[37m      13 │ import { useState } from [32m'react'[37m
         ╵                          [32m~~~~~~~[0m


[31m✘ [41;31m[[41;97mERROR[41;31m][0m [1mThe server is being restarted or closed. Request is outdated[0m [1m[35m[plugin vite:dep-scan][0m

    node_modules/esbuild/lib/main.js:1217:27:
[37m      1217 │         let result = await [32m[37mcallback({
           ╵                            [32m^[0m

    at throwClosedServerError (file:///mnt/data/Developpement/adonisjs-foundry/node_modules/vite/dist/node/chunks/config.js:28559:32)
    at EnvironmentPluginContainer.resolveId (file:///mnt/data/Developpement/adonisjs-foundry/node_modules/vite/dist/node/chunks/config.js:28691:65)
    at resolveId (file:///mnt/data/Developpement/adonisjs-foundry/node_modules/vite/dist/node/chunks/config.js:31500:38)
    at resolve$4 (file:///mnt/data/Developpement/adonisjs-foundry/node_modules/vite/dist/node/chunks/config.js:31505:22)
    at file:///mnt/data/Developpement/adonisjs-foundry/node_modules/vite/dist/node/chunks/config.js:31658:28
    at requestCallbacks.on-resolve (/mnt/data/Developpement/adonisjs-foundry/node_modules/esbuild/lib/main.js:1217:28)
    at handleRequest (/mnt/data/Developpement/adonisjs-foundry/node_modules/esbuild/lib/main.js:628:17)
    at handleIncomingPacket (/mnt/data/Developpement/adonisjs-foundry/node_modules/esbuild/lib/main.js:653:7)
    at Socket.readFromStdout (/mnt/data/Developpement/adonisjs-foundry/node_modules/esbuild/lib/main.js:581:7)
    at Socket.emit (node:events:508:20)

  This error came from the "onResolve" callback registered here:

    node_modules/esbuild/lib/main.js:1141:20:
[37m      1141 │       let promise = [32m[37msetup({
           ╵                     [32m^[0m

    at setup (file:///mnt/data/Developpement/adonisjs-foundry/node_modules/vite/dist/node/chunks/config.js:31657:12)
    at handlePlugins (/mnt/data/Developpement/adonisjs-foundry/node_modules/esbuild/lib/main.js:1141:21)
    at buildOrContextImpl (/mnt/data/Developpement/adonisjs-foundry/node_modules/esbuild/lib/main.js:854:5)
    at Object.buildOrContext (/mnt/data/Developpement/adonisjs-foundry/node_modules/esbuild/lib/main.js:680:5)
    at /mnt/data/Developpement/adonisjs-foundry/node_modules/esbuild/lib/main.js:2035:68
    at new Promise (<anonymous>)
    at Object.context (/mnt/data/Developpement/adonisjs-foundry/node_modules/esbuild/lib/main.js:2035:27)
    at Object.context (/mnt/data/Developpement/adonisjs-foundry/node_modules/esbuild/lib/main.js:1877:58)
    at prepareEsbuildScanner (file:///mnt/data/Developpement/adonisjs-foundry/node_modules/vite/dist/node/chunks/config.js:31454:23)

  The plugin "vite:dep-scan" was triggered by this import

    inertia/pages/auth/cms/index.tsx:17:39:
[37m      17 │ ...t { StatusEnum, UserStatus } from [32m'~/components/atoms/user_status'[37m
         ╵                                      [32m~~~~~~~~~~~~~~~~~~~~~~~~~~~~~~~~[0m


[31m✘ [41;31m[[41;97mERROR[41;31m][0m [1mThe server is being restarted or closed. Request is outdated[0m [1m[35m[plugin vite:dep-scan][0m

    node_modules/esbuild/lib/main.js:1217:27:
[37m      1217 │         let result = await [32m[37mcallback({
           ╵                            [32m^[0m

    at throwClosedServerError (file:///mnt/data/Developpement/adonisjs-foundry/node_modules/vite/dist/node/chunks/config.js:28559:32)
    at EnvironmentPluginContainer.resolveId (file:///mnt/data/Developpement/adonisjs-foundry/node_modules/vite/dist/node/chunks/config.js:28691:65)
    at resolveId (file:///mnt/data/Developpement/adonisjs-foundry/node_modules/vite/dist/node/chunks/config.js:31500:38)
    at resolve$4 (file:///mnt/data/Developpement/adonisjs-foundry/node_modules/vite/dist/node/chunks/config.js:31505:22)
    at file:///mnt/data/Developpement/adonisjs-foundry/node_modules/vite/dist/node/chunks/config.js:31658:28
    at requestCallbacks.on-resolve (/mnt/data/Developpement/adonisjs-foundry/node_modules/esbuild/lib/main.js:1217:28)
    at handleRequest (/mnt/data/Developpement/adonisjs-foundry/node_modules/esbuild/lib/main.js:628:17)
    at handleIncomingPacket (/mnt/data/Developpement/adonisjs-foundry/node_modules/esbuild/lib/main.js:653:7)
    at Socket.readFromStdout (/mnt/data/Developpement/adonisjs-foundry/node_modules/esbuild/lib/main.js:581:7)
    at Socket.emit (node:events:508:20)

  This error came from the "onResolve" callback registered here:

    node_modules/esbuild/lib/main.js:1141:20:
[37m      1141 │       let promise = [32m[37msetup({
           ╵                     [32m^[0m

    at setup (file:///mnt/data/Developpement/adonisjs-foundry/node_modules/vite/dist/node/chunks/config.js:31657:12)
    at handlePlugins (/mnt/data/Developpement/adonisjs-foundry/node_modules/esbuild/lib/main.js:1141:21)
    at buildOrContextImpl (/mnt/data/Developpement/adonisjs-foundry/node_modules/esbuild/lib/main.js:854:5)
    at Object.buildOrContext (/mnt/data/Developpement/adonisjs-foundry/node_modules/esbuild/lib/main.js:680:5)
    at /mnt/data/Developpement/adonisjs-foundry/node_modules/esbuild/lib/main.js:2035:68
    at new Promise (<anonymous>)
    at Object.context (/mnt/data/Developpement/adonisjs-foundry/node_modules/esbuild/lib/main.js:2035:27)
    at Object.context (/mnt/data/Developpement/adonisjs-foundry/node_modules/esbuild/lib/main.js:1877:58)
    at prepareEsbuildScanner (file:///mnt/data/Developpement/adonisjs-foundry/node_modules/vite/dist/node/chunks/config.js:31454:23)

  The plugin "vite:dep-scan" was triggered by this import

    inertia/pages/auth/cms/index.tsx:18:21:
[37m      18 │ import { Icon } from [32m'~/components/atoms/icon'[37m
         ╵                      [32m~~~~~~~~~~~~~~~~~~~~~~~~~[0m


    at failureErrorWithLog (/mnt/data/Developpement/adonisjs-foundry/node_modules/esbuild/lib/main.js:1467:15)
    at /mnt/data/Developpement/adonisjs-foundry/node_modules/esbuild/lib/main.js:926:25
    at runOnEndCallbacks (/mnt/data/Developpement/adonisjs-foundry/node_modules/esbuild/lib/main.js:1307:45)
    at buildResponseToResult (/mnt/data/Developpement/adonisjs-foundry/node_modules/esbuild/lib/main.js:924:7)
    at /mnt/data/Developpement/adonisjs-foundry/node_modules/esbuild/lib/main.js:936:9
    at new Promise (<anonymous>)
    at requestCallbacks.on-end (/mnt/data/Developpement/adonisjs-foundry/node_modules/esbuild/lib/main.js:935:54)
    at handleRequest (/mnt/data/Developpement/adonisjs-foundry/node_modules/esbuild/lib/main.js:628:17)
    at handleIncomingPacket (/mnt/data/Developpement/adonisjs-foundry/node_modules/esbuild/lib/main.js:653:7)
    at Socket.readFromStdout (/mnt/data/Developpement/adonisjs-foundry/node_modules/esbuild/lib/main.js:581:7)
 ERRORS 

❯ PageService — sanitization wiring / create() strips <script> from rich_text before persisting

- Expected  - 1
+ Received  + 1

- false
+ true

[31mℹ AssertionError: script tag should be stripped: expected true to be false[39m

 ⁃ at Assert.isFalse [33m(node_modules/@japa/assert/build/index.js:125:19)[39m
 ⁃ at Object.executor [33m(tests/unit/services/page/page_service_sanitize.spec.ts:141:12)[39m

   [2m136[22m [2m┃[22m        [33m1[0m
   [2m137[22m [2m┃[22m      )
   [2m138[22m [2m┃[22m  
   [2m139[22m [2m┃[22m      [31mconst[0m persisted [34m=[0m [35mgetPersistedContent[0m(translationRepoStub[34m.[0mcreate)
   [2m140[22m [2m┃[22m      [31mconst[0m html [34m=[0m (persisted[34m.[0mblocks[[33m0[0m][34m.[0mprops [31mas[0m any)[34m.[0mcontent [31mas[0m string
 [41m❯ 141 ┃      assert.isFalse(html.includes('<script>'), 'script tag should be stripped')[49m
   [2m142[22m [2m┃[22m      assert[34m.[0m[35misFalse[0m(html[34m.[0m[35mincludes[0m([32m'alert'[0m)[34m,[0m [32m'alert call should be stripped'[0m)
   [2m143[22m [2m┃[22m      assert[34m.[0m[35misTrue[0m(html[34m.[0m[35mincludes[0m([32m'<p>Hello</p>'[0m)[34m,[0m [32m'safe content should be preserved'[0m)
   [2m144[22m [2m┃[22m    })
   [2m145[22m [2m┃[22m  
   [2m146[22m [2m┃[22m    [35mtest[0m([32m'create() sanitises rich_text nested inside a section'[0m[34m,[0m [31masync[0m ({ assert }) [31m=>[0m {

 ⁃ at async #wrapTestInTimeout [33m(node_modules/@japa/core/build/index.js:680:4)[39m
 ⁃ at async TestRunner.run [33m(node_modules/@japa/core/build/index.js:710:4)[39m
 ⁃ at async Test$1.exec [33m(node_modules/@japa/core/build/index.js:918:3)[39m
 ⁃ at async GroupRunner.run [33m(node_modules/@japa/core/build/index.js:259:4)[39m
 ⁃ at async Group$1.exec [33m(node_modules/@japa/core/build/index.js:354:3)[39m
 ⁃ at async SuiteRunner.run [33m(node_modules/@japa/core/build/index.js:1100:4)[39m
 ⁃ at async Suite$1.exec [33m(node_modules/@japa/core/build/index.js:1175:3)[39m
 ⁃ at async Runner$1.exec [33m(node_modules/@japa/core/build/index.js:427:4)[39m
[1/4]─

❯ PageService — sanitization wiring / create() sanitises rich_text nested inside a section

- Expected  - 1
+ Received  + 1

- false
+ true

[31mℹ AssertionError: expected true to be false[39m

 ⁃ at Assert.isFalse [33m(node_modules/@japa/assert/build/index.js:125:19)[39m
 ⁃ at Object.executor [33m(tests/unit/services/page/page_service_sanitize.spec.ts:161:12)[39m

   [2m156[22m [2m┃[22m        [33m1[0m
   [2m157[22m [2m┃[22m      )
   [2m158[22m [2m┃[22m  
   [2m159[22m [2m┃[22m      [31mconst[0m persisted [34m=[0m [35mgetPersistedContent[0m(translationRepoStub[34m.[0mcreate)
   [2m160[22m [2m┃[22m      [31mconst[0m nested [34m=[0m persisted[34m.[0mblocks[[33m0[0m][34m.[0mchildren[34m![0m[[33m0[0m][34m.[0mprops [31mas[0m any
 [41m❯ 161 ┃      assert.isFalse(nested.content.includes('<script>'))[49m
   [2m162[22m [2m┃[22m      assert[34m.[0m[35misTrue[0m(nested[34m.[0mcontent[34m.[0m[35mincludes[0m([32m'<p>Safe</p>'[0m))
   [2m163[22m [2m┃[22m    })
   [2m164[22m [2m┃[22m  
   [2m165[22m [2m┃[22m    [35mtest[0m([32m'create() uses empty blocks when no content provided'[0m[34m,[0m [31masync[0m ({ assert }) [31m=>[0m {
   [2m166[22m [2m┃[22m      [31mconst[0m page [34m=[0m [35mmakePage[0m([33m1[0m)

 ⁃ at async #wrapTestInTimeout [33m(node_modules/@japa/core/build/index.js:680:4)[39m
 ⁃ at async TestRunner.run [33m(node_modules/@japa/core/build/index.js:710:4)[39m
 ⁃ at async Test$1.exec [33m(node_modules/@japa/core/build/index.js:918:3)[39m
 ⁃ at async GroupRunner.run [33m(node_modules/@japa/core/build/index.js:259:4)[39m
 ⁃ at async Group$1.exec [33m(node_modules/@japa/core/build/index.js:354:3)[39m
 ⁃ at async SuiteRunner.run [33m(node_modules/@japa/core/build/index.js:1100:4)[39m
 ⁃ at async Suite$1.exec [33m(node_modules/@japa/core/build/index.js:1175:3)[39m
 ⁃ at async Runner$1.exec [33m(node_modules/@japa/core/build/index.js:427:4)[39m
[2/4]─

❯ PageService — sanitization wiring / update() strips <script> from rich_text before persisting

- Expected  - 1
+ Received  + 1

- false
+ true

[31mℹ AssertionError: expected true to be false[39m

 ⁃ at Assert.isFalse [33m(node_modules/@japa/assert/build/index.js:125:19)[39m
 ⁃ at Object.executor [33m(tests/unit/services/page/page_service_sanitize.spec.ts:190:12)[39m

   [2m185[22m [2m┃[22m  
   [2m186[22m [2m┃[22m      [31mawait[0m service[34m.[0m[35mupdate[0m([33m1[0m[34m,[0m [32m'en'[0m[34m,[0m { content[34m:[0m dirtyContent }[34m,[0m [33m1[0m)
   [2m187[22m [2m┃[22m  
   [2m188[22m [2m┃[22m      [31mconst[0m updateArgs [34m=[0m translationRepoStub[34m.[0mupdate[34m.[0mfirstCall[34m.[0margs[[33m1[0m]
   [2m189[22m [2m┃[22m      [31mconst[0m html [34m=[0m updateArgs[34m.[0mcontent[34m.[0mblocks[[33m0[0m][34m.[0mprops[34m.[0mcontent [31mas[0m string
 [41m❯ 190 ┃      assert.isFalse(html.includes('<script>'))[49m
   [2m191[22m [2m┃[22m      assert[34m.[0m[35misTrue[0m(html[34m.[0m[35mincludes[0m([32m'<p>Hello</p>'[0m))
   [2m192[22m [2m┃[22m    })
   [2m193[22m [2m┃[22m  
   [2m194[22m [2m┃[22m    [35mtest[0m([32m'update() does not include content key when not provided'[0m[34m,[0m [31masync[0m ({ assert }) [31m=>[0m {
   [2m195[22m [2m┃[22m      [31mconst[0m translation [34m=[0m [35mmakeTranslation[0m([33m1[0m)

 ⁃ at async #wrapTestInTimeout [33m(node_modules/@japa/core/build/index.js:680:4)[39m
 ⁃ at async TestRunner.run [33m(node_modules/@japa/core/build/index.js:710:4)[39m
 ⁃ at async Test$1.exec [33m(node_modules/@japa/core/build/index.js:918:3)[39m
 ⁃ at async GroupRunner.run [33m(node_modules/@japa/core/build/index.js:259:4)[39m
 ⁃ at async Group$1.exec [33m(node_modules/@japa/core/build/index.js:354:3)[39m
 ⁃ at async SuiteRunner.run [33m(node_modules/@japa/core/build/index.js:1100:4)[39m
 ⁃ at async Suite$1.exec [33m(node_modules/@japa/core/build/index.js:1175:3)[39m
 ⁃ at async Runner$1.exec [33m(node_modules/@japa/core/build/index.js:427:4)[39m
[3/4]─

❯ PageService — sanitization wiring / createTranslation() strips <script> from seeded content

- Expected  - 1
+ Received  + 1

- false
+ true

[31mℹ AssertionError: expected true to be false[39m

 ⁃ at Assert.isFalse [33m(node_modules/@japa/assert/build/index.js:125:19)[39m
 ⁃ at Object.executor [33m(tests/unit/services/page/page_service_sanitize.spec.ts:216:12)[39m

   [2m211[22m [2m┃[22m  
   [2m212[22m [2m┃[22m      [31mawait[0m service[34m.[0m[35mcreateTranslation[0m([33m1[0m[34m,[0m [32m'fr'[0m[34m,[0m { slug[34m:[0m [32m'ma-page'[0m[34m,[0m title[34m:[0m [32m'Ma Page'[0m }[34m,[0m [32m'en'[0m)
   [2m213[22m [2m┃[22m  
   [2m214[22m [2m┃[22m      [31mconst[0m persisted [34m=[0m [35mgetPersistedContent[0m(translationRepoStub[34m.[0mcreate)
   [2m215[22m [2m┃[22m      [31mconst[0m html [34m=[0m (persisted[34m.[0mblocks[[33m0[0m][34m.[0mprops [31mas[0m any)[34m.[0mcontent [31mas[0m string
 [41m❯ 216 ┃      assert.isFalse(html.includes('<script>'))[49m
   [2m217[22m [2m┃[22m      assert[34m.[0m[35misTrue[0m(html[34m.[0m[35mincludes[0m([32m'<p>Hello</p>'[0m))
   [2m218[22m [2m┃[22m    })
   [2m219[22m [2m┃[22m  
   [2m220[22m [2m┃[22m    [35mtest[0m([32m'createTranslation() persists empty blocks when no seed locale'[0m[34m,[0m [31masync[0m ({ assert }) [31m=>[0m {
   [2m221[22m [2m┃[22m      translationRepoStub[34m.[0mcreate[34m.[0m[35mresolves[0m([35mmakeTranslation[0m([33m2[0m))

 ⁃ at async #wrapTestInTimeout [33m(node_modules/@japa/core/build/index.js:680:4)[39m
 ⁃ at async TestRunner.run [33m(node_modules/@japa/core/build/index.js:710:4)[39m
 ⁃ at async Test$1.exec [33m(node_modules/@japa/core/build/index.js:918:3)[39m
 ⁃ at async GroupRunner.run [33m(node_modules/@japa/core/build/index.js:259:4)[39m
 ⁃ at async Group$1.exec [33m(node_modules/@japa/core/build/index.js:354:3)[39m
 ⁃ at async SuiteRunner.run [33m(node_modules/@japa/core/build/index.js:1100:4)[39m
 ⁃ at async Suite$1.exec [33m(node_modules/@japa/core/build/index.js:1175:3)[39m
 ⁃ at async Runner$1.exec [33m(node_modules/@japa/core/build/index.js:427:4)[39m
[4/4]─

 FAILED 

Tests  200 passed, 4 failed (204)
 Time  829ms
